ERROR in ./src/components/areas/private/features/payments/legacy/payments-table.js
Module build failed (from ./node_modules/babel-loader/lib/index.js):
SyntaxError: /Users/alexandremagno/projects/gitpay/frontend/src/components/areas/private/features/payments/legacy/payments-table.js: Unexpected token (262:2)

  260 |
  261 | export default injectIntl(withRouter(withStyles(styles)(CustomPaginationActionsTable)))
> 262 |   }
      |   ^
  263 | }
  264 |
  265 | CustomPaginationActionsTable.propTypes = {
    at constructor (/Users/alexandremagno/projects/gitpay/frontend/node_modules/@babel/parser/lib/index.js:363:19)
    at JSXParserMixin.raise (/Users/alexandremagno/projects/gitpay/frontend/node_modules/@babel/parser/lib/index.js:6609:19)
    at JSXParserMixin.unexpected (/Users/alexandremagno/projects/gitpay/frontend/node_modules/@babel/parser/lib/index.js:6629:16)
    at JSXParserMixin.parseExprAtom (/Users/alexandremagno/projects/gitpay/frontend/node_modules/@babel/parser/lib/index.js:11378:16)
    at JSXParserMixin.parseExprAtom (/Users/alexandremagno/projects/gitpay/frontend/node_modules/@babel/parser/lib/index.js:4776:20)
    at JSXParserMixin.parseExprSubscripts (/Users/alexandremagno/projects/gitpay/frontend/node_modules/@babel/parser/lib/index.js:11012:23)
    at JSXParserMixin.parseUpdate (/Users/alexandremagno/projects/gitpay/frontend/node_modules/@babel/parser/lib/index.js:10997:21)
    at JSXParserMixin.parseMaybeUnary (/Users/alexandremagno/projects/gitpay/frontend/node_modules/@babel/parser/lib/index.js:10977:23)
    at JSXParserMixin.parseMaybeUnaryOrPrivate (/Users/alexandremagno/projects/gitpay/frontend/node_modules/@babel/parser/lib/index.js:10830:61)
    at JSXParserMixin.parseExprOps (/Users/alexandremagno/projects/gitpay/frontend/node_modules/@babel/parser/lib/index.js:10835:23)
    at JSXParserMixin.parseMaybeConditional (/Users/alexandremagno/projects/gitpay/frontend/node_modules/@babel/parser/lib/index.js:10812:23)
    at JSXParserMixin.parseMaybeAssign (/Users/alexandremagno/projects/gitpay/frontend/node_modules/@babel/parser/lib/index.js:10765:21)
    at JSXParserMixin.parseExpressionBase (/Users/alexandremagno/projects/gitpay/frontend/node_modules/@babel/parser/lib/index.js:10718:23)
    at /Users/alexandremagno/projects/gitpay/frontend/node_modules/@babel/parser/lib/index.js:10714:39
    at JSXParserMixin.allowInAnd (/Users/alexandremagno/projects/gitpay/frontend/node_modules/@babel/parser/lib/index.js:12356:16)
    at JSXParserMixin.parseExpression (/Users/alexandremagno/projects/gitpay/frontend/node_modules/@babel/parser/lib/index.js:10714:17)
    at JSXParserMixin.parseStatementContent (/Users/alexandremagno/projects/gitpay/frontend/node_modules/@babel/parser/lib/index.js:12814:23)
    at JSXParserMixin.parseStatementLike (/Users/alexandremagno/projects/gitpay/frontend/node_modules/@babel/parser/lib/index.js:12685:17)
    at JSXParserMixin.parseModuleItem (/Users/alexandremagno/projects/gitpay/frontend/node_modules/@babel/parser/lib/index.js:12662:17)
    at JSXParserMixin.parseBlockOrModuleBlockBody (/Users/alexandremagno/projects/gitpay/frontend/node_modules/@babel/parser/lib/index.js:13235:36)
    at JSXParserMixin.parseBlockBody (/Users/alexandremagno/projects/gitpay/frontend/node_modules/@babel/parser/lib/index.js:13228:10)
    at JSXParserMixin.parseProgram (/Users/alexandremagno/projects/gitpay/frontend/node_modules/@babel/parser/lib/index.js:12541:10)
    at JSXParserMixin.parseTopLevel (/Users/alexandremagno/projects/gitpay/frontend/node_modules/@babel/parser/lib/index.js:12531:25)
    at JSXParserMixin.parse (/Users/alexandremagno/projects/gitpay/frontend/node_modules/@babel/parser/lib/index.js:14410:10)
    at parse (/Users/alexandremagno/projects/gitpay/frontend/node_modules/@babel/parser/lib/index.js:14444:38)
    at parser (/Users/alexandremagno/projects/gitpay/frontend/node_modules/@babel/core/lib/parser/index.js:41:34)
    at parser.next (<anonymous>)
    at normalizeFile (/Users/alexandremagno/projects/gitpay/frontend/node_modules/@babel/core/lib/transformation/normalize-file.js:64:37)
    at normalizeFile.next (<anonymous>)
    at run (/Users/alexandremagno/projects/gitpay/frontend/node_modules/@babel/core/lib/transformation/index.js:22:50)
    at run.next (<anonymous>)
    at transform (/Users/alexandremagno/projects/gitpay/frontend/node_modules/@babel/core/lib/transform.js:22:33)
    at transform.next (<anonymous>)
    at step (/Users/alexandremagno/projects/gitpay/frontend/node_modules/gensync/index.js:261:32)
    at /Users/alexandremagno/projects/gitpay/frontend/node_modules/gensync/index.js:273:13
    at async.call.result.err.err (/Users/alexandremagno/projects/gitpay/frontend/node_modules/gensync/index.js:223:11)
 @ ./src/components/areas/private/features/payments/legacy/payments.js 30:0-60 436:38-66
 @ ./src/containers/payments.js 2:0-85 60:60-68
 @ ./src/components/areas/private/pages/private-page.tsx 20:0-64 52:96-113
 @ ./src/containers/profile.js 2:0-73 82:60-71
 @ ./src/main/routes.js 7:0-53 46:15-31
 @ ./src/main/app.js 21:0-30 69:255-261
 @ ./src/index.js 3:0-29 4:49-52

ERROR in ./src/components/areas/public/features/organization/organization-list.js 9:0-38
Module not found: Error: Can't resolve '@mui/lab' in '/Users/alexandremagno/projects/gitpay/frontend/src/components/areas/public/features/organization'
 @ ./src/containers/organization-list.js 3:0-98 17:60-76
 @ ./src/components/areas/public/features/task/task-explorer.js 22:0-84 240:203-228
 @ ./src/containers/task-explorer.js 3:0-82 25:60-72
 @ ./src/main/routes.js 11:0-55 21:42-54 25:42-54 102:46-58
 @ ./src/main/app.js 21:0-30 69:255-261
 @ ./src/index.js 3:0-29 4:49-52

ERROR in ./src/components/areas/public/features/task/order/task-order-transfer.js
Module build failed (from ./node_modules/babel-loader/lib/index.js):
SyntaxError: /Users/alexandremagno/projects/gitpay/frontend/src/components/areas/public/features/task/order/task-order-transfer.js: Only one default export allowed per module. (98:0)

  96 |
  97 | export default TaskOrderTransfer
> 98 | export default TaskOrderTransfer
     | ^
  99 |
    at constructor (/Users/alexandremagno/projects/gitpay/frontend/node_modules/@babel/parser/lib/index.js:363:19)
    at JSXParserMixin.raise (/Users/alexandremagno/projects/gitpay/frontend/node_modules/@babel/parser/lib/index.js:6609:19)
    at JSXParserMixin.checkDuplicateExports (/Users/alexandremagno/projects/gitpay/frontend/node_modules/@babel/parser/lib/index.js:13992:14)
    at JSXParserMixin.checkExport (/Users/alexandremagno/projects/gitpay/frontend/node_modules/@babel/parser/lib/index.js:13922:14)
    at JSXParserMixin.parseExport (/Users/alexandremagno/projects/gitpay/frontend/node_modules/@babel/parser/lib/index.js:13750:12)
    at JSXParserMixin.parseStatementContent (/Users/alexandremagno/projects/gitpay/frontend/node_modules/@babel/parser/lib/index.js:12797:27)
    at JSXParserMixin.parseStatementLike (/Users/alexandremagno/projects/gitpay/frontend/node_modules/@babel/parser/lib/index.js:12685:17)
    at JSXParserMixin.parseModuleItem (/Users/alexandremagno/projects/gitpay/frontend/node_modules/@babel/parser/lib/index.js:12662:17)
    at JSXParserMixin.parseBlockOrModuleBlockBody (/Users/alexandremagno/projects/gitpay/frontend/node_modules/@babel/parser/lib/index.js:13235:36)
    at JSXParserMixin.parseBlockBody (/Users/alexandremagno/projects/gitpay/frontend/node_modules/@babel/parser/lib/index.js:13228:10)
    at JSXParserMixin.parseProgram (/Users/alexandremagno/projects/gitpay/frontend/node_modules/@babel/parser/lib/index.js:12541:10)
    at JSXParserMixin.parseTopLevel (/Users/alexandremagno/projects/gitpay/frontend/node_modules/@babel/parser/lib/index.js:12531:25)
    at JSXParserMixin.parse (/Users/alexandremagno/projects/gitpay/frontend/node_modules/@babel/parser/lib/index.js:14410:10)
    at parse (/Users/alexandremagno/projects/gitpay/frontend/node_modules/@babel/parser/lib/index.js:14444:38)
    at parser (/Users/alexandremagno/projects/gitpay/frontend/node_modules/@babel/core/lib/parser/index.js:41:34)
    at parser.next (<anonymous>)
    at normalizeFile (/Users/alexandremagno/projects/gitpay/frontend/node_modules/@babel/core/lib/transformation/normalize-file.js:64:37)
    at normalizeFile.next (<anonymous>)
    at run (/Users/alexandremagno/projects/gitpay/frontend/node_modules/@babel/core/lib/transformation/index.js:22:50)
    at run.next (<anonymous>)
    at transform (/Users/alexandremagno/projects/gitpay/frontend/node_modules/@babel/core/lib/transform.js:22:33)
    at transform.next (<anonymous>)
    at step (/Users/alexandremagno/projects/gitpay/frontend/node_modules/gensync/index.js:261:32)
    at /Users/alexandremagno/projects/gitpay/frontend/node_modules/gensync/index.js:273:13
    at async.call.result.err.err (/Users/alexandremagno/projects/gitpay/frontend/node_modules/gensync/index.js:223:11)
 @ ./src/components/areas/private/features/payments/legacy/payments.js 28:0-91 346:46-63
 @ ./src/containers/payments.js 2:0-85 60:60-68
 @ ./src/components/areas/private/pages/private-page.tsx 20:0-64 52:96-113
 @ ./src/containers/profile.js 2:0-73 82:60-71
 @ ./src/main/routes.js 7:0-53 46:15-31
 @ ./src/main/app.js 21:0-30 69:255-261
 @ ./src/index.js 3:0-29 4:49-52

ERROR in ./src/components/areas/public/features/task/task-table.js
Module build failed (from ./node_modules/babel-loader/lib/index.js):
SyntaxError: /Users/alexandremagno/projects/gitpay/frontend/src/components/areas/public/features/task/task-table.js: Unexpected token, expected "," (111:26)

  109 |   page: PropTypes.number.isRequired,
  110 |   rowsPerPage: PropTypes.number.isRequired,
> 111 |   theme: PropTypes.object isRequired,
      |                           ^
  112 | }
  113 |
  114 | const TablePaginationActionsWrapped = injectIntl(withStyles(actionsStyles, { withTheme: true })(
    at constructor (/Users/alexandremagno/projects/gitpay/frontend/node_modules/@babel/parser/lib/index.js:363:19)
    at JSXParserMixin.raise (/Users/alexandremagno/projects/gitpay/frontend/node_modules/@babel/parser/lib/index.js:6609:19)
    at JSXParserMixin.unexpected (/Users/alexandremagno/projects/gitpay/frontend/node_modules/@babel/parser/lib/index.js:6629:16)
    at JSXParserMixin.expect (/Users/alexandremagno/projects/gitpay/frontend/node_modules/@babel/parser/lib/index.js:6910:12)
    at JSXParserMixin.parseObjectLike (/Users/alexandremagno/projects/gitpay/frontend/node_modules/@babel/parser/lib/index.js:11755:14)
    at JSXParserMixin.parseExprAtom (/Users/alexandremagno/projects/gitpay/frontend/node_modules/@babel/parser/lib/index.js:11270:23)
    at JSXParserMixin.parseExprAtom (/Users/alexandremagno/projects/gitpay/frontend/node_modules/@babel/parser/lib/index.js:4776:20)
    at JSXParserMixin.parseExprSubscripts (/Users/alexandremagno/projects/gitpay/frontend/node_modules/@babel/parser/lib/index.js:11012:23)
    at JSXParserMixin.parseUpdate (/Users/alexandremagno/projects/gitpay/frontend/node_modules/@babel/parser/lib/index.js:10997:21)
    at JSXParserMixin.parseMaybeUnary (/Users/alexandremagno/projects/gitpay/frontend/node_modules/@babel/parser/lib/index.js:10977:23)
    at JSXParserMixin.parseMaybeUnaryOrPrivate (/Users/alexandremagno/projects/gitpay/frontend/node_modules/@babel/parser/lib/index.js:10830:61)
    at JSXParserMixin.parseExprOps (/Users/alexandremagno/projects/gitpay/frontend/node_modules/@babel/parser/lib/index.js:10835:23)
    at JSXParserMixin.parseMaybeConditional (/Users/alexandremagno/projects/gitpay/frontend/node_modules/@babel/parser/lib/index.js:10812:23)
    at JSXParserMixin.parseMaybeAssign (/Users/alexandremagno/projects/gitpay/frontend/node_modules/@babel/parser/lib/index.js:10765:21)
    at JSXParserMixin.parseMaybeAssign (/Users/alexandremagno/projects/gitpay/frontend/node_modules/@babel/parser/lib/index.js:10791:25)
    at JSXParserMixin.parseExpressionBase (/Users/alexandremagno/projects/gitpay/frontend/node_modules/@babel/parser/lib/index.js:10718:23)
    at /Users/alexandremagno/projects/gitpay/frontend/node_modules/@babel/parser/lib/index.js:10714:39
    at JSXParserMixin.allowInAnd (/Users/alexandremagno/projects/gitpay/frontend/node_modules/@babel/parser/lib/index.js:12356:16)
    at JSXParserMixin.parseExpression (/Users/alexandremagno/projects/gitpay/frontend/node_modules/@babel/parser/lib/index.js:10714:17)
    at JSXParserMixin.parseStatementContent (/Users/alexandremagno/projects/gitpay/frontend/node_modules/@babel/parser/lib/index.js:12814:23)
    at JSXParserMixin.parseStatementLike (/Users/alexandremagno/projects/gitpay/frontend/node_modules/@babel/parser/lib/index.js:12685:17)
    at JSXParserMixin.parseModuleItem (/Users/alexandremagno/projects/gitpay/frontend/node_modules/@babel/parser/lib/index.js:12662:17)
    at JSXParserMixin.parseBlockOrModuleBlockBody (/Users/alexandremagno/projects/gitpay/frontend/node_modules/@babel/parser/lib/index.js:13235:36)
    at JSXParserMixin.parseBlockBody (/Users/alexandremagno/projects/gitpay/frontend/node_modules/@babel/parser/lib/index.js:13228:10)
    at JSXParserMixin.parseProgram (/Users/alexandremagno/projects/gitpay/frontend/node_modules/@babel/parser/lib/index.js:12541:10)
    at JSXParserMixin.parseTopLevel (/Users/alexandremagno/projects/gitpay/frontend/node_modules/@babel/parser/lib/index.js:12531:25)
    at JSXParserMixin.parse (/Users/alexandremagno/projects/gitpay/frontend/node_modules/@babel/parser/lib/index.js:14410:10)
    at parse (/Users/alexandremagno/projects/gitpay/frontend/node_modules/@babel/parser/lib/index.js:14444:38)
    at parser (/Users/alexandremagno/projects/gitpay/frontend/node_modules/@babel/core/lib/parser/index.js:41:34)
    at parser.next (<anonymous>)
    at normalizeFile (/Users/alexandremagno/projects/gitpay/frontend/node_modules/@babel/core/lib/transformation/normalize-file.js:64:37)
    at normalizeFile.next (<anonymous>)
    at run (/Users/alexandremagno/projects/gitpay/frontend/node_modules/@babel/core/lib/transformation/index.js:22:50)
    at run.next (<anonymous>)
    at transform (/Users/alexandremagno/projects/gitpay/frontend/node_modules/@babel/core/lib/transform.js:22:33)
    at transform.next (<anonymous>)
    at step (/Users/alexandremagno/projects/gitpay/frontend/node_modules/gensync/index.js:261:32)
    at /Users/alexandremagno/projects/gitpay/frontend/node_modules/gensync/index.js:273:13
    at async.call.result.err.err (/Users/alexandremagno/projects/gitpay/frontend/node_modules/gensync/index.js:223:11)
 @ ./src/components/areas/public/features/task/task-list-user.js 23:0-56 148:93-121
 @ ./src/containers/task-list-user.js 2:0-83 31:60-72
 @ ./src/main/routes.js 17:0-56 191:15-27
 @ ./src/main/app.js 21:0-30 69:255-261
 @ ./src/index.js 3:0-29 4:49-52

ERROR in ./src/components/design-library/molecules/cards/project-card/project-list.js
Module build failed (from ./node_modules/babel-loader/lib/index.js):
SyntaxError: /Users/alexandremagno/projects/gitpay/frontend/src/components/design-library/molecules/cards/project-card/project-list.js: Unexpected token (114:0)

  112 |
  113 | export default ProjectList
> 114 | }
      | ^
  115 |
  116 | export default ProjectList
  117 |
    at constructor (/Users/alexandremagno/projects/gitpay/frontend/node_modules/@babel/parser/lib/index.js:363:19)
    at JSXParserMixin.raise (/Users/alexandremagno/projects/gitpay/frontend/node_modules/@babel/parser/lib/index.js:6609:19)
    at JSXParserMixin.unexpected (/Users/alexandremagno/projects/gitpay/frontend/node_modules/@babel/parser/lib/index.js:6629:16)
    at JSXParserMixin.parseExprAtom (/Users/alexandremagno/projects/gitpay/frontend/node_modules/@babel/parser/lib/index.js:11378:16)
    at JSXParserMixin.parseExprAtom (/Users/alexandremagno/projects/gitpay/frontend/node_modules/@babel/parser/lib/index.js:4776:20)
    at JSXParserMixin.parseExprSubscripts (/Users/alexandremagno/projects/gitpay/frontend/node_modules/@babel/parser/lib/index.js:11012:23)
    at JSXParserMixin.parseUpdate (/Users/alexandremagno/projects/gitpay/frontend/node_modules/@babel/parser/lib/index.js:10997:21)
    at JSXParserMixin.parseMaybeUnary (/Users/alexandremagno/projects/gitpay/frontend/node_modules/@babel/parser/lib/index.js:10977:23)
    at JSXParserMixin.parseMaybeUnaryOrPrivate (/Users/alexandremagno/projects/gitpay/frontend/node_modules/@babel/parser/lib/index.js:10830:61)
    at JSXParserMixin.parseExprOps (/Users/alexandremagno/projects/gitpay/frontend/node_modules/@babel/parser/lib/index.js:10835:23)
    at JSXParserMixin.parseMaybeConditional (/Users/alexandremagno/projects/gitpay/frontend/node_modules/@babel/parser/lib/index.js:10812:23)
    at JSXParserMixin.parseMaybeAssign (/Users/alexandremagno/projects/gitpay/frontend/node_modules/@babel/parser/lib/index.js:10765:21)
    at JSXParserMixin.parseExpressionBase (/Users/alexandremagno/projects/gitpay/frontend/node_modules/@babel/parser/lib/index.js:10718:23)
    at /Users/alexandremagno/projects/gitpay/frontend/node_modules/@babel/parser/lib/index.js:10714:39
    at JSXParserMixin.allowInAnd (/Users/alexandremagno/projects/gitpay/frontend/node_modules/@babel/parser/lib/index.js:12356:16)
    at JSXParserMixin.parseExpression (/Users/alexandremagno/projects/gitpay/frontend/node_modules/@babel/parser/lib/index.js:10714:17)
    at JSXParserMixin.parseStatementContent (/Users/alexandremagno/projects/gitpay/frontend/node_modules/@babel/parser/lib/index.js:12814:23)
    at JSXParserMixin.parseStatementLike (/Users/alexandremagno/projects/gitpay/frontend/node_modules/@babel/parser/lib/index.js:12685:17)
    at JSXParserMixin.parseModuleItem (/Users/alexandremagno/projects/gitpay/frontend/node_modules/@babel/parser/lib/index.js:12662:17)
    at JSXParserMixin.parseBlockOrModuleBlockBody (/Users/alexandremagno/projects/gitpay/frontend/node_modules/@babel/parser/lib/index.js:13235:36)
    at JSXParserMixin.parseBlockBody (/Users/alexandremagno/projects/gitpay/frontend/node_modules/@babel/parser/lib/index.js:13228:10)
    at JSXParserMixin.parseProgram (/Users/alexandremagno/projects/gitpay/frontend/node_modules/@babel/parser/lib/index.js:12541:10)
    at JSXParserMixin.parseTopLevel (/Users/alexandremagno/projects/gitpay/frontend/node_modules/@babel/parser/lib/index.js:12531:25)
    at JSXParserMixin.parse (/Users/alexandremagno/projects/gitpay/frontend/node_modules/@babel/parser/lib/index.js:14410:10)
    at parse (/Users/alexandremagno/projects/gitpay/frontend/node_modules/@babel/parser/lib/index.js:14444:38)
    at parser (/Users/alexandremagno/projects/gitpay/frontend/node_modules/@babel/core/lib/parser/index.js:41:34)
    at parser.next (<anonymous>)
    at normalizeFile (/Users/alexandremagno/projects/gitpay/frontend/node_modules/@babel/core/lib/transformation/normalize-file.js:64:37)
    at normalizeFile.next (<anonymous>)
    at run (/Users/alexandremagno/projects/gitpay/frontend/node_modules/@babel/core/lib/transformation/index.js:22:50)
    at run.next (<anonymous>)
    at transform (/Users/alexandremagno/projects/gitpay/frontend/node_modules/@babel/core/lib/transform.js:22:33)
    at transform.next (<anonymous>)
    at step (/Users/alexandremagno/projects/gitpay/frontend/node_modules/gensync/index.js:261:32)
    at /Users/alexandremagno/projects/gitpay/frontend/node_modules/gensync/index.js:273:13
    at async.call.result.err.err (/Users/alexandremagno/projects/gitpay/frontend/node_modules/gensync/index.js:223:11)
 @ ./src/containers/project-list.js 3:0-97 41:60-71
 @ ./src/components/areas/public/features/task/task-explorer.js 21:0-74 240:120-140
 @ ./src/containers/task-explorer.js 3:0-82 25:60-72
 @ ./src/main/routes.js 11:0-55 21:42-54 25:42-54 102:46-58
 @ ./src/main/app.js 21:0-30 69:255-261
 @ ./src/index.js 3:0-29 4:49-52

ERROR in ./src/components/areas/private/features/dashboard/profile-options.tsx 6:0-45
Module not found: Error: Can't resolve '@mui/lab' in '/Users/alexandremagno/projects/gitpay/frontend/src/components/areas/private/features/dashboard'
 @ ./src/components/areas/private/pages/private-page.tsx 15:0-67 43:52-66
 @ ./src/containers/profile.js 2:0-73 82:60-71
 @ ./src/main/routes.js 7:0-53 46:15-31
 @ ./src/main/app.js 21:0-30 69:255-261
 @ ./src/index.js 3:0-29 4:49-52

ERROR in ./src/components/design-library/molecules/cards/balance-card/balance-card.tsx 66:0
Module parse failed: Unexpected token (66:0)
File was processed with these loaders:
 * ./node_modules/ts-loader/index.js
You may need an additional loader to handle the result of these loaders.
| }
| Button >
> ;
| CardActions >
| ;
 @ ./src/components/areas/public/features/task/payment/methods/wallet/payment-method-wallet-tab.tsx 41:0-83 103:279-290
 @ ./src/components/areas/public/features/task/task-payment-form.js 23:0-88 208:54-76
 @ ./src/components/areas/public/features/task/task.js 41:0-50 1057:80-95
 @ ./src/containers/task.js 2:0-65 137:60-64
 @ ./src/main/routes.js 9:0-47 139:15-28 143:15-28 147:15-28 151:15-28 155:15-28 159:15-28 163:15-28 167:15-28 171:15-28 175:15-28 179:15-28
 @ ./src/main/app.js 21:0-30 69:255-261
 @ ./src/index.js 3:0-29 4:49-52

ERROR in ./src/components/design-library/molecules/dialogs/country-picker-dialog/country-picker-dialog.tsx 175:7
Module parse failed: Duplicate export 'default' (175:7)
File was processed with these loaders:
 * ./node_modules/ts-loader/index.js
You may need an additional loader to handle the result of these loaders.
| ;
| ;
> export default CountryPicker;
|
 @ ./src/components/design-library/pages/private/settings-pages/payout-settings-bank-account/payout-settings-bank-account.tsx 3:0-102 40:28-41
 @ ./src/components/areas/private/features/payout-settings/pages/payout-settings-bank-account-page.tsx 14:0-142 25:28-53
 @ ./src/containers/account/payout-settings/payouts-settings-bank-account.ts 5:0-132 30:60-78
 @ ./src/components/areas/private/features/payout-settings/pages/payout-settings-page.tsx 5:0-132 15:107-141
 @ ./src/components/areas/private/pages/private-page.tsx 26:0-84 83:90-104
 @ ./src/containers/profile.js 2:0-73 82:60-71
 @ ./src/main/routes.js 7:0-53 46:15-31
 @ ./src/main/app.js 21:0-30 69:255-261
 @ ./src/index.js 3:0-29 4:49-52

ERROR in ./src/components/design-library/molecules/lists/issue-labels-list/issue-labels-list.tsx 24:7
Module parse failed: Duplicate export 'default' (24:7)
File was processed with these loaders:
 * ./node_modules/ts-loader/index.js
You may need an additional loader to handle the result of these loaders.
| };
| export default IssueLabelsList;
> export default IssueLabelsList;
|
 @ ./src/components/design-library/molecules/headers/issue-header/issue-header.tsx 49:0-96 158:32-42
 @ ./src/components/design-library/organisms/layouts/issue-content/issue-content.tsx 8:0-79 33:28-39
 @ ./src/components/areas/public/features/task/task.js 48:0-88 1047:42-54
 @ ./src/containers/task.js 2:0-65 137:60-64
 @ ./src/main/routes.js 9:0-47 139:15-28 143:15-28 147:15-28 151:15-28 155:15-28 159:15-28 163:15-28 167:15-28 171:15-28 175:15-28 179:15-28
 @ ./src/main/app.js 21:0-30 69:255-261
 @ ./src/index.js 3:0-29 4:49-52

ERROR in /Users/alexandremagno/projects/gitpay/frontend/src/components/areas/private/components/session/login-button.tsx
./src/components/areas/private/components/session/login-button.tsx 9:2-12
[tsl] ERROR in /Users/alexandremagno/projects/gitpay/frontend/src/components/areas/private/components/session/login-button.tsx(9,3)
      TS2724: '"@mui/material"' has no exported member named 'WithStyles'. Did you mean 'withStyles'?
 @ ./src/components/areas/public/features/task/task.js 40:0-75 1099:42-53
 @ ./src/containers/task.js 2:0-65 137:60-64
 @ ./src/main/routes.js 9:0-47 139:15-28 143:15-28 147:15-28 151:15-28 155:15-28 159:15-28 163:15-28 167:15-28 171:15-28 175:15-28 179:15-28
 @ ./src/main/app.js 21:0-30 69:255-261
 @ ./src/index.js 3:0-29 4:49-52

ERROR in /Users/alexandremagno/projects/gitpay/frontend/src/components/areas/private/components/session/login-button.tsx
./src/components/areas/private/components/session/login-button.tsx 64:12-19
[tsl] ERROR in /Users/alexandremagno/projects/gitpay/frontend/src/components/areas/private/components/session/login-button.tsx(64,13)
      TS2339: Property 'classes' does not exist on type 'Readonly<LoginButtonProps>'.
 @ ./src/components/areas/public/features/task/task.js 40:0-75 1099:42-53
 @ ./src/containers/task.js 2:0-65 137:60-64
 @ ./src/main/routes.js 9:0-47 139:15-28 143:15-28 147:15-28 151:15-28 155:15-28 159:15-28 163:15-28 167:15-28 171:15-28 175:15-28 179:15-28
 @ ./src/main/app.js 21:0-30 69:255-261
 @ ./src/index.js 3:0-29 4:49-52

ERROR in /Users/alexandremagno/projects/gitpay/frontend/src/components/areas/private/components/session/login-button.tsx
./src/components/areas/private/components/session/login-button.tsx 105:26-44
[tsl] ERROR in /Users/alexandremagno/projects/gitpay/frontend/src/components/areas/private/components/session/login-button.tsx(105,27)
      TS2349: This expression is not callable.
  Type 'never' has no call signatures.
 @ ./src/components/areas/public/features/task/task.js 40:0-75 1099:42-53
 @ ./src/containers/task.js 2:0-65 137:60-64
 @ ./src/main/routes.js 9:0-47 139:15-28 143:15-28 147:15-28 151:15-28 155:15-28 159:15-28 163:15-28 167:15-28 171:15-28 175:15-28 179:15-28
 @ ./src/main/app.js 21:0-30 69:255-261
 @ ./src/index.js 3:0-29 4:49-52

ERROR in /Users/alexandremagno/projects/gitpay/frontend/src/components/areas/private/features/account/components/account-tab-main.tsx
./src/components/areas/private/features/account/components/account-tab-main.tsx 208:15-33
[tsl] ERROR in /Users/alexandremagno/projects/gitpay/frontend/src/components/areas/private/features/account/components/account-tab-main.tsx(208,16)
      TS2349: This expression is not callable.
  Type 'never' has no call signatures.
 @ ./src/components/areas/private/features/account/components/account-tabs.tsx 9:0-48 71:151-165
 @ ./src/components/areas/private/features/account/user-account.tsx 4:0-52 13:36-47
 @ ./src/components/areas/private/pages/private-page.tsx 16:0-63 46:52-63
 @ ./src/containers/profile.js 2:0-73 82:60-71
 @ ./src/main/routes.js 7:0-53 46:15-31
 @ ./src/main/app.js 21:0-30 69:255-261
 @ ./src/index.js 3:0-29 4:49-52

ERROR in /Users/alexandremagno/projects/gitpay/frontend/src/components/areas/private/features/account/features/account-bank-details/bank-account.tsx
15:25-57:2
[tsl] ERROR in /Users/alexandremagno/projects/gitpay/frontend/src/components/areas/private/features/account/features/account-bank-details/bank-account.tsx(15,26)
      TS2769: No overload matches this call.
  Overload 1 of 6, '(component: ComponentClass<{}, any>, options?: StyledOptions<MUIStyledCommonProps<Theme>> & MuiStyledOptions): CreateStyledComponent<...>', gave the following error.
    Argument of type '(theme: Theme) => { card: { width: string; marginBottom: number; padding: number; }; cardEmpty: { textAlign: string; marginBottom: number; }; cardEmptyActions: { display: string; justifyContent: string; paddingTop: number; paddingBottom: number; }; ... 6 more ...; formControl: { ...; }; }' is not assignable to parameter of type 'ComponentClass<{}, any>'.
      Type '(theme: Theme) => { card: { width: string; marginBottom: number; padding: number; }; cardEmpty: { textAlign: string; marginBottom: number; }; cardEmptyActions: { display: string; justifyContent: string; paddingTop: number; paddingBottom: number; }; ... 6 more ...; formControl: { ...; }; }' provides no match for the signature 'new (props: {}, deprecatedLegacyContext?: any): Component<{}, any, any>'.
  Overload 2 of 6, '(component: JSXElementConstructor<{}>, options?: StyledOptions<MUIStyledCommonProps<Theme>> & MuiStyledOptions): CreateStyledComponent<...>', gave the following error.
    Argument of type '(theme: Theme) => { card: { width: string; marginBottom: number; padding: number; }; cardEmpty: { textAlign: string; marginBottom: number; }; cardEmptyActions: { display: string; justifyContent: string; paddingTop: number; paddingBottom: number; }; ... 6 more ...; formControl: { ...; }; }' is not assignable to parameter of type 'JSXElementConstructor<{}>'.
      Type '(theme: Theme) => { card: { width: string; marginBottom: number; padding: number; }; cardEmpty: { textAlign: string; marginBottom: number; }; cardEmptyActions: { display: string; justifyContent: string; paddingTop: number; paddingBottom: number; }; ... 6 more ...; formControl: { ...; }; }' is not assignable to type '(props: {}, deprecatedLegacyContext?: any) => ReactNode'.
        Type '{ card: { width: string; marginBottom: number; padding: number; }; cardEmpty: { textAlign: string; marginBottom: number; }; cardEmptyActions: { display: string; justifyContent: string; paddingTop: number; paddingBottom: number; }; ... 6 more ...; formControl: { ...; }; }' is not assignable to type 'ReactNode'.
  Overload 3 of 6, '(tag: keyof IntrinsicElements, options?: StyledOptions<MUIStyledCommonProps<Theme>> & MuiStyledOptions): CreateStyledComponent<...>', gave the following error.
    Argument of type '(theme: Theme) => { card: { width: string; marginBottom: number; padding: number; }; cardEmpty: { textAlign: string; marginBottom: number; }; cardEmptyActions: { display: string; justifyContent: string; paddingTop: number; paddingBottom: number; }; ... 6 more ...; formControl: { ...; }; }' is not assignable to parameter of type 'keyof IntrinsicElements'.

ERROR in /Users/alexandremagno/projects/gitpay/frontend/src/components/areas/private/features/account/features/account-bank-details/bank-account.tsx
248:43-47
[tsl] ERROR in /Users/alexandremagno/projects/gitpay/frontend/src/components/areas/private/features/account/features/account-bank-details/bank-account.tsx(248,44)
      TS2339: Property 'card' does not exist on type 'StyledComponent<Pick<{}, never> & MUIStyledCommonProps<Theme>, {}, { ref?: Ref<Component<{}, any, any>>; }>'.

ERROR in /Users/alexandremagno/projects/gitpay/frontend/src/components/areas/private/features/account/features/account-bank-details/bank-account.tsx
287:49-60
[tsl] ERROR in /Users/alexandremagno/projects/gitpay/frontend/src/components/areas/private/features/account/features/account-bank-details/bank-account.tsx(287,50)
      TS2339: Property 'formControl' does not exist on type 'StyledComponent<Pick<{}, never> & MUIStyledCommonProps<Theme>, {}, { ref?: Ref<Component<{}, any, any>>; }>'.

ERROR in /Users/alexandremagno/projects/gitpay/frontend/src/components/areas/private/features/account/features/account-bank-details/bank-account.tsx
543:43-52
[tsl] ERROR in /Users/alexandremagno/projects/gitpay/frontend/src/components/areas/private/features/account/features/account-bank-details/bank-account.tsx(543,44)
      TS2339: Property 'cardEmpty' does not exist on type 'StyledComponent<Pick<{}, never> & MUIStyledCommonProps<Theme>, {}, { ref?: Ref<Component<{}, any, any>>; }>'.

ERROR in /Users/alexandremagno/projects/gitpay/frontend/src/components/areas/private/features/account/features/account-bank-details/bank-account.tsx
545:53-58
[tsl] ERROR in /Users/alexandremagno/projects/gitpay/frontend/src/components/areas/private/features/account/features/account-bank-details/bank-account.tsx(545,54)
      TS2339: Property 'title' does not exist on type 'StyledComponent<Pick<{}, never> & MUIStyledCommonProps<Theme>, {}, { ref?: Ref<Component<{}, any, any>>; }>'.

ERROR in /Users/alexandremagno/projects/gitpay/frontend/src/components/areas/private/features/account/features/account-bank-details/bank-account.tsx
556:47-51
[tsl] ERROR in /Users/alexandremagno/projects/gitpay/frontend/src/components/areas/private/features/account/features/account-bank-details/bank-account.tsx(556,48)
      TS2339: Property 'chip' does not exist on type 'StyledComponent<Pick<{}, never> & MUIStyledCommonProps<Theme>, {}, { ref?: Ref<Component<{}, any, any>>; }>'.

ERROR in /Users/alexandremagno/projects/gitpay/frontend/src/components/areas/private/features/account/features/account-bank-details/bank-account.tsx
561:52-71
[tsl] ERROR in /Users/alexandremagno/projects/gitpay/frontend/src/components/areas/private/features/account/features/account-bank-details/bank-account.tsx(561,53)
      TS2339: Property 'cardEmptyActionsAlt' does not exist on type 'StyledComponent<Pick<{}, never> & MUIStyledCommonProps<Theme>, {}, { ref?: Ref<Component<{}, any, any>>; }>'.

ERROR in /Users/alexandremagno/projects/gitpay/frontend/src/components/areas/private/features/account/features/account-bank-details/bank-account.tsx
573:52-68
[tsl] ERROR in /Users/alexandremagno/projects/gitpay/frontend/src/components/areas/private/features/account/features/account-bank-details/bank-account.tsx(573,53)
      TS2339: Property 'cardEmptyActions' does not exist on type 'StyledComponent<Pick<{}, never> & MUIStyledCommonProps<Theme>, {}, { ref?: Ref<Component<{}, any, any>>; }>'.

ERROR in /Users/alexandremagno/projects/gitpay/frontend/src/components/areas/private/features/account/features/account-customer/account-customer.tsx
./src/components/areas/private/features/account/features/account-customer/account-customer.tsx 18:18-28
[tsl] ERROR in /Users/alexandremagno/projects/gitpay/frontend/src/components/areas/private/features/account/features/account-customer/account-customer.tsx(18,19)
      TS2304: Cannot find name 'makeStyles'.
 @ ./src/containers/customer-details.js 2:0-118 29:60-75
 @ ./src/components/areas/private/features/account/components/account-tabs.tsx 5:0-76 72:113-128
 @ ./src/components/areas/private/features/account/user-account.tsx 4:0-52 13:36-47
 @ ./src/components/areas/private/pages/private-page.tsx 16:0-63 46:52-63
 @ ./src/containers/profile.js 2:0-73 82:60-71
 @ ./src/main/routes.js 7:0-53 46:15-31
 @ ./src/main/app.js 21:0-30 69:255-261
 @ ./src/index.js 3:0-29 4:49-52

ERROR in /Users/alexandremagno/projects/gitpay/frontend/src/components/areas/private/features/account/features/account-details/account-details.tsx
472:14-16
[tsl] ERROR in /Users/alexandremagno/projects/gitpay/frontend/src/components/areas/private/features/account/features/account-details/account-details.tsx(472,15)
      TS1128: Declaration or statement expected.

ERROR in /Users/alexandremagno/projects/gitpay/frontend/src/components/areas/private/features/account/features/account-details/account-details.tsx
473:12-14
[tsl] ERROR in /Users/alexandremagno/projects/gitpay/frontend/src/components/areas/private/features/account/features/account-details/account-details.tsx(473,13)
      TS1109: Expression expected.

ERROR in /Users/alexandremagno/projects/gitpay/frontend/src/components/areas/private/features/account/features/account-details/account-details.tsx
474:10-12
[tsl] ERROR in /Users/alexandremagno/projects/gitpay/frontend/src/components/areas/private/features/account/features/account-details/account-details.tsx(474,11)
      TS1109: Expression expected.

ERROR in /Users/alexandremagno/projects/gitpay/frontend/src/components/areas/private/features/account/features/account-details/account-details.tsx
475:8-10
[tsl] ERROR in /Users/alexandremagno/projects/gitpay/frontend/src/components/areas/private/features/account/features/account-details/account-details.tsx(475,9)
      TS1109: Expression expected.

ERROR in /Users/alexandremagno/projects/gitpay/frontend/src/components/areas/private/features/account/features/account-details/account-details.tsx
475:15-16
[tsl] ERROR in /Users/alexandremagno/projects/gitpay/frontend/src/components/areas/private/features/account/features/account-details/account-details.tsx(475,16)
      TS1109: Expression expected.

ERROR in /Users/alexandremagno/projects/gitpay/frontend/src/components/areas/private/features/account/features/account-details/account-details.tsx
475:16-17
[tsl] ERROR in /Users/alexandremagno/projects/gitpay/frontend/src/components/areas/private/features/account/features/account-details/account-details.tsx(475,17)
      TS1128: Declaration or statement expected.

ERROR in /Users/alexandremagno/projects/gitpay/frontend/src/components/areas/private/features/account/features/account-details/account-details.tsx
476:4-6
[tsl] ERROR in /Users/alexandremagno/projects/gitpay/frontend/src/components/areas/private/features/account/features/account-details/account-details.tsx(476,5)
      TS1128: Declaration or statement expected.

ERROR in /Users/alexandremagno/projects/gitpay/frontend/src/components/areas/private/features/account/features/account-details/account-details.tsx
477:2-3
[tsl] ERROR in /Users/alexandremagno/projects/gitpay/frontend/src/components/areas/private/features/account/features/account-details/account-details.tsx(477,3)
      TS1109: Expression expected.

ERROR in /Users/alexandremagno/projects/gitpay/frontend/src/components/areas/private/features/account/features/account-details/account-details.tsx
478:0-1
[tsl] ERROR in /Users/alexandremagno/projects/gitpay/frontend/src/components/areas/private/features/account/features/account-details/account-details.tsx(478,1)
      TS1128: Declaration or statement expected.

ERROR in /Users/alexandremagno/projects/gitpay/frontend/src/components/areas/private/features/account/features/account-details/account-details.tsx
471:0-49
[tsl] ERROR in /Users/alexandremagno/projects/gitpay/frontend/src/components/areas/private/features/account/features/account-details/account-details.tsx(471,1)
      TS2528: A module cannot have multiple default exports.

ERROR in /Users/alexandremagno/projects/gitpay/frontend/src/components/areas/private/features/account/features/account-details/account-details.tsx
471:15-33
[tsl] ERROR in /Users/alexandremagno/projects/gitpay/frontend/src/components/areas/private/features/account/features/account-details/account-details.tsx(471,16)
      TS2349: This expression is not callable.
  Type 'never' has no call signatures.

ERROR in /Users/alexandremagno/projects/gitpay/frontend/src/components/areas/private/features/account/features/account-details/account-details.tsx
472:16-19
[tsl] ERROR in /Users/alexandremagno/projects/gitpay/frontend/src/components/areas/private/features/account/features/account-details/account-details.tsx(472,17)
      TS2304: Cannot find name 'div'.

ERROR in /Users/alexandremagno/projects/gitpay/frontend/src/components/areas/private/features/account/features/account-details/account-details.tsx
474:12-16
[tsl] ERROR in /Users/alexandremagno/projects/gitpay/frontend/src/components/areas/private/features/account/features/account-details/account-details.tsx(474,13)
      TS2304: Cannot find name 'form'.

ERROR in /Users/alexandremagno/projects/gitpay/frontend/src/components/areas/private/features/account/features/account-details/account-details.tsx
480:0-49
[tsl] ERROR in /Users/alexandremagno/projects/gitpay/frontend/src/components/areas/private/features/account/features/account-details/account-details.tsx(480,1)
      TS2528: A module cannot have multiple default exports.

ERROR in /Users/alexandremagno/projects/gitpay/frontend/src/components/areas/private/features/account/features/account-details/account-details.tsx
480:15-33
[tsl] ERROR in /Users/alexandremagno/projects/gitpay/frontend/src/components/areas/private/features/account/features/account-details/account-details.tsx(480,16)
      TS2349: This expression is not callable.
  Type 'never' has no call signatures.

ERROR in /Users/alexandremagno/projects/gitpay/frontend/src/components/areas/private/features/account/features/account-settings/preferences.tsx
./src/components/areas/private/features/account/features/account-settings/preferences.tsx 137:15-33
[tsl] ERROR in /Users/alexandremagno/projects/gitpay/frontend/src/components/areas/private/features/account/features/account-settings/preferences.tsx(137,16)
      TS2349: This expression is not callable.
  Type 'never' has no call signatures.
 @ ./src/components/areas/private/features/account/components/account-tabs.tsx 8:0-67 74:158-169
 @ ./src/components/areas/private/features/account/user-account.tsx 4:0-52 13:36-47
 @ ./src/components/areas/private/pages/private-page.tsx 16:0-63 46:52-63
 @ ./src/containers/profile.js 2:0-73 82:60-71
 @ ./src/main/routes.js 7:0-53 46:15-31
 @ ./src/main/app.js 21:0-30 69:255-261
 @ ./src/index.js 3:0-29 4:49-52

ERROR in /Users/alexandremagno/projects/gitpay/frontend/src/components/areas/private/features/account/features/account-skills/skill.tsx
./src/components/areas/private/features/account/features/account-skills/skill.tsx 37:15-33
[tsl] ERROR in /Users/alexandremagno/projects/gitpay/frontend/src/components/areas/private/features/account/features/account-skills/skill.tsx(37,16)
      TS2349: This expression is not callable.
  Type 'never' has no call signatures.
 @ ./src/components/areas/private/features/account/features/account-settings/preferences.tsx 49:0-44 101:89-94
 @ ./src/components/areas/private/features/account/components/account-tabs.tsx 8:0-67 74:158-169
 @ ./src/components/areas/private/features/account/user-account.tsx 4:0-52 13:36-47
 @ ./src/components/areas/private/pages/private-page.tsx 16:0-63 46:52-63
 @ ./src/containers/profile.js 2:0-73 82:60-71
 @ ./src/main/routes.js 7:0-53 46:15-31
 @ ./src/main/app.js 21:0-30 69:255-261
 @ ./src/index.js 3:0-29 4:49-52

ERROR in /Users/alexandremagno/projects/gitpay/frontend/src/components/areas/private/features/dashboard/profile-options.tsx
./src/components/areas/private/features/dashboard/profile-options.tsx 14:34-44
[tsl] ERROR in /Users/alexandremagno/projects/gitpay/frontend/src/components/areas/private/features/dashboard/profile-options.tsx(14,35)
      TS2307: Cannot find module '@mui/lab' or its corresponding type declarations.
 @ ./src/components/areas/private/pages/private-page.tsx 15:0-67 43:52-66
 @ ./src/containers/profile.js 2:0-73 82:60-71
 @ ./src/main/routes.js 7:0-53 46:15-31
 @ ./src/main/app.js 21:0-30 69:255-261
 @ ./src/index.js 3:0-29 4:49-52

ERROR in /Users/alexandremagno/projects/gitpay/frontend/src/components/areas/private/features/dashboard/profile-options.tsx
./src/components/areas/private/features/dashboard/profile-options.tsx 51:15-22
[tsl] ERROR in /Users/alexandremagno/projects/gitpay/frontend/src/components/areas/private/features/dashboard/profile-options.tsx(51,16)
      TS2339: Property 'spacing' does not exist on type 'DefaultTheme'.
 @ ./src/components/areas/private/pages/private-page.tsx 15:0-67 43:52-66
 @ ./src/containers/profile.js 2:0-73 82:60-71
 @ ./src/main/routes.js 7:0-53 46:15-31
 @ ./src/main/app.js 21:0-30 69:255-261
 @ ./src/index.js 3:0-29 4:49-52

ERROR in /Users/alexandremagno/projects/gitpay/frontend/src/components/areas/private/features/explore/user-explore-tasks.tsx
./src/components/areas/private/features/explore/user-explore-tasks.tsx 114:16-27
[tsl] ERROR in /Users/alexandremagno/projects/gitpay/frontend/src/components/areas/private/features/explore/user-explore-tasks.tsx(114,17)
      TS2322: Type '{ filterTasks: any; baseUrl: string; }' is not assignable to type 'IntrinsicAttributes & { baseUrl?: string; context?: Context<ReactReduxContextValue<any, AnyAction>>; store?: any; }'.
  Property 'filterTasks' does not exist on type 'IntrinsicAttributes & { baseUrl?: string; context?: Context<ReactReduxContextValue<any, AnyAction>>; store?: any; }'.
 @ ./src/containers/user-tasks-explore.js 2:0-95 30:60-76
 @ ./src/components/areas/private/pages/private-page.tsx 17:0-82 48:95-120 49:103-128
 @ ./src/containers/profile.js 2:0-73 82:60-71
 @ ./src/main/routes.js 7:0-53 46:15-31
 @ ./src/main/app.js 21:0-30 69:255-261
 @ ./src/index.js 3:0-29 4:49-52

ERROR in /Users/alexandremagno/projects/gitpay/frontend/src/components/areas/private/features/explore/user-explore-tasks.tsx
./src/components/areas/private/features/explore/user-explore-tasks.tsx 126:15-33
[tsl] ERROR in /Users/alexandremagno/projects/gitpay/frontend/src/components/areas/private/features/explore/user-explore-tasks.tsx(126,16)
      TS2349: This expression is not callable.
  Type 'never' has no call signatures.
 @ ./src/containers/user-tasks-explore.js 2:0-95 30:60-76
 @ ./src/components/areas/private/pages/private-page.tsx 17:0-82 48:95-120 49:103-128
 @ ./src/containers/profile.js 2:0-73 82:60-71
 @ ./src/main/routes.js 7:0-53 46:15-31
 @ ./src/main/app.js 21:0-30 69:255-261
 @ ./src/index.js 3:0-29 4:49-52

ERROR in /Users/alexandremagno/projects/gitpay/frontend/src/components/areas/private/features/payment-requests/payment-requests.tsx
./src/components/areas/private/features/payment-requests/payment-requests.tsx 17:18-28
[tsl] ERROR in /Users/alexandremagno/projects/gitpay/frontend/src/components/areas/private/features/payment-requests/payment-requests.tsx(17,19)
      TS2304: Cannot find name 'makeStyles'.
 @ ./src/containers/payment-requests.js 2:0-100 22:60-74
 @ ./src/components/areas/private/pages/private-page.tsx 21:0-78 53:104-127
 @ ./src/containers/profile.js 2:0-73 82:60-71
 @ ./src/main/routes.js 7:0-53 46:15-31
 @ ./src/main/app.js 21:0-30 69:255-261
 @ ./src/index.js 3:0-29 4:49-52

ERROR in /Users/alexandremagno/projects/gitpay/frontend/src/components/areas/private/features/payments/payments.tsx
11:18-28
[tsl] ERROR in /Users/alexandremagno/projects/gitpay/frontend/src/components/areas/private/features/payments/payments.tsx(11,19)
      TS2304: Cannot find name 'makeStyles'.

ERROR in /Users/alexandremagno/projects/gitpay/frontend/src/components/areas/private/features/payments/legacy/payments-table.js
./src/components/areas/private/features/payments/legacy/payments-table.js 262:2-3
[tsl] ERROR in /Users/alexandremagno/projects/gitpay/frontend/src/components/areas/private/features/payments/legacy/payments-table.js(262,3)
      TS1128: Declaration or statement expected.
 @ ./src/components/areas/private/features/payments/legacy/payments.js 30:0-60 436:38-66
 @ ./src/containers/payments.js 2:0-85 60:60-68
 @ ./src/components/areas/private/pages/private-page.tsx 20:0-64 52:96-113
 @ ./src/containers/profile.js 2:0-73 82:60-71
 @ ./src/main/routes.js 7:0-53 46:15-31
 @ ./src/main/app.js 21:0-30 69:255-261
 @ ./src/index.js 3:0-29 4:49-52

ERROR in /Users/alexandremagno/projects/gitpay/frontend/src/components/areas/private/features/payments/legacy/payments-table.js
./src/components/areas/private/features/payments/legacy/payments-table.js 263:0-1
[tsl] ERROR in /Users/alexandremagno/projects/gitpay/frontend/src/components/areas/private/features/payments/legacy/payments-table.js(263,1)
      TS1128: Declaration or statement expected.
 @ ./src/components/areas/private/features/payments/legacy/payments.js 30:0-60 436:38-66
 @ ./src/containers/payments.js 2:0-85 60:60-68
 @ ./src/components/areas/private/pages/private-page.tsx 20:0-64 52:96-113
 @ ./src/containers/profile.js 2:0-73 82:60-71
 @ ./src/main/routes.js 7:0-53 46:15-31
 @ ./src/main/app.js 21:0-30 69:255-261
 @ ./src/index.js 3:0-29 4:49-52

ERROR in /Users/alexandremagno/projects/gitpay/frontend/src/components/areas/private/features/payments/legacy/payments-table.js
./src/components/areas/private/features/payments/legacy/payments-table.js 261:0-87
[tsl] ERROR in /Users/alexandremagno/projects/gitpay/frontend/src/components/areas/private/features/payments/legacy/payments-table.js(261,1)
      TS2528: A module cannot have multiple default exports.
 @ ./src/components/areas/private/features/payments/legacy/payments.js 30:0-60 436:38-66
 @ ./src/containers/payments.js 2:0-85 60:60-68
 @ ./src/components/areas/private/pages/private-page.tsx 20:0-64 52:96-113
 @ ./src/containers/profile.js 2:0-73 82:60-71
 @ ./src/main/routes.js 7:0-53 46:15-31
 @ ./src/main/app.js 21:0-30 69:255-261
 @ ./src/index.js 3:0-29 4:49-52

ERROR in /Users/alexandremagno/projects/gitpay/frontend/src/components/areas/private/features/payments/legacy/payments-table.js
./src/components/areas/private/features/payments/legacy/payments-table.js 271:0-87
[tsl] ERROR in /Users/alexandremagno/projects/gitpay/frontend/src/components/areas/private/features/payments/legacy/payments-table.js(271,1)
      TS2528: A module cannot have multiple default exports.
 @ ./src/components/areas/private/features/payments/legacy/payments.js 30:0-60 436:38-66
 @ ./src/containers/payments.js 2:0-85 60:60-68
 @ ./src/components/areas/private/pages/private-page.tsx 20:0-64 52:96-113
 @ ./src/containers/profile.js 2:0-73 82:60-71
 @ ./src/main/routes.js 7:0-53 46:15-31
 @ ./src/main/app.js 21:0-30 69:255-261
 @ ./src/index.js 3:0-29 4:49-52

ERROR in /Users/alexandremagno/projects/gitpay/frontend/src/components/areas/private/features/payouts/legacy/payout-table.js
273:0-87
[tsl] ERROR in /Users/alexandremagno/projects/gitpay/frontend/src/components/areas/private/features/payouts/legacy/payout-table.js(273,1)
      TS2528: A module cannot have multiple default exports.

ERROR in /Users/alexandremagno/projects/gitpay/frontend/src/components/areas/private/features/payouts/legacy/payout-table.js
274:0-87
[tsl] ERROR in /Users/alexandremagno/projects/gitpay/frontend/src/components/areas/private/features/payouts/legacy/payout-table.js(274,1)
      TS2528: A module cannot have multiple default exports.

ERROR in /Users/alexandremagno/projects/gitpay/frontend/src/components/areas/private/features/projects/project-page.tsx
361:10-23
[tsl] ERROR in /Users/alexandremagno/projects/gitpay/frontend/src/components/areas/private/features/projects/project-page.tsx(361,11)
      TS2769: No overload matches this call.
  Overload 1 of 2, '(props: { component: ElementType<any, keyof IntrinsicElements>; } & TabsOwnProps & CommonProps & Omit<any, "children" | ... 22 more ... | "visibleScrollbar">): Element', gave the following error.
    Type '"on"' is not assignable to type 'boolean | "auto"'.
  Overload 2 of 2, '(props: DefaultComponentProps<TabsTypeMap<{}, "div">>): Element', gave the following error.
    Type '"on"' is not assignable to type 'boolean | "auto"'.

ERROR in /Users/alexandremagno/projects/gitpay/frontend/src/components/areas/private/features/projects/project-page.tsx
400:0-55
[tsl] ERROR in /Users/alexandremagno/projects/gitpay/frontend/src/components/areas/private/features/projects/project-page.tsx(400,1)
      TS2528: A module cannot have multiple default exports.

ERROR in /Users/alexandremagno/projects/gitpay/frontend/src/components/areas/private/features/projects/project-page.tsx
400:26-44
[tsl] ERROR in /Users/alexandremagno/projects/gitpay/frontend/src/components/areas/private/features/projects/project-page.tsx(400,27)
      TS2349: This expression is not callable.
  Type 'never' has no call signatures.

ERROR in /Users/alexandremagno/projects/gitpay/frontend/src/components/areas/private/features/projects/project-page.tsx
401:0-55
[tsl] ERROR in /Users/alexandremagno/projects/gitpay/frontend/src/components/areas/private/features/projects/project-page.tsx(401,1)
      TS2528: A module cannot have multiple default exports.

ERROR in /Users/alexandremagno/projects/gitpay/frontend/src/components/areas/private/features/projects/project-page.tsx
401:26-44
[tsl] ERROR in /Users/alexandremagno/projects/gitpay/frontend/src/components/areas/private/features/projects/project-page.tsx(401,27)
      TS2349: This expression is not callable.
  Type 'never' has no call signatures.

ERROR in /Users/alexandremagno/projects/gitpay/frontend/src/components/areas/private/features/roles/user-roles.tsx
./src/components/areas/private/features/roles/user-roles.tsx 22:18-28
[tsl] ERROR in /Users/alexandremagno/projects/gitpay/frontend/src/components/areas/private/features/roles/user-roles.tsx(22,19)
      TS2304: Cannot find name 'makeStyles'.
 @ ./src/containers/user-roles.js 2:0-74 35:60-65
 @ ./src/components/areas/private/features/account/components/account-tabs.tsx 6:0-64 73:157-166
 @ ./src/components/areas/private/features/account/user-account.tsx 4:0-52 13:36-47
 @ ./src/components/areas/private/pages/private-page.tsx 16:0-63 46:52-63
 @ ./src/containers/profile.js 2:0-73 82:60-71
 @ ./src/main/routes.js 7:0-53 46:15-31
 @ ./src/main/app.js 21:0-30 69:255-261
 @ ./src/index.js 3:0-29 4:49-52

ERROR in /Users/alexandremagno/projects/gitpay/frontend/src/components/areas/private/features/roles/user-roles.tsx
./src/components/areas/private/features/roles/user-roles.tsx 231:9-13
[tsl] ERROR in /Users/alexandremagno/projects/gitpay/frontend/src/components/areas/private/features/roles/user-roles.tsx(231,10)
      TS2769: No overload matches this call.
  Overload 1 of 2, '(props: { component: ElementType<any, keyof IntrinsicElements>; } & GridBaseProps & { sx?: SxProps<Theme>; } & SystemProps<Theme> & Omit<...>): Element', gave the following error.
    Property 'component' is missing in type '{ children: Element; key: number; item: true; size: { xs: number; md: number; }; spacing: number; className: any; }' but required in type '{ component: ElementType<any, keyof IntrinsicElements>; }'.
  Overload 2 of 2, '(props: DefaultComponentProps<GridTypeMap<{}, "div">>): Element', gave the following error.
    Type '{ children: Element; key: number; item: true; size: { xs: number; md: number; }; spacing: number; className: any; }' is not assignable to type 'IntrinsicAttributes & GridBaseProps & { sx?: SxProps<Theme>; } & SystemProps<Theme> & Omit<Omit<DetailedHTMLProps<HTMLAttributes<HTMLDivElement>, HTMLDivElement>, "ref"> & { ...; }, "sx" | ... 1 more ... | keyof GridBaseProps>'.
      Property 'item' does not exist on type 'IntrinsicAttributes & GridBaseProps & { sx?: SxProps<Theme>; } & SystemProps<Theme> & Omit<Omit<DetailedHTMLProps<HTMLAttributes<HTMLDivElement>, HTMLDivElement>, "ref"> & { ...; }, "sx" | ... 1 more ... | keyof GridBaseProps>'.
 @ ./src/containers/user-roles.js 2:0-74 35:60-65
 @ ./src/components/areas/private/features/account/components/account-tabs.tsx 6:0-64 73:157-166
 @ ./src/components/areas/private/features/account/user-account.tsx 4:0-52 13:36-47
 @ ./src/components/areas/private/pages/private-page.tsx 16:0-63 46:52-63
 @ ./src/containers/profile.js 2:0-73 82:60-71
 @ ./src/main/routes.js 7:0-53 46:15-31
 @ ./src/main/app.js 21:0-30 69:255-261
 @ ./src/index.js 3:0-29 4:49-52

ERROR in /Users/alexandremagno/projects/gitpay/frontend/src/components/areas/private/features/roles/user-roles.tsx
./src/components/areas/private/features/roles/user-roles.tsx 270:15-19
[tsl] ERROR in /Users/alexandremagno/projects/gitpay/frontend/src/components/areas/private/features/roles/user-roles.tsx(270,16)
      TS2769: No overload matches this call.
  Overload 1 of 2, '(props: { component: ElementType<any, keyof IntrinsicElements>; } & GridBaseProps & { sx?: SxProps<Theme>; } & SystemProps<Theme> & Omit<...>): Element', gave the following error.
    Property 'component' is missing in type '{ children: Element; key: any; item: true; size: { xs: number; md: number; }; spacing: number; className: any; }' but required in type '{ component: ElementType<any, keyof IntrinsicElements>; }'.
  Overload 2 of 2, '(props: DefaultComponentProps<GridTypeMap<{}, "div">>): Element', gave the following error.
    Type '{ children: Element; key: any; item: true; size: { xs: number; md: number; }; spacing: number; className: any; }' is not assignable to type 'IntrinsicAttributes & GridBaseProps & { sx?: SxProps<Theme>; } & SystemProps<Theme> & Omit<Omit<DetailedHTMLProps<HTMLAttributes<HTMLDivElement>, HTMLDivElement>, "ref"> & { ...; }, "sx" | ... 1 more ... | keyof GridBaseProps>'.
      Property 'item' does not exist on type 'IntrinsicAttributes & GridBaseProps & { sx?: SxProps<Theme>; } & SystemProps<Theme> & Omit<Omit<DetailedHTMLProps<HTMLAttributes<HTMLDivElement>, HTMLDivElement>, "ref"> & { ...; }, "sx" | ... 1 more ... | keyof GridBaseProps>'.
 @ ./src/containers/user-roles.js 2:0-74 35:60-65
 @ ./src/components/areas/private/features/account/components/account-tabs.tsx 6:0-64 73:157-166
 @ ./src/components/areas/private/features/account/user-account.tsx 4:0-52 13:36-47
 @ ./src/components/areas/private/pages/private-page.tsx 16:0-63 46:52-63
 @ ./src/containers/profile.js 2:0-73 82:60-71
 @ ./src/main/routes.js 7:0-53 46:15-31
 @ ./src/main/app.js 21:0-30 69:255-261
 @ ./src/index.js 3:0-29 4:49-52

ERROR in /Users/alexandremagno/projects/gitpay/frontend/src/components/areas/private/features/transfers/transfer-detail.tsx
6:18-34
[tsl] ERROR in /Users/alexandremagno/projects/gitpay/frontend/src/components/areas/private/features/transfers/transfer-detail.tsx(6,19)
      TS2307: Cannot find module '@mui/lab/Alert' or its corresponding type declarations.

ERROR in /Users/alexandremagno/projects/gitpay/frontend/src/components/areas/private/features/wallets/wallet-form.tsx
./src/components/areas/private/features/wallets/wallet-form.tsx 79:15-33
[tsl] ERROR in /Users/alexandremagno/projects/gitpay/frontend/src/components/areas/private/features/wallets/wallet-form.tsx(79,16)
      TS2349: This expression is not callable.
  Type 'never' has no call signatures.
 @ ./src/components/areas/private/features/wallets/wallets.tsx 58:0-39 196:111-121
 @ ./src/containers/wallets.js 2:0-75 42:60-67
 @ ./src/components/areas/private/pages/private-page.tsx 22:0-62 54:95-111
 @ ./src/containers/profile.js 2:0-73 82:60-71
 @ ./src/main/routes.js 7:0-53 46:15-31
 @ ./src/main/app.js 21:0-30 69:255-261
 @ ./src/index.js 3:0-29 4:49-52

ERROR in /Users/alexandremagno/projects/gitpay/frontend/src/components/areas/private/features/wallets/wallets-table.tsx
./src/components/areas/private/features/wallets/wallets-table.tsx 130:38-84
[tsl] ERROR in /Users/alexandremagno/projects/gitpay/frontend/src/components/areas/private/features/wallets/wallets-table.tsx(130,39)
      TS2349: This expression is not callable.
  Type 'never' has no call signatures.
 @ ./src/components/areas/private/features/wallets/wallets.tsx 55:0-59 208:36-64
 @ ./src/containers/wallets.js 2:0-75 42:60-67
 @ ./src/components/areas/private/pages/private-page.tsx 22:0-62 54:95-111
 @ ./src/containers/profile.js 2:0-73 82:60-71
 @ ./src/main/routes.js 7:0-53 46:15-31
 @ ./src/main/app.js 21:0-30 69:255-261
 @ ./src/index.js 3:0-29 4:49-52

ERROR in /Users/alexandremagno/projects/gitpay/frontend/src/components/areas/private/features/wallets/wallets-table.tsx
./src/components/areas/private/features/wallets/wallets-table.tsx 234:15-33
[tsl] ERROR in /Users/alexandremagno/projects/gitpay/frontend/src/components/areas/private/features/wallets/wallets-table.tsx(234,16)
      TS2349: This expression is not callable.
  Type 'never' has no call signatures.
 @ ./src/components/areas/private/features/wallets/wallets.tsx 55:0-59 208:36-64
 @ ./src/containers/wallets.js 2:0-75 42:60-67
 @ ./src/components/areas/private/pages/private-page.tsx 22:0-62 54:95-111
 @ ./src/containers/profile.js 2:0-73 82:60-71
 @ ./src/main/routes.js 7:0-53 46:15-31
 @ ./src/main/app.js 21:0-30 69:255-261
 @ ./src/index.js 3:0-29 4:49-52

ERROR in /Users/alexandremagno/projects/gitpay/frontend/src/components/areas/private/features/wallets/wallets.tsx
./src/components/areas/private/features/wallets/wallets.tsx 148:18-25
[tsl] ERROR in /Users/alexandremagno/projects/gitpay/frontend/src/components/areas/private/features/wallets/wallets.tsx(148,19)
      TS2769: No overload matches this call.
  Overload 1 of 2, '(props: { component: ElementType<any, keyof IntrinsicElements>; } & SkeletonOwnProps & CommonProps & Omit<any, "children" | ... 7 more ... | "variant">): Element', gave the following error.
    Type '"rect"' is not assignable to type 'OverridableStringUnion<"text" | "rectangular" | "rounded" | "circular", SkeletonPropsVariantOverrides>'.
  Overload 2 of 2, '(props: DefaultComponentProps<SkeletonTypeMap<{}, "span">>): Element', gave the following error.
    Type '"rect"' is not assignable to type 'OverridableStringUnion<"text" | "rectangular" | "rounded" | "circular", SkeletonPropsVariantOverrides>'.
 @ ./src/containers/wallets.js 2:0-75 42:60-67
 @ ./src/components/areas/private/pages/private-page.tsx 22:0-62 54:95-111
 @ ./src/containers/profile.js 2:0-73 82:60-71
 @ ./src/main/routes.js 7:0-53 46:15-31
 @ ./src/main/app.js 21:0-30 69:255-261
 @ ./src/index.js 3:0-29 4:49-52

ERROR in /Users/alexandremagno/projects/gitpay/frontend/src/components/areas/private/features/wallets/wallets.tsx
./src/components/areas/private/features/wallets/wallets.tsx 230:15-33
[tsl] ERROR in /Users/alexandremagno/projects/gitpay/frontend/src/components/areas/private/features/wallets/wallets.tsx(230,16)
      TS2349: This expression is not callable.
  Type 'never' has no call signatures.
 @ ./src/containers/wallets.js 2:0-75 42:60-67
 @ ./src/components/areas/private/pages/private-page.tsx 22:0-62 54:95-111
 @ ./src/containers/profile.js 2:0-73 82:60-71
 @ ./src/main/routes.js 7:0-53 46:15-31
 @ ./src/main/app.js 21:0-30 69:255-261
 @ ./src/index.js 3:0-29 4:49-52

ERROR in /Users/alexandremagno/projects/gitpay/frontend/src/components/areas/public/features/task/task-filters.tsx
./src/components/areas/public/features/task/task-filters.tsx 9:18-28
[tsl] ERROR in /Users/alexandremagno/projects/gitpay/frontend/src/components/areas/public/features/task/task-filters.tsx(9,19)
      TS2304: Cannot find name 'makeStyles'.
 @ ./src/containers/task-filter.js 4:0-80 14:60-71
 @ ./src/components/areas/public/features/task/task-explorer.js 23:0-73 237:105-125
 @ ./src/containers/task-explorer.js 3:0-82 25:60-72
 @ ./src/main/routes.js 11:0-55 21:42-54 25:42-54 102:46-58
 @ ./src/main/app.js 21:0-30 69:255-261
 @ ./src/index.js 3:0-29 4:49-52

ERROR in /Users/alexandremagno/projects/gitpay/frontend/src/components/areas/public/features/task/task-filters.tsx
./src/components/areas/public/features/task/task-filters.tsx 108:12-20
[tsl] ERROR in /Users/alexandremagno/projects/gitpay/frontend/src/components/areas/public/features/task/task-filters.tsx(108,13)
      TS2322: Type '(event: React.ChangeEvent<{ value: unknown; }>) => void' is not assignable to type '(event: ChangeEvent<HTMLInputElement> | (Event & { target: { value: unknown; name: string; }; }), child: ReactNode) => void'.
  Types of parameters 'event' and 'event' are incompatible.
    Type 'ChangeEvent<HTMLInputElement> | (Event & { target: { value: unknown; name: string; }; })' is not assignable to type 'ChangeEvent<{ value: unknown; }>'.
      Type 'Event & { target: { value: unknown; name: string; }; }' is missing the following properties from type 'ChangeEvent<{ value: unknown; }>': nativeEvent, isDefaultPrevented, isPropagationStopped, persist
 @ ./src/containers/task-filter.js 4:0-80 14:60-71
 @ ./src/components/areas/public/features/task/task-explorer.js 23:0-73 237:105-125
 @ ./src/containers/task-explorer.js 3:0-82 25:60-72
 @ ./src/main/routes.js 11:0-55 21:42-54 25:42-54 102:46-58
 @ ./src/main/app.js 21:0-30 69:255-261
 @ ./src/index.js 3:0-29 4:49-52

ERROR in /Users/alexandremagno/projects/gitpay/frontend/src/components/areas/public/features/task/task-list.tsx
./src/components/areas/public/features/task/task-list.tsx 367:10-23
[tsl] ERROR in /Users/alexandremagno/projects/gitpay/frontend/src/components/areas/public/features/task/task-list.tsx(367,11)
      TS2769: No overload matches this call.
  Overload 1 of 2, '(props: { component: ElementType<any, keyof IntrinsicElements>; } & TabsOwnProps & CommonProps & Omit<any, "children" | ... 22 more ... | "visibleScrollbar">): Element', gave the following error.
    Type '"on"' is not assignable to type 'boolean | "auto"'.
  Overload 2 of 2, '(props: DefaultComponentProps<TabsTypeMap<{}, "div">>): Element', gave the following error.
    Type '"on"' is not assignable to type 'boolean | "auto"'.
 @ ./src/containers/task-list.js 3:0-74 46:60-68
 @ ./src/components/areas/public/features/task/task-explorer.js 20:0-68 240:39-56
 @ ./src/containers/task-explorer.js 3:0-82 25:60-72
 @ ./src/main/routes.js 11:0-55 21:42-54 25:42-54 102:46-58
 @ ./src/main/app.js 21:0-30 69:255-261
 @ ./src/index.js 3:0-29 4:49-52

ERROR in /Users/alexandremagno/projects/gitpay/frontend/src/components/areas/public/features/task/task-list.tsx
./src/components/areas/public/features/task/task-list.tsx 406:26-44
[tsl] ERROR in /Users/alexandremagno/projects/gitpay/frontend/src/components/areas/public/features/task/task-list.tsx(406,27)
      TS2349: This expression is not callable.
  Type 'never' has no call signatures.
 @ ./src/containers/task-list.js 3:0-74 46:60-68
 @ ./src/components/areas/public/features/task/task-explorer.js 20:0-68 240:39-56
 @ ./src/containers/task-explorer.js 3:0-82 25:60-72
 @ ./src/main/routes.js 11:0-55 21:42-54 25:42-54 102:46-58
 @ ./src/main/app.js 21:0-30 69:255-261
 @ ./src/index.js 3:0-29 4:49-52

ERROR in /Users/alexandremagno/projects/gitpay/frontend/src/components/areas/public/features/task/task-table.js
./src/components/areas/public/features/task/task-table.js 111:26-36
[tsl] ERROR in /Users/alexandremagno/projects/gitpay/frontend/src/components/areas/public/features/task/task-table.js(111,27)
      TS1005: ',' expected.
 @ ./src/components/areas/public/features/task/task-list-user.js 23:0-56 148:93-121
 @ ./src/containers/task-list-user.js 2:0-83 31:60-72
 @ ./src/main/routes.js 17:0-56 191:15-27
 @ ./src/main/app.js 21:0-30 69:255-261
 @ ./src/index.js 3:0-29 4:49-52

ERROR in /Users/alexandremagno/projects/gitpay/frontend/src/components/areas/public/features/task/offers/task-offer-drawer.tsx
./src/components/areas/public/features/task/offers/task-offer-drawer.tsx 44:18-27
[tsl] ERROR in /Users/alexandremagno/projects/gitpay/frontend/src/components/areas/public/features/task/offers/task-offer-drawer.tsx(44,19)
      TS2349: This expression is not callable.
  Type 'never' has no call signatures.
 @ ./src/components/areas/public/features/task/task.js 44:0-57 1283:43-58
 @ ./src/containers/task.js 2:0-65 137:60-64
 @ ./src/main/routes.js 9:0-47 139:15-28 143:15-28 147:15-28 151:15-28 155:15-28 159:15-28 163:15-28 167:15-28 171:15-28 175:15-28 179:15-28
 @ ./src/main/app.js 21:0-30 69:255-261
 @ ./src/index.js 3:0-29 4:49-52

ERROR in /Users/alexandremagno/projects/gitpay/frontend/src/components/areas/public/features/task/order/task-order-transfer.js
./src/components/areas/public/features/task/order/task-order-transfer.js 97:15-32
[tsl] ERROR in /Users/alexandremagno/projects/gitpay/frontend/src/components/areas/public/features/task/order/task-order-transfer.js(97,16)
      TS2528: A module cannot have multiple default exports.
 @ ./src/components/areas/private/features/payments/legacy/payments.js 28:0-91 346:46-63
 @ ./src/containers/payments.js 2:0-85 60:60-68
 @ ./src/components/areas/private/pages/private-page.tsx 20:0-64 52:96-113
 @ ./src/containers/profile.js 2:0-73 82:60-71
 @ ./src/main/routes.js 7:0-53 46:15-31
 @ ./src/main/app.js 21:0-30 69:255-261
 @ ./src/index.js 3:0-29 4:49-52

ERROR in /Users/alexandremagno/projects/gitpay/frontend/src/components/areas/public/features/task/order/task-order-transfer.js
./src/components/areas/public/features/task/order/task-order-transfer.js 98:15-32
[tsl] ERROR in /Users/alexandremagno/projects/gitpay/frontend/src/components/areas/public/features/task/order/task-order-transfer.js(98,16)
      TS2528: A module cannot have multiple default exports.
 @ ./src/components/areas/private/features/payments/legacy/payments.js 28:0-91 346:46-63
 @ ./src/containers/payments.js 2:0-85 60:60-68
 @ ./src/components/areas/private/pages/private-page.tsx 20:0-64 52:96-113
 @ ./src/containers/profile.js 2:0-73 82:60-71
 @ ./src/main/routes.js 7:0-53 46:15-31
 @ ./src/main/app.js 21:0-30 69:255-261
 @ ./src/index.js 3:0-29 4:49-52

ERROR in /Users/alexandremagno/projects/gitpay/frontend/src/components/areas/public/features/task/payment/methods/invoice/payment-method-invoice-tab.tsx
./src/components/areas/public/features/task/payment/methods/invoice/payment-method-invoice-tab.tsx 64:115-122
[tsl] ERROR in /Users/alexandremagno/projects/gitpay/frontend/src/components/areas/public/features/task/payment/methods/invoice/payment-method-invoice-tab.tsx(64,116)
      TS2322: Type '{ referrer: any; includeForm: true; classes: { gutterLeft: string; }; }' is not assignable to type 'IntrinsicAttributes & (IntrinsicClassAttributes<Component<Pick<LoginButtonProps, "onClose" | "size" | "mode" | "user" | "referrer" | "contrast" | "includeForm" | "hideExtra" | "noCancelButton"> | (Pick<...> & { ...; }), any, any>> & Readonly<...>)'.
  Property 'classes' does not exist on type 'IntrinsicAttributes & (IntrinsicClassAttributes<Component<Pick<LoginButtonProps, "onClose" | "size" | "mode" | "user" | "referrer" | "contrast" | "includeForm" | "hideExtra" | "noCancelButton"> | (Pick<...> & { ...; }), any, any>> & Readonly<...>)'.
 @ ./src/components/areas/public/features/task/task-payment-form.js 22:0-91 179:54-77
 @ ./src/components/areas/public/features/task/task.js 41:0-50 1057:80-95
 @ ./src/containers/task.js 2:0-65 137:60-64
 @ ./src/main/routes.js 9:0-47 139:15-28 143:15-28 147:15-28 151:15-28 155:15-28 159:15-28 163:15-28 167:15-28 171:15-28 175:15-28 179:15-28
 @ ./src/main/app.js 21:0-30 69:255-261
 @ ./src/index.js 3:0-29 4:49-52

ERROR in /Users/alexandremagno/projects/gitpay/frontend/src/components/areas/public/features/task/payment/methods/wallet/payment-method-wallet-tab.tsx
./src/components/areas/public/features/task/payment/methods/wallet/payment-method-wallet-tab.tsx 94:27-37
[tsl] ERROR in /Users/alexandremagno/projects/gitpay/frontend/src/components/areas/public/features/task/payment/methods/wallet/payment-method-wallet-tab.tsx(94,28)
      TS2339: Property 'btnPayment' does not exist on type 'StyledComponent<Theme & MUIStyledCommonProps<Theme>, {}, {}>'.
 @ ./src/components/areas/public/features/task/task-payment-form.js 23:0-88 208:54-76
 @ ./src/components/areas/public/features/task/task.js 41:0-50 1057:80-95
 @ ./src/containers/task.js 2:0-65 137:60-64
 @ ./src/main/routes.js 9:0-47 139:15-28 143:15-28 147:15-28 151:15-28 155:15-28 159:15-28 163:15-28 167:15-28 171:15-28 175:15-28 179:15-28
 @ ./src/main/app.js 21:0-30 69:255-261
 @ ./src/index.js 3:0-29 4:49-52

ERROR in /Users/alexandremagno/projects/gitpay/frontend/src/components/areas/public/features/task/payment/plans/task-payment-plans.tsx
5:27-59
[tsl] ERROR in /Users/alexandremagno/projects/gitpay/frontend/src/components/areas/public/features/task/payment/plans/task-payment-plans.tsx(5,28)
      TS2307: Cannot find module '@mui/icons-material/Motorcycle' or its corresponding type declarations.

ERROR in /Users/alexandremagno/projects/gitpay/frontend/src/components/areas/public/features/welcome/components/BottomSectionDialog.tsx
./src/components/areas/public/features/welcome/components/BottomSectionDialog.tsx 29:14-20
[tsl] ERROR in /Users/alexandremagno/projects/gitpay/frontend/src/components/areas/public/features/welcome/components/BottomSectionDialog.tsx(29,15)
      TS2769: No overload matches this call.
  Overload 1 of 2, '(props: { component: "a"; } & ListItemOwnProps & CommonProps & Omit<Omit<DetailedHTMLProps<AnchorHTMLAttributes<HTMLAnchorElement>, HTMLAnchorElement>, "ref"> & { ...; }, "children" | ... 15 more ... | "secondaryAction">): Element', gave the following error.
    Type '{ children: Element[]; button: true; component: "a"; }' is not assignable to type 'IntrinsicAttributes & { component: "a"; } & ListItemOwnProps & CommonProps & Omit<Omit<DetailedHTMLProps<AnchorHTMLAttributes<HTMLAnchorElement>, HTMLAnchorElement>, "ref"> & { ...; }, "children" | ... 15 more ... | "secondaryAction">'.
      Property 'button' does not exist on type 'IntrinsicAttributes & { component: "a"; } & ListItemOwnProps & CommonProps & Omit<Omit<DetailedHTMLProps<AnchorHTMLAttributes<HTMLAnchorElement>, HTMLAnchorElement>, "ref"> & { ...; }, "children" | ... 15 more ... | "secondaryAction">'.
  Overload 2 of 2, '(props: DefaultComponentProps<ListItemTypeMap<{}, "li">>): Element', gave the following error.
    Type '{ children: Element[]; button: true; component: string; }' is not assignable to type 'IntrinsicAttributes & ListItemOwnProps & CommonProps & Omit<Omit<DetailedHTMLProps<LiHTMLAttributes<HTMLLIElement>, HTMLLIElement>, "ref"> & { ...; }, "children" | ... 15 more ... | "secondaryAction">'.
      Property 'button' does not exist on type 'IntrinsicAttributes & ListItemOwnProps & CommonProps & Omit<Omit<DetailedHTMLProps<LiHTMLAttributes<HTMLLIElement>, HTMLLIElement>, "ref"> & { ...; }, "children" | ... 15 more ... | "secondaryAction">'.
 @ ./src/components/shared/bottom/bottom.js 24:0-101 152:42-61 160:43-62 168:43-62
 @ ./src/components/areas/public/features/welcome/legacy/pricing.js 20:0-57 214:46-52
 @ ./src/main/routes.js 18:0-81 49:15-22
 @ ./src/main/app.js 21:0-30 69:255-261
 @ ./src/index.js 3:0-29 4:49-52

ERROR in /Users/alexandremagno/projects/gitpay/frontend/src/components/design-library/atoms/badges/payment-provider/payment-provider.tsx
./src/components/design-library/atoms/badges/payment-provider/payment-provider.tsx 28:18-27
[tsl] ERROR in /Users/alexandremagno/projects/gitpay/frontend/src/components/design-library/atoms/badges/payment-provider/payment-provider.tsx(28,19)
      TS2554: Expected 1-2 arguments, but got 0.
 @ ./src/components/areas/private/features/payments/legacy/payments.js 20:0-92 410:90-105
 @ ./src/containers/payments.js 2:0-85 60:60-68
 @ ./src/components/areas/private/pages/private-page.tsx 20:0-64 52:96-113
 @ ./src/containers/profile.js 2:0-73 82:60-71
 @ ./src/main/routes.js 7:0-53 46:15-31
 @ ./src/main/app.js 21:0-30 69:255-261
 @ ./src/index.js 3:0-29 4:49-52

ERROR in /Users/alexandremagno/projects/gitpay/frontend/src/components/design-library/atoms/buttons/action-buttons/action-buttons.styles.ts
./src/components/design-library/atoms/buttons/action-buttons/action-buttons.styles.ts 3:25-23:2
[tsl] ERROR in /Users/alexandremagno/projects/gitpay/frontend/src/components/design-library/atoms/buttons/action-buttons/action-buttons.styles.ts(3,26)
      TS2769: No overload matches this call.
  Overload 1 of 6, '(component: ComponentClass<{}, any>, options?: StyledOptions<MUIStyledCommonProps<Theme>> & MuiStyledOptions): CreateStyledComponent<...>', gave the following error.
    Argument of type '() => { primaryWrapper: { marginTop: number; marginBottom: number; }; primaryLabel: { display: string; marginRight: number; }; secondaryContainer: { display: string; justifyContent: string; }; secondaryButton: { ...; }; secondaryLabel: { ...; }; }' is not assignable to parameter of type 'ComponentClass<{}, any>'.
      Type '() => { primaryWrapper: { marginTop: number; marginBottom: number; }; primaryLabel: { display: string; marginRight: number; }; secondaryContainer: { display: string; justifyContent: string; }; secondaryButton: { ...; }; secondaryLabel: { ...; }; }' provides no match for the signature 'new (props: {}, deprecatedLegacyContext?: any): Component<{}, any, any>'.
  Overload 2 of 6, '(component: JSXElementConstructor<{}>, options?: StyledOptions<MUIStyledCommonProps<Theme>> & MuiStyledOptions): CreateStyledComponent<...>', gave the following error.
    Argument of type '() => { primaryWrapper: { marginTop: number; marginBottom: number; }; primaryLabel: { display: string; marginRight: number; }; secondaryContainer: { display: string; justifyContent: string; }; secondaryButton: { ...; }; secondaryLabel: { ...; }; }' is not assignable to parameter of type 'JSXElementConstructor<{}>'.
      Type '() => { primaryWrapper: { marginTop: number; marginBottom: number; }; primaryLabel: { display: string; marginRight: number; }; secondaryContainer: { display: string; justifyContent: string; }; secondaryButton: { ...; }; secondaryLabel: { ...; }; }' is not assignable to type '(props: {}, deprecatedLegacyContext?: any) => ReactNode'.
        Type '{ primaryWrapper: { marginTop: number; marginBottom: number; }; primaryLabel: { display: string; marginRight: number; }; secondaryContainer: { display: string; justifyContent: string; }; secondaryButton: { ...; }; secondaryLabel: { ...; }; }' is not assignable to type 'ReactNode'.
  Overload 3 of 6, '(tag: keyof IntrinsicElements, options?: StyledOptions<MUIStyledCommonProps<Theme>> & MuiStyledOptions): CreateStyledComponent<...>', gave the following error.
    Argument of type '() => { primaryWrapper: { marginTop: number; marginBottom: number; }; primaryLabel: { display: string; marginRight: number; }; secondaryContainer: { display: string; justifyContent: string; }; secondaryButton: { ...; }; secondaryLabel: { ...; }; }' is not assignable to parameter of type 'keyof IntrinsicElements'.
 @ ./src/components/design-library/atoms/buttons/action-buttons/action-buttons.tsx 4:0-48 8:18-27
 @ ./src/components/design-library/atoms/buttons/issue-actions/issue-actions.tsx 2:0-61 5:32-45
 @ ./src/components/areas/public/features/task/components/issue-actions-by-role.tsx 3:0-84 41:32-44
 @ ./src/components/areas/public/features/task/task.js 37:0-68 1275:51-69
 @ ./src/containers/task.js 2:0-65 137:60-64
 @ ./src/main/routes.js 9:0-47 139:15-28 143:15-28 147:15-28 151:15-28 155:15-28 159:15-28 163:15-28 167:15-28 171:15-28 175:15-28 179:15-28
 @ ./src/main/app.js 21:0-30 69:255-261
 @ ./src/index.js 3:0-29 4:49-52

ERROR in /Users/alexandremagno/projects/gitpay/frontend/src/components/design-library/atoms/buttons/action-buttons/action-buttons.tsx
./src/components/design-library/atoms/buttons/action-buttons/action-buttons.tsx 25:34-48
[tsl] ERROR in /Users/alexandremagno/projects/gitpay/frontend/src/components/design-library/atoms/buttons/action-buttons/action-buttons.tsx(25,35)
      TS2339: Property 'primaryWrapper' does not exist on type 'StyledComponent<Pick<{}, never> & MUIStyledCommonProps<Theme>, {}, { ref?: Ref<Component<{}, any, any>>; }>'.
 @ ./src/components/design-library/atoms/buttons/issue-actions/issue-actions.tsx 2:0-61 5:32-45
 @ ./src/components/areas/public/features/task/components/issue-actions-by-role.tsx 3:0-84 41:32-44
 @ ./src/components/areas/public/features/task/task.js 37:0-68 1275:51-69
 @ ./src/containers/task.js 2:0-65 137:60-64
 @ ./src/main/routes.js 9:0-47 139:15-28 143:15-28 147:15-28 151:15-28 155:15-28 159:15-28 163:15-28 167:15-28 171:15-28 175:15-28 179:15-28
 @ ./src/main/app.js 21:0-30 69:255-261
 @ ./src/index.js 3:0-29 4:49-52

ERROR in /Users/alexandremagno/projects/gitpay/frontend/src/components/design-library/atoms/buttons/action-buttons/action-buttons.tsx
./src/components/design-library/atoms/buttons/action-buttons/action-buttons.tsx 35:39-51
[tsl] ERROR in /Users/alexandremagno/projects/gitpay/frontend/src/components/design-library/atoms/buttons/action-buttons/action-buttons.tsx(35,40)
      TS2339: Property 'primaryLabel' does not exist on type 'StyledComponent<Pick<{}, never> & MUIStyledCommonProps<Theme>, {}, { ref?: Ref<Component<{}, any, any>>; }>'.
 @ ./src/components/design-library/atoms/buttons/issue-actions/issue-actions.tsx 2:0-61 5:32-45
 @ ./src/components/areas/public/features/task/components/issue-actions-by-role.tsx 3:0-84 41:32-44
 @ ./src/components/areas/public/features/task/task.js 37:0-68 1275:51-69
 @ ./src/containers/task.js 2:0-65 137:60-64
 @ ./src/main/routes.js 9:0-47 139:15-28 143:15-28 147:15-28 151:15-28 155:15-28 159:15-28 163:15-28 167:15-28 171:15-28 175:15-28 179:15-28
 @ ./src/main/app.js 21:0-30 69:255-261
 @ ./src/index.js 3:0-29 4:49-52

ERROR in /Users/alexandremagno/projects/gitpay/frontend/src/components/design-library/atoms/buttons/action-buttons/action-buttons.tsx
./src/components/design-library/atoms/buttons/action-buttons/action-buttons.tsx 43:30-48
[tsl] ERROR in /Users/alexandremagno/projects/gitpay/frontend/src/components/design-library/atoms/buttons/action-buttons/action-buttons.tsx(43,31)
      TS2339: Property 'secondaryContainer' does not exist on type 'StyledComponent<Pick<{}, never> & MUIStyledCommonProps<Theme>, {}, { ref?: Ref<Component<{}, any, any>>; }>'.
 @ ./src/components/design-library/atoms/buttons/issue-actions/issue-actions.tsx 2:0-61 5:32-45
 @ ./src/components/areas/public/features/task/components/issue-actions-by-role.tsx 3:0-84 41:32-44
 @ ./src/components/areas/public/features/task/task.js 37:0-68 1275:51-69
 @ ./src/containers/task.js 2:0-65 137:60-64
 @ ./src/main/routes.js 9:0-47 139:15-28 143:15-28 147:15-28 151:15-28 155:15-28 159:15-28 163:15-28 167:15-28 171:15-28 175:15-28 179:15-28
 @ ./src/main/app.js 21:0-30 69:255-261
 @ ./src/index.js 3:0-29 4:49-52

ERROR in /Users/alexandremagno/projects/gitpay/frontend/src/components/design-library/atoms/buttons/action-buttons/action-buttons.tsx
./src/components/design-library/atoms/buttons/action-buttons/action-buttons.tsx 53:33-48
[tsl] ERROR in /Users/alexandremagno/projects/gitpay/frontend/src/components/design-library/atoms/buttons/action-buttons/action-buttons.tsx(53,34)
      TS2339: Property 'secondaryButton' does not exist on type 'StyledComponent<Pick<{}, never> & MUIStyledCommonProps<Theme>, {}, { ref?: Ref<Component<{}, any, any>>; }>'.
 @ ./src/components/design-library/atoms/buttons/issue-actions/issue-actions.tsx 2:0-61 5:32-45
 @ ./src/components/areas/public/features/task/components/issue-actions-by-role.tsx 3:0-84 41:32-44
 @ ./src/components/areas/public/features/task/task.js 37:0-68 1275:51-69
 @ ./src/containers/task.js 2:0-65 137:60-64
 @ ./src/main/routes.js 9:0-47 139:15-28 143:15-28 147:15-28 151:15-28 155:15-28 159:15-28 163:15-28 167:15-28 171:15-28 175:15-28 179:15-28
 @ ./src/main/app.js 21:0-30 69:255-261
 @ ./src/index.js 3:0-29 4:49-52

ERROR in /Users/alexandremagno/projects/gitpay/frontend/src/components/design-library/atoms/buttons/action-buttons/action-buttons.tsx
./src/components/design-library/atoms/buttons/action-buttons/action-buttons.tsx 56:39-53
[tsl] ERROR in /Users/alexandremagno/projects/gitpay/frontend/src/components/design-library/atoms/buttons/action-buttons/action-buttons.tsx(56,40)
      TS2339: Property 'secondaryLabel' does not exist on type 'StyledComponent<Pick<{}, never> & MUIStyledCommonProps<Theme>, {}, { ref?: Ref<Component<{}, any, any>>; }>'.
 @ ./src/components/design-library/atoms/buttons/issue-actions/issue-actions.tsx 2:0-61 5:32-45
 @ ./src/components/areas/public/features/task/components/issue-actions-by-role.tsx 3:0-84 41:32-44
 @ ./src/components/areas/public/features/task/task.js 37:0-68 1275:51-69
 @ ./src/containers/task.js 2:0-65 137:60-64
 @ ./src/main/routes.js 9:0-47 139:15-28 143:15-28 147:15-28 151:15-28 155:15-28 159:15-28 163:15-28 167:15-28 171:15-28 175:15-28 179:15-28
 @ ./src/main/app.js 21:0-30 69:255-261
 @ ./src/index.js 3:0-29 4:49-52

ERROR in /Users/alexandremagno/projects/gitpay/frontend/src/components/design-library/atoms/buttons/button/button.styles.ts
./src/components/design-library/atoms/buttons/button/button.styles.ts 3:25-7:2
[tsl] ERROR in /Users/alexandremagno/projects/gitpay/frontend/src/components/design-library/atoms/buttons/button/button.styles.ts(3,26)
      TS2769: No overload matches this call.
  Overload 1 of 6, '(component: ComponentClass<{}, any>, options?: StyledOptions<MUIStyledCommonProps<Theme>> & MuiStyledOptions): CreateStyledComponent<...>', gave the following error.
    Argument of type '() => { progress: { marginLeft: number; }; }' is not assignable to parameter of type 'ComponentClass<{}, any>'.
      Type '() => { progress: { marginLeft: number; }; }' provides no match for the signature 'new (props: {}, deprecatedLegacyContext?: any): Component<{}, any, any>'.
  Overload 2 of 6, '(component: JSXElementConstructor<{}>, options?: StyledOptions<MUIStyledCommonProps<Theme>> & MuiStyledOptions): CreateStyledComponent<...>', gave the following error.
    Argument of type '() => { progress: { marginLeft: number; }; }' is not assignable to parameter of type 'JSXElementConstructor<{}>'.
      Type '() => { progress: { marginLeft: number; }; }' is not assignable to type '(props: {}, deprecatedLegacyContext?: any) => ReactNode'.
        Type '{ progress: { marginLeft: number; }; }' is not assignable to type 'ReactNode'.
  Overload 3 of 6, '(tag: keyof IntrinsicElements, options?: StyledOptions<MUIStyledCommonProps<Theme>> & MuiStyledOptions): CreateStyledComponent<...>', gave the following error.
    Argument of type '() => { progress: { marginLeft: number; }; }' is not assignable to parameter of type 'keyof IntrinsicElements'.
 @ ./src/components/design-library/atoms/buttons/button/button.tsx 3:0-40 6:18-27
 @ ./src/components/design-library/molecules/dialogs/activate-account-dialog/activate-account-dialog.tsx 4:0-58 18:36-42
 @ ./src/components/design-library/templates/base/private-base/private-base.tsx 20:0-111 57:32-53
 @ ./src/components/areas/private/pages/private-page.tsx 14:0-82 36:32-43
 @ ./src/containers/profile.js 2:0-73 82:60-71
 @ ./src/main/routes.js 7:0-53 46:15-31
 @ ./src/main/app.js 21:0-30 69:255-261
 @ ./src/index.js 3:0-29 4:49-52

ERROR in /Users/alexandremagno/projects/gitpay/frontend/src/components/design-library/atoms/buttons/button/button.tsx
./src/components/design-library/atoms/buttons/button/button.tsx 29:6-11
[tsl] ERROR in /Users/alexandremagno/projects/gitpay/frontend/src/components/design-library/atoms/buttons/button/button.tsx(29,7)
      TS2769: No overload matches this call.
  Overload 3 of 3, '(props: DefaultComponentProps<ExtendButtonBaseTypeMap<ButtonTypeMap<{}, "button">>>): Element', gave the following error.
    Type '"inherit" | "default" | "primary" | "secondary"' is not assignable to type 'OverridableStringUnion<"inherit" | "primary" | "secondary" | "error" | "info" | "success" | "warning", ButtonPropsColorOverrides>'.
      Type '"default"' is not assignable to type 'OverridableStringUnion<"inherit" | "primary" | "secondary" | "error" | "info" | "success" | "warning", ButtonPropsColorOverrides>'.
 @ ./src/components/design-library/molecules/dialogs/activate-account-dialog/activate-account-dialog.tsx 4:0-58 18:36-42
 @ ./src/components/design-library/templates/base/private-base/private-base.tsx 20:0-111 57:32-53
 @ ./src/components/areas/private/pages/private-page.tsx 14:0-82 36:32-43
 @ ./src/containers/profile.js 2:0-73 82:60-71
 @ ./src/main/routes.js 7:0-53 46:15-31
 @ ./src/main/app.js 21:0-30 69:255-261
 @ ./src/index.js 3:0-29 4:49-52

ERROR in /Users/alexandremagno/projects/gitpay/frontend/src/components/design-library/atoms/buttons/button/button.tsx
./src/components/design-library/atoms/buttons/button/button.tsx 36:47-55
[tsl] ERROR in /Users/alexandremagno/projects/gitpay/frontend/src/components/design-library/atoms/buttons/button/button.tsx(36,48)
      TS2339: Property 'progress' does not exist on type 'StyledComponent<Pick<{}, never> & MUIStyledCommonProps<Theme>, {}, { ref?: Ref<Component<{}, any, any>>; }>'.
 @ ./src/components/design-library/molecules/dialogs/activate-account-dialog/activate-account-dialog.tsx 4:0-58 18:36-42
 @ ./src/components/design-library/templates/base/private-base/private-base.tsx 20:0-111 57:32-53
 @ ./src/components/areas/private/pages/private-page.tsx 14:0-82 36:32-43
 @ ./src/containers/profile.js 2:0-73 82:60-71
 @ ./src/main/routes.js 7:0-53 46:15-31
 @ ./src/main/app.js 21:0-30 69:255-261
 @ ./src/index.js 3:0-29 4:49-52

ERROR in /Users/alexandremagno/projects/gitpay/frontend/src/components/design-library/atoms/buttons/import-issue-button/import-issue-button.styles.ts
./src/components/design-library/atoms/buttons/import-issue-button/import-issue-button.styles.ts 3:25-5:2
[tsl] ERROR in /Users/alexandremagno/projects/gitpay/frontend/src/components/design-library/atoms/buttons/import-issue-button/import-issue-button.styles.ts(3,26)
      TS2769: No overload matches this call.
  Overload 1 of 6, '(component: ComponentClass<{}, any>, options?: StyledOptions<MUIStyledCommonProps<Theme>> & MuiStyledOptions): CreateStyledComponent<...>', gave the following error.
    Argument of type '() => { actionButtons: {}; }' is not assignable to parameter of type 'ComponentClass<{}, any>'.
      Type '() => { actionButtons: {}; }' provides no match for the signature 'new (props: {}, deprecatedLegacyContext?: any): Component<{}, any, any>'.
  Overload 2 of 6, '(component: JSXElementConstructor<{}>, options?: StyledOptions<MUIStyledCommonProps<Theme>> & MuiStyledOptions): CreateStyledComponent<...>', gave the following error.
    Argument of type '() => { actionButtons: {}; }' is not assignable to parameter of type 'JSXElementConstructor<{}>'.
      Type '() => { actionButtons: {}; }' is not assignable to type '(props: {}, deprecatedLegacyContext?: any) => ReactNode'.
        Type '{ actionButtons: {}; }' is not assignable to type 'ReactNode'.
  Overload 3 of 6, '(tag: keyof IntrinsicElements, options?: StyledOptions<MUIStyledCommonProps<Theme>> & MuiStyledOptions): CreateStyledComponent<...>', gave the following error.
    Argument of type '() => { actionButtons: {}; }' is not assignable to parameter of type 'keyof IntrinsicElements'.
 @ ./src/components/design-library/atoms/buttons/import-issue-button/import-issue-button.tsx 6:0-53 9:18-27
 @ ./src/components/design-library/organisms/forms/issue-forms/import-issue/import-issue.tsx 2:0-98 8:28-45
 @ ./src/components/design-library/organisms/layouts/topbar/topbar.tsx 17:0-76 45:40-51
 @ ./src/components/design-library/templates/base/public-base/public-base.tsx 14:0-62 26:28-34
 @ ./src/components/design-library/pages/public/home/home.tsx 17:0-73 50:28-38
 @ ./src/components/areas/public/features/welcome/pages/home-page.tsx 13:0-57 17:32-36
 @ ./src/containers/home.js 1:0-79 3:36-40
 @ ./src/main/routes.js 5:0-47 39:8-21
 @ ./src/main/app.js 21:0-30 69:255-261
 @ ./src/index.js 3:0-29 4:49-52

ERROR in /Users/alexandremagno/projects/gitpay/frontend/src/components/design-library/atoms/buttons/import-issue-button/import-issue-button.tsx
./src/components/design-library/atoms/buttons/import-issue-button/import-issue-button.tsx 24:62-75
[tsl] ERROR in /Users/alexandremagno/projects/gitpay/frontend/src/components/design-library/atoms/buttons/import-issue-button/import-issue-button.tsx(24,63)
      TS2339: Property 'actionButtons' does not exist on type 'StyledComponent<Pick<{}, never> & MUIStyledCommonProps<Theme>, {}, { ref?: Ref<Component<{}, any, any>>; }>'.
 @ ./src/components/design-library/organisms/forms/issue-forms/import-issue/import-issue.tsx 2:0-98 8:28-45
 @ ./src/components/design-library/organisms/layouts/topbar/topbar.tsx 17:0-76 45:40-51
 @ ./src/components/design-library/templates/base/public-base/public-base.tsx 14:0-62 26:28-34
 @ ./src/components/design-library/pages/public/home/home.tsx 17:0-73 50:28-38
 @ ./src/components/areas/public/features/welcome/pages/home-page.tsx 13:0-57 17:32-36
 @ ./src/containers/home.js 1:0-79 3:36-40
 @ ./src/main/routes.js 5:0-47 39:8-21
 @ ./src/main/app.js 21:0-30 69:255-261
 @ ./src/index.js 3:0-29 4:49-52

ERROR in /Users/alexandremagno/projects/gitpay/frontend/src/components/design-library/atoms/buttons/provider-login-buttons/provider-login-buttons.styles.ts
./src/components/design-library/atoms/buttons/provider-login-buttons/provider-login-buttons.styles.ts 3:25-14:2
[tsl] ERROR in /Users/alexandremagno/projects/gitpay/frontend/src/components/design-library/atoms/buttons/provider-login-buttons/provider-login-buttons.styles.ts(3,26)
      TS2769: No overload matches this call.
  Overload 1 of 6, '(component: ComponentClass<{}, any>, options?: StyledOptions<MUIStyledCommonProps<Theme>> & MuiStyledOptions): CreateStyledComponent<...>', gave the following error.
    Argument of type '() => { buttonMargin: { marginRight: number; }; textMargin: { marginLeft: number; }; linkMargin: { display: string; marginLeft: number; }; }' is not assignable to parameter of type 'ComponentClass<{}, any>'.
      Type '() => { buttonMargin: { marginRight: number; }; textMargin: { marginLeft: number; }; linkMargin: { display: string; marginLeft: number; }; }' provides no match for the signature 'new (props: {}, deprecatedLegacyContext?: any): Component<{}, any, any>'.
  Overload 2 of 6, '(component: JSXElementConstructor<{}>, options?: StyledOptions<MUIStyledCommonProps<Theme>> & MuiStyledOptions): CreateStyledComponent<...>', gave the following error.
    Argument of type '() => { buttonMargin: { marginRight: number; }; textMargin: { marginLeft: number; }; linkMargin: { display: string; marginLeft: number; }; }' is not assignable to parameter of type 'JSXElementConstructor<{}>'.
      Type '() => { buttonMargin: { marginRight: number; }; textMargin: { marginLeft: number; }; linkMargin: { display: string; marginLeft: number; }; }' is not assignable to type '(props: {}, deprecatedLegacyContext?: any) => ReactNode'.
        Type '{ buttonMargin: { marginRight: number; }; textMargin: { marginLeft: number; }; linkMargin: { display: string; marginLeft: number; }; }' is not assignable to type 'ReactNode'.
  Overload 3 of 6, '(tag: keyof IntrinsicElements, options?: StyledOptions<MUIStyledCommonProps<Theme>> & MuiStyledOptions): CreateStyledComponent<...>', gave the following error.
    Argument of type '() => { buttonMargin: { marginRight: number; }; textMargin: { marginLeft: number; }; linkMargin: { display: string; marginLeft: number; }; }' is not assignable to parameter of type 'keyof IntrinsicElements'.
 @ ./src/components/design-library/atoms/buttons/provider-login-buttons/provider-login-buttons.tsx 19:0-56 22:23-32
 @ ./src/components/design-library/molecules/form-section/login-form/login-form-signin/login-form-signin.tsx 17:0-107 172:40-60
 @ ./src/components/areas/private/components/session/login-page.js 22:0-115 229:62-77
 @ ./src/containers/login-page.js 5:0-82 31:60-69
 @ ./src/main/routes.js 13:0-58 111:15-33 115:15-33 119:15-33 123:15-33 131:15-33
 @ ./src/main/app.js 21:0-30 69:255-261
 @ ./src/index.js 3:0-29 4:49-52

ERROR in /Users/alexandremagno/projects/gitpay/frontend/src/components/design-library/atoms/buttons/provider-login-buttons/provider-login-buttons.tsx
./src/components/design-library/atoms/buttons/provider-login-buttons/provider-login-buttons.tsx 51:37-47
[tsl] ERROR in /Users/alexandremagno/projects/gitpay/frontend/src/components/design-library/atoms/buttons/provider-login-buttons/provider-login-buttons.tsx(51,38)
      TS2339: Property 'linkMargin' does not exist on type 'StyledComponent<Pick<{}, never> & MUIStyledCommonProps<Theme>, {}, { ref?: Ref<Component<{}, any, any>>; }>'.
 @ ./src/components/design-library/molecules/form-section/login-form/login-form-signin/login-form-signin.tsx 17:0-107 172:40-60
 @ ./src/components/areas/private/components/session/login-page.js 22:0-115 229:62-77
 @ ./src/containers/login-page.js 5:0-82 31:60-69
 @ ./src/main/routes.js 13:0-58 111:15-33 115:15-33 119:15-33 123:15-33 131:15-33
 @ ./src/main/app.js 21:0-30 69:255-261
 @ ./src/index.js 3:0-29 4:49-52

ERROR in /Users/alexandremagno/projects/gitpay/frontend/src/components/design-library/atoms/buttons/provider-login-buttons/provider-login-buttons.tsx
./src/components/design-library/atoms/buttons/provider-login-buttons/provider-login-buttons.tsx 67:34-46
[tsl] ERROR in /Users/alexandremagno/projects/gitpay/frontend/src/components/design-library/atoms/buttons/provider-login-buttons/provider-login-buttons.tsx(67,35)
      TS2339: Property 'buttonMargin' does not exist on type 'StyledComponent<Pick<{}, never> & MUIStyledCommonProps<Theme>, {}, { ref?: Ref<Component<{}, any, any>>; }>'.
 @ ./src/components/design-library/molecules/form-section/login-form/login-form-signin/login-form-signin.tsx 17:0-107 172:40-60
 @ ./src/components/areas/private/components/session/login-page.js 22:0-115 229:62-77
 @ ./src/containers/login-page.js 5:0-82 31:60-69
 @ ./src/main/routes.js 13:0-58 111:15-33 115:15-33 119:15-33 123:15-33 131:15-33
 @ ./src/main/app.js 21:0-30 69:255-261
 @ ./src/index.js 3:0-29 4:49-52

ERROR in /Users/alexandremagno/projects/gitpay/frontend/src/components/design-library/atoms/buttons/provider-login-buttons/provider-login-buttons.tsx
./src/components/design-library/atoms/buttons/provider-login-buttons/provider-login-buttons.tsx 77:40-50
[tsl] ERROR in /Users/alexandremagno/projects/gitpay/frontend/src/components/design-library/atoms/buttons/provider-login-buttons/provider-login-buttons.tsx(77,41)
      TS2339: Property 'textMargin' does not exist on type 'StyledComponent<Pick<{}, never> & MUIStyledCommonProps<Theme>, {}, { ref?: Ref<Component<{}, any, any>>; }>'.
 @ ./src/components/design-library/molecules/form-section/login-form/login-form-signin/login-form-signin.tsx 17:0-107 172:40-60
 @ ./src/components/areas/private/components/session/login-page.js 22:0-115 229:62-77
 @ ./src/containers/login-page.js 5:0-82 31:60-69
 @ ./src/main/routes.js 13:0-58 111:15-33 115:15-33 119:15-33 123:15-33 131:15-33
 @ ./src/main/app.js 21:0-30 69:255-261
 @ ./src/index.js 3:0-29 4:49-52

ERROR in /Users/alexandremagno/projects/gitpay/frontend/src/components/design-library/atoms/buttons/provider-login-buttons/provider-login-buttons.tsx
./src/components/design-library/atoms/buttons/provider-login-buttons/provider-login-buttons.tsx 86:40-50
[tsl] ERROR in /Users/alexandremagno/projects/gitpay/frontend/src/components/design-library/atoms/buttons/provider-login-buttons/provider-login-buttons.tsx(86,41)
      TS2339: Property 'textMargin' does not exist on type 'StyledComponent<Pick<{}, never> & MUIStyledCommonProps<Theme>, {}, { ref?: Ref<Component<{}, any, any>>; }>'.
 @ ./src/components/design-library/molecules/form-section/login-form/login-form-signin/login-form-signin.tsx 17:0-107 172:40-60
 @ ./src/components/areas/private/components/session/login-page.js 22:0-115 229:62-77
 @ ./src/containers/login-page.js 5:0-82 31:60-69
 @ ./src/main/routes.js 13:0-58 111:15-33 115:15-33 119:15-33 123:15-33 131:15-33
 @ ./src/main/app.js 21:0-30 69:255-261
 @ ./src/index.js 3:0-29 4:49-52

ERROR in /Users/alexandremagno/projects/gitpay/frontend/src/components/design-library/atoms/inputs/checkbox-terms/checkbox-terms.styles.ts
./src/components/design-library/atoms/inputs/checkbox-terms/checkbox-terms.styles.ts 3:25-10:2
[tsl] ERROR in /Users/alexandremagno/projects/gitpay/frontend/src/components/design-library/atoms/inputs/checkbox-terms/checkbox-terms.styles.ts(3,26)
      TS2769: No overload matches this call.
  Overload 1 of 6, '(component: ComponentClass<{}, any>, options?: StyledOptions<MUIStyledCommonProps<Theme>> & MuiStyledOptions): CreateStyledComponent<...>', gave the following error.
    Argument of type '() => { termsLabel: { paddingTop: number; }; checkbox: { paddingRight: number; }; }' is not assignable to parameter of type 'ComponentClass<{}, any>'.
      Type '() => { termsLabel: { paddingTop: number; }; checkbox: { paddingRight: number; }; }' provides no match for the signature 'new (props: {}, deprecatedLegacyContext?: any): Component<{}, any, any>'.
  Overload 2 of 6, '(component: JSXElementConstructor<{}>, options?: StyledOptions<MUIStyledCommonProps<Theme>> & MuiStyledOptions): CreateStyledComponent<...>', gave the following error.
    Argument of type '() => { termsLabel: { paddingTop: number; }; checkbox: { paddingRight: number; }; }' is not assignable to parameter of type 'JSXElementConstructor<{}>'.
      Type '() => { termsLabel: { paddingTop: number; }; checkbox: { paddingRight: number; }; }' is not assignable to type '(props: {}, deprecatedLegacyContext?: any) => ReactNode'.
        Type '{ termsLabel: { paddingTop: number; }; checkbox: { paddingRight: number; }; }' is not assignable to type 'ReactNode'.
  Overload 3 of 6, '(tag: keyof IntrinsicElements, options?: StyledOptions<MUIStyledCommonProps<Theme>> & MuiStyledOptions): CreateStyledComponent<...>', gave the following error.
    Argument of type '() => { termsLabel: { paddingTop: number; }; checkbox: { paddingRight: number; }; }' is not assignable to parameter of type 'keyof IntrinsicElements'.
 @ ./src/components/design-library/atoms/inputs/checkbox-terms/checkbox-terms.tsx 4:0-48 9:18-27
 @ ./src/components/design-library/molecules/drawers/offer-drawer/components/offer-drawer-create.tsx 12:0-83 46:28-41
 @ ./src/components/design-library/molecules/drawers/offer-drawer/offer-drawer.tsx 14:0-65 33:44-61
 @ ./src/components/areas/public/features/task/task.js 36:0-85 1294:43-54
 @ ./src/containers/task.js 2:0-65 137:60-64
 @ ./src/main/routes.js 9:0-47 139:15-28 143:15-28 147:15-28 151:15-28 155:15-28 159:15-28 163:15-28 167:15-28 171:15-28 175:15-28 179:15-28
 @ ./src/main/app.js 21:0-30 69:255-261
 @ ./src/index.js 3:0-29 4:49-52

ERROR in /Users/alexandremagno/projects/gitpay/frontend/src/components/design-library/atoms/inputs/checkbox-terms/checkbox-terms.tsx
./src/components/design-library/atoms/inputs/checkbox-terms/checkbox-terms.tsx 23:47-57
[tsl] ERROR in /Users/alexandremagno/projects/gitpay/frontend/src/components/design-library/atoms/inputs/checkbox-terms/checkbox-terms.tsx(23,48)
      TS2339: Property 'termsLabel' does not exist on type 'StyledComponent<Pick<{}, never> & MUIStyledCommonProps<Theme>, {}, { ref?: Ref<Component<{}, any, any>>; }>'.
 @ ./src/components/design-library/molecules/drawers/offer-drawer/components/offer-drawer-create.tsx 12:0-83 46:28-41
 @ ./src/components/design-library/molecules/drawers/offer-drawer/offer-drawer.tsx 14:0-65 33:44-61
 @ ./src/components/areas/public/features/task/task.js 36:0-85 1294:43-54
 @ ./src/containers/task.js 2:0-65 137:60-64
 @ ./src/main/routes.js 9:0-47 139:15-28 143:15-28 147:15-28 151:15-28 155:15-28 159:15-28 163:15-28 167:15-28 171:15-28 175:15-28 179:15-28
 @ ./src/main/app.js 21:0-30 69:255-261
 @ ./src/index.js 3:0-29 4:49-52

ERROR in /Users/alexandremagno/projects/gitpay/frontend/src/components/design-library/atoms/inputs/checkbox-terms/checkbox-terms.tsx
./src/components/design-library/atoms/inputs/checkbox-terms/checkbox-terms.tsx 30:33-41
[tsl] ERROR in /Users/alexandremagno/projects/gitpay/frontend/src/components/design-library/atoms/inputs/checkbox-terms/checkbox-terms.tsx(30,34)
      TS2339: Property 'checkbox' does not exist on type 'StyledComponent<Pick<{}, never> & MUIStyledCommonProps<Theme>, {}, { ref?: Ref<Component<{}, any, any>>; }>'.
 @ ./src/components/design-library/molecules/drawers/offer-drawer/components/offer-drawer-create.tsx 12:0-83 46:28-41
 @ ./src/components/design-library/molecules/drawers/offer-drawer/offer-drawer.tsx 14:0-65 33:44-61
 @ ./src/components/areas/public/features/task/task.js 36:0-85 1294:43-54
 @ ./src/containers/task.js 2:0-65 137:60-64
 @ ./src/main/routes.js 9:0-47 139:15-28 143:15-28 147:15-28 151:15-28 155:15-28 159:15-28 163:15-28 167:15-28 171:15-28 175:15-28 179:15-28
 @ ./src/main/app.js 21:0-30 69:255-261
 @ ./src/index.js 3:0-29 4:49-52

ERROR in /Users/alexandremagno/projects/gitpay/frontend/src/components/design-library/atoms/inputs/checkboxes/checkboxes.styles.ts
./src/components/design-library/atoms/inputs/checkboxes/checkboxes.styles.ts 3:25-18:2
[tsl] ERROR in /Users/alexandremagno/projects/gitpay/frontend/src/components/design-library/atoms/inputs/checkboxes/checkboxes.styles.ts(3,26)
      TS2769: No overload matches this call.
  Overload 1 of 6, '(component: ComponentClass<{}, any>, options?: StyledOptions<MUIStyledCommonProps<Theme>> & MuiStyledOptions): CreateStyledComponent<...>', gave the following error.
    Argument of type '() => { container: { fontFamily: string; color: string; }; item: { paddingBottom: number; }; starterCheckbox: {}; termsLabel: { paddingTop: number; }; checkbox: { paddingRight: number; }; }' is not assignable to parameter of type 'ComponentClass<{}, any>'.
      Type '() => { container: { fontFamily: string; color: string; }; item: { paddingBottom: number; }; starterCheckbox: {}; termsLabel: { paddingTop: number; }; checkbox: { paddingRight: number; }; }' provides no match for the signature 'new (props: {}, deprecatedLegacyContext?: any): Component<{}, any, any>'.
  Overload 2 of 6, '(component: JSXElementConstructor<{}>, options?: StyledOptions<MUIStyledCommonProps<Theme>> & MuiStyledOptions): CreateStyledComponent<...>', gave the following error.
    Argument of type '() => { container: { fontFamily: string; color: string; }; item: { paddingBottom: number; }; starterCheckbox: {}; termsLabel: { paddingTop: number; }; checkbox: { paddingRight: number; }; }' is not assignable to parameter of type 'JSXElementConstructor<{}>'.
      Type '() => { container: { fontFamily: string; color: string; }; item: { paddingBottom: number; }; starterCheckbox: {}; termsLabel: { paddingTop: number; }; checkbox: { paddingRight: number; }; }' is not assignable to type '(props: {}, deprecatedLegacyContext?: any) => ReactNode'.
        Type '{ container: { fontFamily: string; color: string; }; item: { paddingBottom: number; }; starterCheckbox: {}; termsLabel: { paddingTop: number; }; checkbox: { paddingRight: number; }; }' is not assignable to type 'ReactNode'.
  Overload 3 of 6, '(tag: keyof IntrinsicElements, options?: StyledOptions<MUIStyledCommonProps<Theme>> & MuiStyledOptions): CreateStyledComponent<...>', gave the following error.
    Argument of type '() => { container: { fontFamily: string; color: string; }; item: { paddingBottom: number; }; starterCheckbox: {}; termsLabel: { paddingTop: number; }; checkbox: { paddingRight: number; }; }' is not assignable to parameter of type 'keyof IntrinsicElements'.
 @ ./src/components/design-library/atoms/inputs/checkboxes/checkboxes.tsx 23:0-44 26:18-27
 @ ./src/components/design-library/atoms/inputs/fields/user-role-field/user-role-field.tsx 4:0-53 21:32-42
 @ ./src/components/design-library/molecules/form-section/login-form/login-form-signup/login-form-signup.tsx 55:0-92 325:32-45
 @ ./src/components/areas/private/components/session/login-page.js 23:0-115 237:60-75
 @ ./src/containers/login-page.js 5:0-82 31:60-69
 @ ./src/main/routes.js 13:0-58 111:15-33 115:15-33 119:15-33 123:15-33 131:15-33
 @ ./src/main/app.js 21:0-30 69:255-261
 @ ./src/index.js 3:0-29 4:49-52

ERROR in /Users/alexandremagno/projects/gitpay/frontend/src/components/design-library/atoms/inputs/checkboxes/checkboxes.tsx
./src/components/design-library/atoms/inputs/checkboxes/checkboxes.tsx 79:51-60
[tsl] ERROR in /Users/alexandremagno/projects/gitpay/frontend/src/components/design-library/atoms/inputs/checkboxes/checkboxes.tsx(79,52)
      TS2339: Property 'container' does not exist on type 'StyledComponent<Pick<{}, never> & MUIStyledCommonProps<Theme>, {}, { ref?: Ref<Component<{}, any, any>>; }>'.
 @ ./src/components/design-library/atoms/inputs/fields/user-role-field/user-role-field.tsx 4:0-53 21:32-42
 @ ./src/components/design-library/molecules/form-section/login-form/login-form-signup/login-form-signup.tsx 55:0-92 325:32-45
 @ ./src/components/areas/private/components/session/login-page.js 23:0-115 237:60-75
 @ ./src/containers/login-page.js 5:0-82 31:60-69
 @ ./src/main/routes.js 13:0-58 111:15-33 115:15-33 119:15-33 123:15-33 131:15-33
 @ ./src/main/app.js 21:0-30 69:255-261
 @ ./src/index.js 3:0-29 4:49-52

ERROR in /Users/alexandremagno/projects/gitpay/frontend/src/components/design-library/atoms/inputs/checkboxes/checkboxes.tsx
./src/components/design-library/atoms/inputs/checkboxes/checkboxes.tsx 81:81-85
[tsl] ERROR in /Users/alexandremagno/projects/gitpay/frontend/src/components/design-library/atoms/inputs/checkboxes/checkboxes.tsx(81,82)
      TS2339: Property 'item' does not exist on type 'StyledComponent<Pick<{}, never> & MUIStyledCommonProps<Theme>, {}, { ref?: Ref<Component<{}, any, any>>; }>'.
 @ ./src/components/design-library/atoms/inputs/fields/user-role-field/user-role-field.tsx 4:0-53 21:32-42
 @ ./src/components/design-library/molecules/form-section/login-form/login-form-signup/login-form-signup.tsx 55:0-92 325:32-45
 @ ./src/components/areas/private/components/session/login-page.js 23:0-115 237:60-75
 @ ./src/containers/login-page.js 5:0-82 31:60-69
 @ ./src/main/routes.js 13:0-58 111:15-33 115:15-33 119:15-33 123:15-33 131:15-33
 @ ./src/main/app.js 21:0-30 69:255-261
 @ ./src/index.js 3:0-29 4:49-52

ERROR in /Users/alexandremagno/projects/gitpay/frontend/src/components/design-library/atoms/inputs/checkboxes/checkboxes.tsx
./src/components/design-library/atoms/inputs/checkboxes/checkboxes.tsx 88:35-43
[tsl] ERROR in /Users/alexandremagno/projects/gitpay/frontend/src/components/design-library/atoms/inputs/checkboxes/checkboxes.tsx(88,36)
      TS2339: Property 'checkbox' does not exist on type 'StyledComponent<Pick<{}, never> & MUIStyledCommonProps<Theme>, {}, { ref?: Ref<Component<{}, any, any>>; }>'.
 @ ./src/components/design-library/atoms/inputs/fields/user-role-field/user-role-field.tsx 4:0-53 21:32-42
 @ ./src/components/design-library/molecules/form-section/login-form/login-form-signup/login-form-signup.tsx 55:0-92 325:32-45
 @ ./src/components/areas/private/components/session/login-page.js 23:0-115 237:60-75
 @ ./src/containers/login-page.js 5:0-82 31:60-69
 @ ./src/main/routes.js 13:0-58 111:15-33 115:15-33 119:15-33 123:15-33 131:15-33
 @ ./src/main/app.js 21:0-30 69:255-261
 @ ./src/index.js 3:0-29 4:49-52

ERROR in /Users/alexandremagno/projects/gitpay/frontend/src/components/design-library/atoms/inputs/fieldset/fieldset.styles.ts
./src/components/design-library/atoms/inputs/fieldset/fieldset.styles.ts 7:17-24
[tsl] ERROR in /Users/alexandremagno/projects/gitpay/frontend/src/components/design-library/atoms/inputs/fieldset/fieldset.styles.ts(7,18)
      TS2339: Property 'palette' does not exist on type 'DefaultTheme'.
 @ ./src/components/design-library/atoms/inputs/fieldset/fieldset.tsx 3:0-42 6:18-27
 @ ./src/components/design-library/molecules/form-section/address-information-form/address-information-form.tsx 3:0-63 7:32-40
 @ ./src/components/design-library/organisms/forms/account-forms/account-details-form/account-details-form.tsx 7:0-122 42:28-50
 @ ./src/components/design-library/pages/private/settings-pages/payout-settings-bank-account-holder/payout-settings-bank-account-holder.tsx 2:0-117 6:28-46
 @ ./src/components/areas/private/features/payout-settings/pages/payout-settings-bank-account-holder-page.tsx 38:0-162 87:32-63
 @ ./src/components/areas/private/features/payout-settings/pages/payout-settings-bank-account-page.tsx 15:0-94 30:55-91
 @ ./src/containers/account/payout-settings/payouts-settings-bank-account.ts 5:0-132 30:60-78
 @ ./src/components/areas/private/features/payout-settings/pages/payout-settings-page.tsx 5:0-132 15:107-141
 @ ./src/components/areas/private/pages/private-page.tsx 26:0-84 83:90-104
 @ ./src/containers/profile.js 2:0-73 82:60-71
 @ ./src/main/routes.js 7:0-53 46:15-31
 @ ./src/main/app.js 21:0-30 69:255-261
 @ ./src/index.js 3:0-29 4:49-52

ERROR in /Users/alexandremagno/projects/gitpay/frontend/src/components/design-library/atoms/inputs/fieldset/fieldset.styles.ts
./src/components/design-library/atoms/inputs/fieldset/fieldset.styles.ts 10:31-38
[tsl] ERROR in /Users/alexandremagno/projects/gitpay/frontend/src/components/design-library/atoms/inputs/fieldset/fieldset.styles.ts(10,32)
      TS2339: Property 'palette' does not exist on type 'DefaultTheme'.
 @ ./src/components/design-library/atoms/inputs/fieldset/fieldset.tsx 3:0-42 6:18-27
 @ ./src/components/design-library/molecules/form-section/address-information-form/address-information-form.tsx 3:0-63 7:32-40
 @ ./src/components/design-library/organisms/forms/account-forms/account-details-form/account-details-form.tsx 7:0-122 42:28-50
 @ ./src/components/design-library/pages/private/settings-pages/payout-settings-bank-account-holder/payout-settings-bank-account-holder.tsx 2:0-117 6:28-46
 @ ./src/components/areas/private/features/payout-settings/pages/payout-settings-bank-account-holder-page.tsx 38:0-162 87:32-63
 @ ./src/components/areas/private/features/payout-settings/pages/payout-settings-bank-account-page.tsx 15:0-94 30:55-91
 @ ./src/containers/account/payout-settings/payouts-settings-bank-account.ts 5:0-132 30:60-78
 @ ./src/components/areas/private/features/payout-settings/pages/payout-settings-page.tsx 5:0-132 15:107-141
 @ ./src/components/areas/private/pages/private-page.tsx 26:0-84 83:90-104
 @ ./src/containers/profile.js 2:0-73 82:60-71
 @ ./src/main/routes.js 7:0-53 46:15-31
 @ ./src/main/app.js 21:0-30 69:255-261
 @ ./src/index.js 3:0-29 4:49-52

ERROR in /Users/alexandremagno/projects/gitpay/frontend/src/components/design-library/atoms/inputs/input-comment/input-comment.styles.ts
./src/components/design-library/atoms/inputs/input-comment/input-comment.styles.ts 3:25-10:2
[tsl] ERROR in /Users/alexandremagno/projects/gitpay/frontend/src/components/design-library/atoms/inputs/input-comment/input-comment.styles.ts(3,26)
      TS2769: No overload matches this call.
  Overload 1 of 6, '(component: ComponentClass<{}, any>, options?: StyledOptions<MUIStyledCommonProps<Theme>> & MuiStyledOptions): CreateStyledComponent<...>', gave the following error.
    Argument of type '() => { counter: { fontFamily: string; color: string; marginTop: string; textAlign: string; }; }' is not assignable to parameter of type 'ComponentClass<{}, any>'.
      Type '() => { counter: { fontFamily: string; color: string; marginTop: string; textAlign: string; }; }' provides no match for the signature 'new (props: {}, deprecatedLegacyContext?: any): Component<{}, any, any>'.
  Overload 2 of 6, '(component: JSXElementConstructor<{}>, options?: StyledOptions<MUIStyledCommonProps<Theme>> & MuiStyledOptions): CreateStyledComponent<...>', gave the following error.
    Argument of type '() => { counter: { fontFamily: string; color: string; marginTop: string; textAlign: string; }; }' is not assignable to parameter of type 'JSXElementConstructor<{}>'.
      Type '() => { counter: { fontFamily: string; color: string; marginTop: string; textAlign: string; }; }' is not assignable to type '(props: {}, deprecatedLegacyContext?: any) => ReactNode'.
        Type '{ counter: { fontFamily: string; color: string; marginTop: string; textAlign: string; }; }' is not assignable to type 'ReactNode'.
  Overload 3 of 6, '(tag: keyof IntrinsicElements, options?: StyledOptions<MUIStyledCommonProps<Theme>> & MuiStyledOptions): CreateStyledComponent<...>', gave the following error.
    Argument of type '() => { counter: { fontFamily: string; color: string; marginTop: string; textAlign: string; }; }' is not assignable to parameter of type 'keyof IntrinsicElements'.
 @ ./src/components/design-library/atoms/inputs/input-comment/input-comment.tsx 4:0-47 10:18-27
 @ ./src/components/design-library/molecules/drawers/offer-drawer/components/offer-drawer-create.tsx 9:0-80 43:28-40
 @ ./src/components/design-library/molecules/drawers/offer-drawer/offer-drawer.tsx 14:0-65 33:44-61
 @ ./src/components/areas/public/features/task/task.js 36:0-85 1294:43-54
 @ ./src/containers/task.js 2:0-65 137:60-64
 @ ./src/main/routes.js 9:0-47 139:15-28 143:15-28 147:15-28 151:15-28 155:15-28 159:15-28 163:15-28 167:15-28 171:15-28 175:15-28 179:15-28
 @ ./src/main/app.js 21:0-30 69:255-261
 @ ./src/index.js 3:0-29 4:49-52

ERROR in /Users/alexandremagno/projects/gitpay/frontend/src/components/design-library/atoms/inputs/input-comment/input-comment.tsx
./src/components/design-library/atoms/inputs/input-comment/input-comment.tsx 27:32-39
[tsl] ERROR in /Users/alexandremagno/projects/gitpay/frontend/src/components/design-library/atoms/inputs/input-comment/input-comment.tsx(27,33)
      TS2339: Property 'counter' does not exist on type 'StyledComponent<Pick<{}, never> & MUIStyledCommonProps<Theme>, {}, { ref?: Ref<Component<{}, any, any>>; }>'.
 @ ./src/components/design-library/molecules/drawers/offer-drawer/components/offer-drawer-create.tsx 9:0-80 43:28-40
 @ ./src/components/design-library/molecules/drawers/offer-drawer/offer-drawer.tsx 14:0-65 33:44-61
 @ ./src/components/areas/public/features/task/task.js 36:0-85 1294:43-54
 @ ./src/containers/task.js 2:0-65 137:60-64
 @ ./src/main/routes.js 9:0-47 139:15-28 143:15-28 147:15-28 151:15-28 155:15-28 159:15-28 163:15-28 167:15-28 171:15-28 175:15-28 179:15-28
 @ ./src/main/app.js 21:0-30 69:255-261
 @ ./src/index.js 3:0-29 4:49-52

ERROR in /Users/alexandremagno/projects/gitpay/frontend/src/components/design-library/atoms/inputs/price-input/price-input.styles.ts
./src/components/design-library/atoms/inputs/price-input/price-input.styles.ts 3:25-17:2
[tsl] ERROR in /Users/alexandremagno/projects/gitpay/frontend/src/components/design-library/atoms/inputs/price-input/price-input.styles.ts(3,26)
      TS2769: No overload matches this call.
  Overload 1 of 6, '(component: ComponentClass<{}, any>, options?: StyledOptions<MUIStyledCommonProps<Theme>> & MuiStyledOptions): CreateStyledComponent<...>', gave the following error.
    Argument of type '() => { formPayment: { marginTop: number; marginBottom: number; }; currencySymbol: { fontSize: number; }; input: { fontSize: number; fontWeight: string; textAlign: string; height: number; }; }' is not assignable to parameter of type 'ComponentClass<{}, any>'.
      Type '() => { formPayment: { marginTop: number; marginBottom: number; }; currencySymbol: { fontSize: number; }; input: { fontSize: number; fontWeight: string; textAlign: string; height: number; }; }' provides no match for the signature 'new (props: {}, deprecatedLegacyContext?: any): Component<{}, any, any>'.
  Overload 2 of 6, '(component: JSXElementConstructor<{}>, options?: StyledOptions<MUIStyledCommonProps<Theme>> & MuiStyledOptions): CreateStyledComponent<...>', gave the following error.
    Argument of type '() => { formPayment: { marginTop: number; marginBottom: number; }; currencySymbol: { fontSize: number; }; input: { fontSize: number; fontWeight: string; textAlign: string; height: number; }; }' is not assignable to parameter of type 'JSXElementConstructor<{}>'.
      Type '() => { formPayment: { marginTop: number; marginBottom: number; }; currencySymbol: { fontSize: number; }; input: { fontSize: number; fontWeight: string; textAlign: string; height: number; }; }' is not assignable to type '(props: {}, deprecatedLegacyContext?: any) => ReactNode'.
        Type '{ formPayment: { marginTop: number; marginBottom: number; }; currencySymbol: { fontSize: number; }; input: { fontSize: number; fontWeight: string; textAlign: string; height: number; }; }' is not assignable to type 'ReactNode'.
  Overload 3 of 6, '(tag: keyof IntrinsicElements, options?: StyledOptions<MUIStyledCommonProps<Theme>> & MuiStyledOptions): CreateStyledComponent<...>', gave the following error.
    Argument of type '() => { formPayment: { marginTop: number; marginBottom: number; }; currencySymbol: { fontSize: number; }; input: { fontSize: number; fontWeight: string; textAlign: string; height: number; }; }' is not assignable to parameter of type 'keyof IntrinsicElements'.
 @ ./src/components/design-library/atoms/inputs/price-input/price-input.tsx 3:0-45 6:18-27
 @ ./src/components/design-library/organisms/forms/price-forms/price-plan-form/price-plan.tsx 3:0-74 17:32-42
 @ ./src/components/design-library/molecules/drawers/payment-drawer/payment-drawer.tsx 6:0-88 31:28-37
 @ ./src/components/areas/public/features/task/task-payment-form.js 19:0-91 123:46-59
 @ ./src/components/areas/public/features/task/task.js 41:0-50 1057:80-95
 @ ./src/containers/task.js 2:0-65 137:60-64
 @ ./src/main/routes.js 9:0-47 139:15-28 143:15-28 147:15-28 151:15-28 155:15-28 159:15-28 163:15-28 167:15-28 171:15-28 175:15-28 179:15-28
 @ ./src/main/app.js 21:0-30 69:255-261
 @ ./src/index.js 3:0-29 4:49-52

ERROR in /Users/alexandremagno/projects/gitpay/frontend/src/components/design-library/atoms/inputs/price-input/price-input.tsx
./src/components/design-library/atoms/inputs/price-input/price-input.tsx 27:29-40
[tsl] ERROR in /Users/alexandremagno/projects/gitpay/frontend/src/components/design-library/atoms/inputs/price-input/price-input.tsx(27,30)
      TS2339: Property 'formPayment' does not exist on type 'StyledComponent<Pick<{}, never> & MUIStyledCommonProps<Theme>, {}, { ref?: Ref<Component<{}, any, any>>; }>'.
 @ ./src/components/design-library/organisms/forms/price-forms/price-plan-form/price-plan.tsx 3:0-74 17:32-42
 @ ./src/components/design-library/molecules/drawers/payment-drawer/payment-drawer.tsx 6:0-88 31:28-37
 @ ./src/components/areas/public/features/task/task-payment-form.js 19:0-91 123:46-59
 @ ./src/components/areas/public/features/task/task.js 41:0-50 1057:80-95
 @ ./src/containers/task.js 2:0-65 137:60-64
 @ ./src/main/routes.js 9:0-47 139:15-28 143:15-28 147:15-28 151:15-28 155:15-28 159:15-28 163:15-28 167:15-28 171:15-28 175:15-28 179:15-28
 @ ./src/main/app.js 21:0-30 69:255-261
 @ ./src/index.js 3:0-29 4:49-52

ERROR in /Users/alexandremagno/projects/gitpay/frontend/src/components/design-library/atoms/inputs/price-input/price-input.tsx
./src/components/design-library/atoms/inputs/price-input/price-input.tsx 39:39-53
[tsl] ERROR in /Users/alexandremagno/projects/gitpay/frontend/src/components/design-library/atoms/inputs/price-input/price-input.tsx(39,40)
      TS2339: Property 'currencySymbol' does not exist on type 'StyledComponent<Pick<{}, never> & MUIStyledCommonProps<Theme>, {}, { ref?: Ref<Component<{}, any, any>>; }>'.
 @ ./src/components/design-library/organisms/forms/price-forms/price-plan-form/price-plan.tsx 3:0-74 17:32-42
 @ ./src/components/design-library/molecules/drawers/payment-drawer/payment-drawer.tsx 6:0-88 31:28-37
 @ ./src/components/areas/public/features/task/task-payment-form.js 19:0-91 123:46-59
 @ ./src/components/areas/public/features/task/task.js 41:0-50 1057:80-95
 @ ./src/containers/task.js 2:0-65 137:60-64
 @ ./src/main/routes.js 9:0-47 139:15-28 143:15-28 147:15-28 151:15-28 155:15-28 159:15-28 163:15-28 167:15-28 171:15-28 175:15-28 179:15-28
 @ ./src/main/app.js 21:0-30 69:255-261
 @ ./src/index.js 3:0-29 4:49-52

ERROR in /Users/alexandremagno/projects/gitpay/frontend/src/components/design-library/atoms/inputs/price-input/price-input.tsx
./src/components/design-library/atoms/inputs/price-input/price-input.tsx 47:29-34
[tsl] ERROR in /Users/alexandremagno/projects/gitpay/frontend/src/components/design-library/atoms/inputs/price-input/price-input.tsx(47,30)
      TS2339: Property 'input' does not exist on type 'StyledComponent<Pick<{}, never> & MUIStyledCommonProps<Theme>, {}, { ref?: Ref<Component<{}, any, any>>; }>'.
 @ ./src/components/design-library/organisms/forms/price-forms/price-plan-form/price-plan.tsx 3:0-74 17:32-42
 @ ./src/components/design-library/molecules/drawers/payment-drawer/payment-drawer.tsx 6:0-88 31:28-37
 @ ./src/components/areas/public/features/task/task-payment-form.js 19:0-91 123:46-59
 @ ./src/components/areas/public/features/task/task.js 41:0-50 1057:80-95
 @ ./src/containers/task.js 2:0-65 137:60-64
 @ ./src/main/routes.js 9:0-47 139:15-28 143:15-28 147:15-28 151:15-28 155:15-28 159:15-28 163:15-28 167:15-28 171:15-28 175:15-28 179:15-28
 @ ./src/main/app.js 21:0-30 69:255-261
 @ ./src/index.js 3:0-29 4:49-52

ERROR in /Users/alexandremagno/projects/gitpay/frontend/src/components/design-library/atoms/loaders/loader/loader.styles.ts
./src/components/design-library/atoms/loaders/loader/loader.styles.ts 3:25-14:2
[tsl] ERROR in /Users/alexandremagno/projects/gitpay/frontend/src/components/design-library/atoms/loaders/loader/loader.styles.ts(3,26)
      TS2769: No overload matches this call.
  Overload 1 of 6, '(component: ComponentClass<{}, any>, options?: StyledOptions<MUIStyledCommonProps<Theme>> & MuiStyledOptions): CreateStyledComponent<...>', gave the following error.
    Argument of type '() => { root: { flexGrow: number; display: string; justifyContent: string; alignItems: string; height: string; }; progress: { color: string; }; }' is not assignable to parameter of type 'ComponentClass<{}, any>'.
      Type '() => { root: { flexGrow: number; display: string; justifyContent: string; alignItems: string; height: string; }; progress: { color: string; }; }' provides no match for the signature 'new (props: {}, deprecatedLegacyContext?: any): Component<{}, any, any>'.
  Overload 2 of 6, '(component: JSXElementConstructor<{}>, options?: StyledOptions<MUIStyledCommonProps<Theme>> & MuiStyledOptions): CreateStyledComponent<...>', gave the following error.
    Argument of type '() => { root: { flexGrow: number; display: string; justifyContent: string; alignItems: string; height: string; }; progress: { color: string; }; }' is not assignable to parameter of type 'JSXElementConstructor<{}>'.
      Type '() => { root: { flexGrow: number; display: string; justifyContent: string; alignItems: string; height: string; }; progress: { color: string; }; }' is not assignable to type '(props: {}, deprecatedLegacyContext?: any) => ReactNode'.
        Type '{ root: { flexGrow: number; display: string; justifyContent: string; alignItems: string; height: string; }; progress: { color: string; }; }' is not assignable to type 'ReactNode'.
  Overload 3 of 6, '(tag: keyof IntrinsicElements, options?: StyledOptions<MUIStyledCommonProps<Theme>> & MuiStyledOptions): CreateStyledComponent<...>', gave the following error.
    Argument of type '() => { root: { flexGrow: number; display: string; justifyContent: string; alignItems: string; height: string; }; progress: { color: string; }; }' is not assignable to parameter of type 'keyof IntrinsicElements'.
 @ ./src/components/design-library/atoms/loaders/loader/loader.tsx 2:0-40 5:18-27
 @ ./src/main/app.js 28:0-78 71:44-50
 @ ./src/index.js 3:0-29 4:49-52

ERROR in /Users/alexandremagno/projects/gitpay/frontend/src/components/design-library/atoms/loaders/loader/loader.tsx
./src/components/design-library/atoms/loaders/loader/loader.tsx 10:28-32
[tsl] ERROR in /Users/alexandremagno/projects/gitpay/frontend/src/components/design-library/atoms/loaders/loader/loader.tsx(10,29)
      TS2339: Property 'root' does not exist on type 'StyledComponent<Pick<{}, never> & MUIStyledCommonProps<Theme>, {}, { ref?: Ref<Component<{}, any, any>>; }>'.
 @ ./src/main/app.js 28:0-78 71:44-50
 @ ./src/index.js 3:0-29 4:49-52

ERROR in /Users/alexandremagno/projects/gitpay/frontend/src/components/design-library/atoms/loaders/loader/loader.tsx
./src/components/design-library/atoms/loaders/loader/loader.tsx 11:43-51
[tsl] ERROR in /Users/alexandremagno/projects/gitpay/frontend/src/components/design-library/atoms/loaders/loader/loader.tsx(11,44)
      TS2339: Property 'progress' does not exist on type 'StyledComponent<Pick<{}, never> & MUIStyledCommonProps<Theme>, {}, { ref?: Ref<Component<{}, any, any>>; }>'.
 @ ./src/main/app.js 28:0-78 71:44-50
 @ ./src/index.js 3:0-29 4:49-52

ERROR in /Users/alexandremagno/projects/gitpay/frontend/src/components/design-library/atoms/loaders/placeholders/avatar-placeholder.styles.ts
3:25-9:2
[tsl] ERROR in /Users/alexandremagno/projects/gitpay/frontend/src/components/design-library/atoms/loaders/placeholders/avatar-placeholder.styles.ts(3,26)
      TS2769: No overload matches this call.
  Overload 1 of 6, '(component: ComponentClass<{}, any>, options?: StyledOptions<MUIStyledCommonProps<Theme>> & MuiStyledOptions): CreateStyledComponent<...>', gave the following error.
    Argument of type '() => { placeholder: { width: number; height: number; margin: number; }; }' is not assignable to parameter of type 'ComponentClass<{}, any>'.
      Type '() => { placeholder: { width: number; height: number; margin: number; }; }' provides no match for the signature 'new (props: {}, deprecatedLegacyContext?: any): Component<{}, any, any>'.
  Overload 2 of 6, '(component: JSXElementConstructor<{}>, options?: StyledOptions<MUIStyledCommonProps<Theme>> & MuiStyledOptions): CreateStyledComponent<...>', gave the following error.
    Argument of type '() => { placeholder: { width: number; height: number; margin: number; }; }' is not assignable to parameter of type 'JSXElementConstructor<{}>'.
      Type '() => { placeholder: { width: number; height: number; margin: number; }; }' is not assignable to type '(props: {}, deprecatedLegacyContext?: any) => ReactNode'.
        Type '{ placeholder: { width: number; height: number; margin: number; }; }' is not assignable to type 'ReactNode'.
  Overload 3 of 6, '(tag: keyof IntrinsicElements, options?: StyledOptions<MUIStyledCommonProps<Theme>> & MuiStyledOptions): CreateStyledComponent<...>', gave the following error.
    Argument of type '() => { placeholder: { width: number; height: number; margin: number; }; }' is not assignable to parameter of type 'keyof IntrinsicElements'.

ERROR in /Users/alexandremagno/projects/gitpay/frontend/src/components/design-library/atoms/loaders/placeholders/avatar-placeholder.tsx
9:54-65
[tsl] ERROR in /Users/alexandremagno/projects/gitpay/frontend/src/components/design-library/atoms/loaders/placeholders/avatar-placeholder.tsx(9,55)
      TS2339: Property 'placeholder' does not exist on type 'StyledComponent<Pick<{}, never> & MUIStyledCommonProps<Theme>, {}, { ref?: Ref<Component<{}, any, any>>; }>'.

ERROR in /Users/alexandremagno/projects/gitpay/frontend/src/components/design-library/atoms/status/account-status/account-holder-status/account-holder-status.tsx
./src/components/design-library/atoms/status/account-status/account-holder-status/account-holder-status.tsx 22:18-27
[tsl] ERROR in /Users/alexandremagno/projects/gitpay/frontend/src/components/design-library/atoms/status/account-status/account-holder-status/account-holder-status.tsx(22,19)
      TS2554: Expected 1-2 arguments, but got 0.
 @ ./src/components/design-library/organisms/forms/account-forms/account-details-form/account-details-form.tsx 11:0-118 35:406-425
 @ ./src/components/design-library/pages/private/settings-pages/payout-settings-bank-account-holder/payout-settings-bank-account-holder.tsx 2:0-117 6:28-46
 @ ./src/components/areas/private/features/payout-settings/pages/payout-settings-bank-account-holder-page.tsx 38:0-162 87:32-63
 @ ./src/components/areas/private/features/payout-settings/pages/payout-settings-bank-account-page.tsx 15:0-94 30:55-91
 @ ./src/containers/account/payout-settings/payouts-settings-bank-account.ts 5:0-132 30:60-78
 @ ./src/components/areas/private/features/payout-settings/pages/payout-settings-page.tsx 5:0-132 15:107-141
 @ ./src/components/areas/private/pages/private-page.tsx 26:0-84 83:90-104
 @ ./src/containers/profile.js 2:0-73 82:60-71
 @ ./src/main/routes.js 7:0-53 46:15-31
 @ ./src/main/app.js 21:0-30 69:255-261
 @ ./src/index.js 3:0-29 4:49-52

ERROR in /Users/alexandremagno/projects/gitpay/frontend/src/components/design-library/atoms/status/account-status/account-holder-status/account-holder-status.tsx
./src/components/design-library/atoms/status/account-status/account-holder-status/account-holder-status.tsx 25:96-103
[tsl] ERROR in /Users/alexandremagno/projects/gitpay/frontend/src/components/design-library/atoms/status/account-status/account-holder-status/account-holder-status.tsx(25,97)
      TS2339: Property 'pending' does not exist on type 'ReactNode'.
  Property 'pending' does not exist on type 'string'.
 @ ./src/components/design-library/organisms/forms/account-forms/account-details-form/account-details-form.tsx 11:0-118 35:406-425
 @ ./src/components/design-library/pages/private/settings-pages/payout-settings-bank-account-holder/payout-settings-bank-account-holder.tsx 2:0-117 6:28-46
 @ ./src/components/areas/private/features/payout-settings/pages/payout-settings-bank-account-holder-page.tsx 38:0-162 87:32-63
 @ ./src/components/areas/private/features/payout-settings/pages/payout-settings-bank-account-page.tsx 15:0-94 30:55-91
 @ ./src/containers/account/payout-settings/payouts-settings-bank-account.ts 5:0-132 30:60-78
 @ ./src/components/areas/private/features/payout-settings/pages/payout-settings-page.tsx 5:0-132 15:107-141
 @ ./src/components/areas/private/pages/private-page.tsx 26:0-84 83:90-104
 @ ./src/containers/profile.js 2:0-73 82:60-71
 @ ./src/main/routes.js 7:0-53 46:15-31
 @ ./src/main/app.js 21:0-30 69:255-261
 @ ./src/index.js 3:0-29 4:49-52

ERROR in /Users/alexandremagno/projects/gitpay/frontend/src/components/design-library/atoms/status/account-status/account-holder-status/account-holder-status.tsx
./src/components/design-library/atoms/status/account-status/account-holder-status/account-holder-status.tsx 26:95-101
[tsl] ERROR in /Users/alexandremagno/projects/gitpay/frontend/src/components/design-library/atoms/status/account-status/account-holder-status/account-holder-status.tsx(26,96)
      TS2339: Property 'active' does not exist on type 'ReactNode'.
  Property 'active' does not exist on type 'string'.
 @ ./src/components/design-library/organisms/forms/account-forms/account-details-form/account-details-form.tsx 11:0-118 35:406-425
 @ ./src/components/design-library/pages/private/settings-pages/payout-settings-bank-account-holder/payout-settings-bank-account-holder.tsx 2:0-117 6:28-46
 @ ./src/components/areas/private/features/payout-settings/pages/payout-settings-bank-account-holder-page.tsx 38:0-162 87:32-63
 @ ./src/components/areas/private/features/payout-settings/pages/payout-settings-bank-account-page.tsx 15:0-94 30:55-91
 @ ./src/containers/account/payout-settings/payouts-settings-bank-account.ts 5:0-132 30:60-78
 @ ./src/components/areas/private/features/payout-settings/pages/payout-settings-page.tsx 5:0-132 15:107-141
 @ ./src/components/areas/private/pages/private-page.tsx 26:0-84 83:90-104
 @ ./src/containers/profile.js 2:0-73 82:60-71
 @ ./src/main/routes.js 7:0-53 46:15-31
 @ ./src/main/app.js 21:0-30 69:255-261
 @ ./src/index.js 3:0-29 4:49-52

ERROR in /Users/alexandremagno/projects/gitpay/frontend/src/components/design-library/atoms/status/account-status/account-holder-status/account-holder-status.tsx
./src/components/design-library/atoms/status/account-status/account-holder-status/account-holder-status.tsx 27:103-111
[tsl] ERROR in /Users/alexandremagno/projects/gitpay/frontend/src/components/design-library/atoms/status/account-status/account-holder-status/account-holder-status.tsx(27,104)
      TS2339: Property 'inactive' does not exist on type 'ReactNode'.
  Property 'inactive' does not exist on type 'string'.
 @ ./src/components/design-library/organisms/forms/account-forms/account-details-form/account-details-form.tsx 11:0-118 35:406-425
 @ ./src/components/design-library/pages/private/settings-pages/payout-settings-bank-account-holder/payout-settings-bank-account-holder.tsx 2:0-117 6:28-46
 @ ./src/components/areas/private/features/payout-settings/pages/payout-settings-bank-account-holder-page.tsx 38:0-162 87:32-63
 @ ./src/components/areas/private/features/payout-settings/pages/payout-settings-bank-account-page.tsx 15:0-94 30:55-91
 @ ./src/containers/account/payout-settings/payouts-settings-bank-account.ts 5:0-132 30:60-78
 @ ./src/components/areas/private/features/payout-settings/pages/payout-settings-page.tsx 5:0-132 15:107-141
 @ ./src/components/areas/private/pages/private-page.tsx 26:0-84 83:90-104
 @ ./src/containers/profile.js 2:0-73 82:60-71
 @ ./src/main/routes.js 7:0-53 46:15-31
 @ ./src/main/app.js 21:0-30 69:255-261
 @ ./src/index.js 3:0-29 4:49-52

ERROR in /Users/alexandremagno/projects/gitpay/frontend/src/components/design-library/atoms/status/account-status/account-holder-status/account-holder-status.tsx
./src/components/design-library/atoms/status/account-status/account-holder-status/account-holder-status.tsx 28:104-111
[tsl] ERROR in /Users/alexandremagno/projects/gitpay/frontend/src/components/design-library/atoms/status/account-status/account-holder-status/account-holder-status.tsx(28,105)
      TS2339: Property 'unknown' does not exist on type 'ReactNode'.
  Property 'unknown' does not exist on type 'string'.
 @ ./src/components/design-library/organisms/forms/account-forms/account-details-form/account-details-form.tsx 11:0-118 35:406-425
 @ ./src/components/design-library/pages/private/settings-pages/payout-settings-bank-account-holder/payout-settings-bank-account-holder.tsx 2:0-117 6:28-46
 @ ./src/components/areas/private/features/payout-settings/pages/payout-settings-bank-account-holder-page.tsx 38:0-162 87:32-63
 @ ./src/components/areas/private/features/payout-settings/pages/payout-settings-bank-account-page.tsx 15:0-94 30:55-91
 @ ./src/containers/account/payout-settings/payouts-settings-bank-account.ts 5:0-132 30:60-78
 @ ./src/components/areas/private/features/payout-settings/pages/payout-settings-page.tsx 5:0-132 15:107-141
 @ ./src/components/areas/private/pages/private-page.tsx 26:0-84 83:90-104
 @ ./src/containers/profile.js 2:0-73 82:60-71
 @ ./src/main/routes.js 7:0-53 46:15-31
 @ ./src/main/app.js 21:0-30 69:255-261
 @ ./src/index.js 3:0-29 4:49-52

ERROR in /Users/alexandremagno/projects/gitpay/frontend/src/components/design-library/atoms/status/account-status/bank-account-status/bank-account-status.tsx
./src/components/design-library/atoms/status/account-status/bank-account-status/bank-account-status.tsx 21:18-27
[tsl] ERROR in /Users/alexandremagno/projects/gitpay/frontend/src/components/design-library/atoms/status/account-status/bank-account-status/bank-account-status.tsx(21,19)
      TS2554: Expected 1-2 arguments, but got 0.
 @ ./src/components/design-library/organisms/forms/bank-account-forms/bank-account-form/bank-account-form.tsx 13:0-112 42:410-427
 @ ./src/components/design-library/pages/private/settings-pages/payout-settings-bank-account-info/payout-settings-bank-account-info.tsx 2:0-113 5:32-47
 @ ./src/components/areas/private/features/payout-settings/pages/payout-settings-bank-account-info-page.tsx 49:0-156 80:28-57
 @ ./src/components/areas/private/features/payout-settings/pages/payout-settings-bank-account-page.tsx 16:0-89 33:55-88
 @ ./src/containers/account/payout-settings/payouts-settings-bank-account.ts 5:0-132 30:60-78
 @ ./src/components/areas/private/features/payout-settings/pages/payout-settings-page.tsx 5:0-132 15:107-141
 @ ./src/components/areas/private/pages/private-page.tsx 26:0-84 83:90-104
 @ ./src/containers/profile.js 2:0-73 82:60-71
 @ ./src/main/routes.js 7:0-53 46:15-31
 @ ./src/main/app.js 21:0-30 69:255-261
 @ ./src/index.js 3:0-29 4:49-52

ERROR in /Users/alexandremagno/projects/gitpay/frontend/src/components/design-library/atoms/status/account-status/bank-account-status/bank-account-status.tsx
./src/components/design-library/atoms/status/account-status/bank-account-status/bank-account-status.tsx 24:92-98
[tsl] ERROR in /Users/alexandremagno/projects/gitpay/frontend/src/components/design-library/atoms/status/account-status/bank-account-status/bank-account-status.tsx(24,93)
      TS2339: Property 'active' does not exist on type 'ReactNode'.
  Property 'active' does not exist on type 'string'.
 @ ./src/components/design-library/organisms/forms/bank-account-forms/bank-account-form/bank-account-form.tsx 13:0-112 42:410-427
 @ ./src/components/design-library/pages/private/settings-pages/payout-settings-bank-account-info/payout-settings-bank-account-info.tsx 2:0-113 5:32-47
 @ ./src/components/areas/private/features/payout-settings/pages/payout-settings-bank-account-info-page.tsx 49:0-156 80:28-57
 @ ./src/components/areas/private/features/payout-settings/pages/payout-settings-bank-account-page.tsx 16:0-89 33:55-88
 @ ./src/containers/account/payout-settings/payouts-settings-bank-account.ts 5:0-132 30:60-78
 @ ./src/components/areas/private/features/payout-settings/pages/payout-settings-page.tsx 5:0-132 15:107-141
 @ ./src/components/areas/private/pages/private-page.tsx 26:0-84 83:90-104
 @ ./src/containers/profile.js 2:0-73 82:60-71
 @ ./src/main/routes.js 7:0-53 46:15-31
 @ ./src/main/app.js 21:0-30 69:255-261
 @ ./src/index.js 3:0-29 4:49-52

ERROR in /Users/alexandremagno/projects/gitpay/frontend/src/components/design-library/atoms/status/account-status/bank-account-status/bank-account-status.tsx
./src/components/design-library/atoms/status/account-status/bank-account-status/bank-account-status.tsx 25:98-104
[tsl] ERROR in /Users/alexandremagno/projects/gitpay/frontend/src/components/design-library/atoms/status/account-status/bank-account-status/bank-account-status.tsx(25,99)
      TS2339: Property 'active' does not exist on type 'ReactNode'.
  Property 'active' does not exist on type 'string'.
 @ ./src/components/design-library/organisms/forms/bank-account-forms/bank-account-form/bank-account-form.tsx 13:0-112 42:410-427
 @ ./src/components/design-library/pages/private/settings-pages/payout-settings-bank-account-info/payout-settings-bank-account-info.tsx 2:0-113 5:32-47
 @ ./src/components/areas/private/features/payout-settings/pages/payout-settings-bank-account-info-page.tsx 49:0-156 80:28-57
 @ ./src/components/areas/private/features/payout-settings/pages/payout-settings-bank-account-page.tsx 16:0-89 33:55-88
 @ ./src/containers/account/payout-settings/payouts-settings-bank-account.ts 5:0-132 30:60-78
 @ ./src/components/areas/private/features/payout-settings/pages/payout-settings-page.tsx 5:0-132 15:107-141
 @ ./src/components/areas/private/pages/private-page.tsx 26:0-84 83:90-104
 @ ./src/containers/profile.js 2:0-73 82:60-71
 @ ./src/main/routes.js 7:0-53 46:15-31
 @ ./src/main/app.js 21:0-30 69:255-261
 @ ./src/index.js 3:0-29 4:49-52

ERROR in /Users/alexandremagno/projects/gitpay/frontend/src/components/design-library/atoms/status/account-status/bank-account-status/bank-account-status.tsx
./src/components/design-library/atoms/status/account-status/bank-account-status/bank-account-status.tsx 26:97-103
[tsl] ERROR in /Users/alexandremagno/projects/gitpay/frontend/src/components/design-library/atoms/status/account-status/bank-account-status/bank-account-status.tsx(26,98)
      TS2339: Property 'active' does not exist on type 'ReactNode'.
  Property 'active' does not exist on type 'string'.
 @ ./src/components/design-library/organisms/forms/bank-account-forms/bank-account-form/bank-account-form.tsx 13:0-112 42:410-427
 @ ./src/components/design-library/pages/private/settings-pages/payout-settings-bank-account-info/payout-settings-bank-account-info.tsx 2:0-113 5:32-47
 @ ./src/components/areas/private/features/payout-settings/pages/payout-settings-bank-account-info-page.tsx 49:0-156 80:28-57
 @ ./src/components/areas/private/features/payout-settings/pages/payout-settings-bank-account-page.tsx 16:0-89 33:55-88
 @ ./src/containers/account/payout-settings/payouts-settings-bank-account.ts 5:0-132 30:60-78
 @ ./src/components/areas/private/features/payout-settings/pages/payout-settings-page.tsx 5:0-132 15:107-141
 @ ./src/components/areas/private/pages/private-page.tsx 26:0-84 83:90-104
 @ ./src/containers/profile.js 2:0-73 82:60-71
 @ ./src/main/routes.js 7:0-53 46:15-31
 @ ./src/main/app.js 21:0-30 69:255-261
 @ ./src/index.js 3:0-29 4:49-52

ERROR in /Users/alexandremagno/projects/gitpay/frontend/src/components/design-library/atoms/status/account-status/bank-account-status/bank-account-status.tsx
./src/components/design-library/atoms/status/account-status/bank-account-status/bank-account-status.tsx 27:102-110
[tsl] ERROR in /Users/alexandremagno/projects/gitpay/frontend/src/components/design-library/atoms/status/account-status/bank-account-status/bank-account-status.tsx(27,103)
      TS2339: Property 'inactive' does not exist on type 'ReactNode'.
  Property 'inactive' does not exist on type 'string'.
 @ ./src/components/design-library/organisms/forms/bank-account-forms/bank-account-form/bank-account-form.tsx 13:0-112 42:410-427
 @ ./src/components/design-library/pages/private/settings-pages/payout-settings-bank-account-info/payout-settings-bank-account-info.tsx 2:0-113 5:32-47
 @ ./src/components/areas/private/features/payout-settings/pages/payout-settings-bank-account-info-page.tsx 49:0-156 80:28-57
 @ ./src/components/areas/private/features/payout-settings/pages/payout-settings-bank-account-page.tsx 16:0-89 33:55-88
 @ ./src/containers/account/payout-settings/payouts-settings-bank-account.ts 5:0-132 30:60-78
 @ ./src/components/areas/private/features/payout-settings/pages/payout-settings-page.tsx 5:0-132 15:107-141
 @ ./src/components/areas/private/pages/private-page.tsx 26:0-84 83:90-104
 @ ./src/containers/profile.js 2:0-73 82:60-71
 @ ./src/main/routes.js 7:0-53 46:15-31
 @ ./src/main/app.js 21:0-30 69:255-261
 @ ./src/index.js 3:0-29 4:49-52

ERROR in /Users/alexandremagno/projects/gitpay/frontend/src/components/design-library/atoms/status/account-status/bank-account-status/bank-account-status.tsx
./src/components/design-library/atoms/status/account-status/bank-account-status/bank-account-status.tsx 28:114-122
[tsl] ERROR in /Users/alexandremagno/projects/gitpay/frontend/src/components/design-library/atoms/status/account-status/bank-account-status/bank-account-status.tsx(28,115)
      TS2339: Property 'inactive' does not exist on type 'ReactNode'.
  Property 'inactive' does not exist on type 'string'.
 @ ./src/components/design-library/organisms/forms/bank-account-forms/bank-account-form/bank-account-form.tsx 13:0-112 42:410-427
 @ ./src/components/design-library/pages/private/settings-pages/payout-settings-bank-account-info/payout-settings-bank-account-info.tsx 2:0-113 5:32-47
 @ ./src/components/areas/private/features/payout-settings/pages/payout-settings-bank-account-info-page.tsx 49:0-156 80:28-57
 @ ./src/components/areas/private/features/payout-settings/pages/payout-settings-bank-account-page.tsx 16:0-89 33:55-88
 @ ./src/containers/account/payout-settings/payouts-settings-bank-account.ts 5:0-132 30:60-78
 @ ./src/components/areas/private/features/payout-settings/pages/payout-settings-page.tsx 5:0-132 15:107-141
 @ ./src/components/areas/private/pages/private-page.tsx 26:0-84 83:90-104
 @ ./src/containers/profile.js 2:0-73 82:60-71
 @ ./src/main/routes.js 7:0-53 46:15-31
 @ ./src/main/app.js 21:0-30 69:255-261
 @ ./src/index.js 3:0-29 4:49-52

ERROR in /Users/alexandremagno/projects/gitpay/frontend/src/components/design-library/atoms/status/account-status/bank-account-status/bank-account-status.tsx
./src/components/design-library/atoms/status/account-status/bank-account-status/bank-account-status.tsx 29:104-111
[tsl] ERROR in /Users/alexandremagno/projects/gitpay/frontend/src/components/design-library/atoms/status/account-status/bank-account-status/bank-account-status.tsx(29,105)
      TS2339: Property 'unknown' does not exist on type 'ReactNode'.
  Property 'unknown' does not exist on type 'string'.
 @ ./src/components/design-library/organisms/forms/bank-account-forms/bank-account-form/bank-account-form.tsx 13:0-112 42:410-427
 @ ./src/components/design-library/pages/private/settings-pages/payout-settings-bank-account-info/payout-settings-bank-account-info.tsx 2:0-113 5:32-47
 @ ./src/components/areas/private/features/payout-settings/pages/payout-settings-bank-account-info-page.tsx 49:0-156 80:28-57
 @ ./src/components/areas/private/features/payout-settings/pages/payout-settings-bank-account-page.tsx 16:0-89 33:55-88
 @ ./src/containers/account/payout-settings/payouts-settings-bank-account.ts 5:0-132 30:60-78
 @ ./src/components/areas/private/features/payout-settings/pages/payout-settings-page.tsx 5:0-132 15:107-141
 @ ./src/components/areas/private/pages/private-page.tsx 26:0-84 83:90-104
 @ ./src/containers/profile.js 2:0-73 82:60-71
 @ ./src/main/routes.js 7:0-53 46:15-31
 @ ./src/main/app.js 21:0-30 69:255-261
 @ ./src/index.js 3:0-29 4:49-52

ERROR in /Users/alexandremagno/projects/gitpay/frontend/src/components/design-library/atoms/status/payment-types-status/invoice-status/invoice-status.tsx
./src/components/design-library/atoms/status/payment-types-status/invoice-status/invoice-status.tsx 20:18-27
[tsl] ERROR in /Users/alexandremagno/projects/gitpay/frontend/src/components/design-library/atoms/status/payment-types-status/invoice-status/invoice-status.tsx(20,19)
      TS2554: Expected 1-2 arguments, but got 0.
 @ ./src/components/areas/private/features/payments/legacy/payments.js 31:0-107 404:175-188
 @ ./src/containers/payments.js 2:0-85 60:60-68
 @ ./src/components/areas/private/pages/private-page.tsx 20:0-64 52:96-113
 @ ./src/containers/profile.js 2:0-73 82:60-71
 @ ./src/main/routes.js 7:0-53 46:15-31
 @ ./src/main/app.js 21:0-30 69:255-261
 @ ./src/index.js 3:0-29 4:49-52

ERROR in /Users/alexandremagno/projects/gitpay/frontend/src/components/design-library/atoms/status/payment-types-status/invoice-status/invoice-status.tsx
./src/components/design-library/atoms/status/payment-types-status/invoice-status/invoice-status.tsx 27:41-48
[tsl] ERROR in /Users/alexandremagno/projects/gitpay/frontend/src/components/design-library/atoms/status/payment-types-status/invoice-status/invoice-status.tsx(27,42)
      TS2339: Property 'pending' does not exist on type 'ReactNode'.
  Property 'pending' does not exist on type 'string'.
 @ ./src/components/areas/private/features/payments/legacy/payments.js 31:0-107 404:175-188
 @ ./src/containers/payments.js 2:0-85 60:60-68
 @ ./src/components/areas/private/pages/private-page.tsx 20:0-64 52:96-113
 @ ./src/containers/profile.js 2:0-73 82:60-71
 @ ./src/main/routes.js 7:0-53 46:15-31
 @ ./src/main/app.js 21:0-30 69:255-261
 @ ./src/index.js 3:0-29 4:49-52

ERROR in /Users/alexandremagno/projects/gitpay/frontend/src/components/design-library/atoms/status/payment-types-status/invoice-status/invoice-status.tsx
./src/components/design-library/atoms/status/payment-types-status/invoice-status/invoice-status.tsx 34:45-50
[tsl] ERROR in /Users/alexandremagno/projects/gitpay/frontend/src/components/design-library/atoms/status/payment-types-status/invoice-status/invoice-status.tsx(34,46)
      TS2339: Property 'draft' does not exist on type 'ReactNode'.
  Property 'draft' does not exist on type 'string'.
 @ ./src/components/areas/private/features/payments/legacy/payments.js 31:0-107 404:175-188
 @ ./src/containers/payments.js 2:0-85 60:60-68
 @ ./src/components/areas/private/pages/private-page.tsx 20:0-64 52:96-113
 @ ./src/containers/profile.js 2:0-73 82:60-71
 @ ./src/main/routes.js 7:0-53 46:15-31
 @ ./src/main/app.js 21:0-30 69:255-261
 @ ./src/index.js 3:0-29 4:49-52

ERROR in /Users/alexandremagno/projects/gitpay/frontend/src/components/design-library/atoms/status/payment-types-status/invoice-status/invoice-status.tsx
./src/components/design-library/atoms/status/payment-types-status/invoice-status/invoice-status.tsx 41:41-45
[tsl] ERROR in /Users/alexandremagno/projects/gitpay/frontend/src/components/design-library/atoms/status/payment-types-status/invoice-status/invoice-status.tsx(41,42)
      TS2339: Property 'open' does not exist on type 'ReactNode'.
  Property 'open' does not exist on type 'string'.
 @ ./src/components/areas/private/features/payments/legacy/payments.js 31:0-107 404:175-188
 @ ./src/containers/payments.js 2:0-85 60:60-68
 @ ./src/components/areas/private/pages/private-page.tsx 20:0-64 52:96-113
 @ ./src/containers/profile.js 2:0-73 82:60-71
 @ ./src/main/routes.js 7:0-53 46:15-31
 @ ./src/main/app.js 21:0-30 69:255-261
 @ ./src/index.js 3:0-29 4:49-52

ERROR in /Users/alexandremagno/projects/gitpay/frontend/src/components/design-library/atoms/status/payment-types-status/invoice-status/invoice-status.tsx
./src/components/design-library/atoms/status/payment-types-status/invoice-status/invoice-status.tsx 47:43-47
[tsl] ERROR in /Users/alexandremagno/projects/gitpay/frontend/src/components/design-library/atoms/status/payment-types-status/invoice-status/invoice-status.tsx(47,44)
      TS2339: Property 'paid' does not exist on type 'ReactNode'.
  Property 'paid' does not exist on type 'string'.
 @ ./src/components/areas/private/features/payments/legacy/payments.js 31:0-107 404:175-188
 @ ./src/containers/payments.js 2:0-85 60:60-68
 @ ./src/components/areas/private/pages/private-page.tsx 20:0-64 52:96-113
 @ ./src/containers/profile.js 2:0-73 82:60-71
 @ ./src/main/routes.js 7:0-53 46:15-31
 @ ./src/main/app.js 21:0-30 69:255-261
 @ ./src/index.js 3:0-29 4:49-52

ERROR in /Users/alexandremagno/projects/gitpay/frontend/src/components/design-library/atoms/status/payment-types-status/invoice-status/invoice-status.tsx
./src/components/design-library/atoms/status/payment-types-status/invoice-status/invoice-status.tsx 53:45-51
[tsl] ERROR in /Users/alexandremagno/projects/gitpay/frontend/src/components/design-library/atoms/status/payment-types-status/invoice-status/invoice-status.tsx(53,46)
      TS2339: Property 'failed' does not exist on type 'ReactNode'.
  Property 'failed' does not exist on type 'string'.
 @ ./src/components/areas/private/features/payments/legacy/payments.js 31:0-107 404:175-188
 @ ./src/containers/payments.js 2:0-85 60:60-68
 @ ./src/components/areas/private/pages/private-page.tsx 20:0-64 52:96-113
 @ ./src/containers/profile.js 2:0-73 82:60-71
 @ ./src/main/routes.js 7:0-53 46:15-31
 @ ./src/main/app.js 21:0-30 69:255-261
 @ ./src/index.js 3:0-29 4:49-52

ERROR in /Users/alexandremagno/projects/gitpay/frontend/src/components/design-library/atoms/status/payment-types-status/invoice-status/invoice-status.tsx
./src/components/design-library/atoms/status/payment-types-status/invoice-status/invoice-status.tsx 60:45-58
[tsl] ERROR in /Users/alexandremagno/projects/gitpay/frontend/src/components/design-library/atoms/status/payment-types-status/invoice-status/invoice-status.tsx(60,46)
      TS2339: Property 'uncollectible' does not exist on type 'ReactNode'.
  Property 'uncollectible' does not exist on type 'string'.
 @ ./src/components/areas/private/features/payments/legacy/payments.js 31:0-107 404:175-188
 @ ./src/containers/payments.js 2:0-85 60:60-68
 @ ./src/components/areas/private/pages/private-page.tsx 20:0-64 52:96-113
 @ ./src/containers/profile.js 2:0-73 82:60-71
 @ ./src/main/routes.js 7:0-53 46:15-31
 @ ./src/main/app.js 21:0-30 69:255-261
 @ ./src/index.js 3:0-29 4:49-52

ERROR in /Users/alexandremagno/projects/gitpay/frontend/src/components/design-library/atoms/status/payment-types-status/invoice-status/invoice-status.tsx
./src/components/design-library/atoms/status/payment-types-status/invoice-status/invoice-status.tsx 66:45-49
[tsl] ERROR in /Users/alexandremagno/projects/gitpay/frontend/src/components/design-library/atoms/status/payment-types-status/invoice-status/invoice-status.tsx(66,46)
      TS2339: Property 'void' does not exist on type 'ReactNode'.
  Property 'void' does not exist on type 'string'.
 @ ./src/components/areas/private/features/payments/legacy/payments.js 31:0-107 404:175-188
 @ ./src/containers/payments.js 2:0-85 60:60-68
 @ ./src/components/areas/private/pages/private-page.tsx 20:0-64 52:96-113
 @ ./src/containers/profile.js 2:0-73 82:60-71
 @ ./src/main/routes.js 7:0-53 46:15-31
 @ ./src/main/app.js 21:0-30 69:255-261
 @ ./src/index.js 3:0-29 4:49-52

ERROR in /Users/alexandremagno/projects/gitpay/frontend/src/components/design-library/atoms/status/payment-types-status/invoice-status/invoice-status.tsx
./src/components/design-library/atoms/status/payment-types-status/invoice-status/invoice-status.tsx 72:41-49
[tsl] ERROR in /Users/alexandremagno/projects/gitpay/frontend/src/components/design-library/atoms/status/payment-types-status/invoice-status/invoice-status.tsx(72,42)
      TS2339: Property 'refunded' does not exist on type 'ReactNode'.
  Property 'refunded' does not exist on type 'string'.
 @ ./src/components/areas/private/features/payments/legacy/payments.js 31:0-107 404:175-188
 @ ./src/containers/payments.js 2:0-85 60:60-68
 @ ./src/components/areas/private/pages/private-page.tsx 20:0-64 52:96-113
 @ ./src/containers/profile.js 2:0-73 82:60-71
 @ ./src/main/routes.js 7:0-53 46:15-31
 @ ./src/main/app.js 21:0-30 69:255-261
 @ ./src/index.js 3:0-29 4:49-52

ERROR in /Users/alexandremagno/projects/gitpay/frontend/src/components/design-library/atoms/status/payment-types-status/invoice-status/invoice-status.tsx
./src/components/design-library/atoms/status/payment-types-status/invoice-status/invoice-status.tsx 78:49-56
[tsl] ERROR in /Users/alexandremagno/projects/gitpay/frontend/src/components/design-library/atoms/status/payment-types-status/invoice-status/invoice-status.tsx(78,50)
      TS2339: Property 'unknown' does not exist on type 'ReactNode'.
  Property 'unknown' does not exist on type 'string'.
 @ ./src/components/areas/private/features/payments/legacy/payments.js 31:0-107 404:175-188
 @ ./src/containers/payments.js 2:0-85 60:60-68
 @ ./src/components/areas/private/pages/private-page.tsx 20:0-64 52:96-113
 @ ./src/containers/profile.js 2:0-73 82:60-71
 @ ./src/main/routes.js 7:0-53 46:15-31
 @ ./src/main/app.js 21:0-30 69:255-261
 @ ./src/index.js 3:0-29 4:49-52

ERROR in /Users/alexandremagno/projects/gitpay/frontend/src/components/design-library/molecules/cards/balance-card/balance-card.tsx
./src/components/design-library/molecules/cards/balance-card/balance-card.tsx 90:10-12
[tsl] ERROR in /Users/alexandremagno/projects/gitpay/frontend/src/components/design-library/molecules/cards/balance-card/balance-card.tsx(90,11)
      TS1128: Declaration or statement expected.
 @ ./src/components/areas/public/features/task/payment/methods/wallet/payment-method-wallet-tab.tsx 41:0-83 103:279-290
 @ ./src/components/areas/public/features/task/task-payment-form.js 23:0-88 208:54-76
 @ ./src/components/areas/public/features/task/task.js 41:0-50 1057:80-95
 @ ./src/containers/task.js 2:0-65 137:60-64
 @ ./src/main/routes.js 9:0-47 139:15-28 143:15-28 147:15-28 151:15-28 155:15-28 159:15-28 163:15-28 167:15-28 171:15-28 175:15-28 179:15-28
 @ ./src/main/app.js 21:0-30 69:255-261
 @ ./src/index.js 3:0-29 4:49-52

ERROR in /Users/alexandremagno/projects/gitpay/frontend/src/components/design-library/molecules/cards/balance-card/balance-card.tsx
./src/components/design-library/molecules/cards/balance-card/balance-card.tsx 91:8-10
[tsl] ERROR in /Users/alexandremagno/projects/gitpay/frontend/src/components/design-library/molecules/cards/balance-card/balance-card.tsx(91,9)
      TS1109: Expression expected.
 @ ./src/components/areas/public/features/task/payment/methods/wallet/payment-method-wallet-tab.tsx 41:0-83 103:279-290
 @ ./src/components/areas/public/features/task/task-payment-form.js 23:0-88 208:54-76
 @ ./src/components/areas/public/features/task/task.js 41:0-50 1057:80-95
 @ ./src/containers/task.js 2:0-65 137:60-64
 @ ./src/main/routes.js 9:0-47 139:15-28 143:15-28 147:15-28 151:15-28 155:15-28 159:15-28 163:15-28 167:15-28 171:15-28 175:15-28 179:15-28
 @ ./src/main/app.js 21:0-30 69:255-261
 @ ./src/index.js 3:0-29 4:49-52

ERROR in /Users/alexandremagno/projects/gitpay/frontend/src/components/design-library/molecules/cards/balance-card/balance-card.tsx
./src/components/design-library/molecules/cards/balance-card/balance-card.tsx 92:6-7
[tsl] ERROR in /Users/alexandremagno/projects/gitpay/frontend/src/components/design-library/molecules/cards/balance-card/balance-card.tsx(92,7)
      TS1109: Expression expected.
 @ ./src/components/areas/public/features/task/payment/methods/wallet/payment-method-wallet-tab.tsx 41:0-83 103:279-290
 @ ./src/components/areas/public/features/task/task-payment-form.js 23:0-88 208:54-76
 @ ./src/components/areas/public/features/task/task.js 41:0-50 1057:80-95
 @ ./src/containers/task.js 2:0-65 137:60-64
 @ ./src/main/routes.js 9:0-47 139:15-28 143:15-28 147:15-28 151:15-28 155:15-28 159:15-28 163:15-28 167:15-28 171:15-28 175:15-28 179:15-28
 @ ./src/main/app.js 21:0-30 69:255-261
 @ ./src/index.js 3:0-29 4:49-52

ERROR in /Users/alexandremagno/projects/gitpay/frontend/src/components/design-library/molecules/cards/balance-card/balance-card.tsx
./src/components/design-library/molecules/cards/balance-card/balance-card.tsx 92:7-8
[tsl] ERROR in /Users/alexandremagno/projects/gitpay/frontend/src/components/design-library/molecules/cards/balance-card/balance-card.tsx(92,8)
      TS1128: Declaration or statement expected.
 @ ./src/components/areas/public/features/task/payment/methods/wallet/payment-method-wallet-tab.tsx 41:0-83 103:279-290
 @ ./src/components/areas/public/features/task/task-payment-form.js 23:0-88 208:54-76
 @ ./src/components/areas/public/features/task/task.js 41:0-50 1057:80-95
 @ ./src/containers/task.js 2:0-65 137:60-64
 @ ./src/main/routes.js 9:0-47 139:15-28 143:15-28 147:15-28 151:15-28 155:15-28 159:15-28 163:15-28 167:15-28 171:15-28 175:15-28 179:15-28
 @ ./src/main/app.js 21:0-30 69:255-261
 @ ./src/index.js 3:0-29 4:49-52

ERROR in /Users/alexandremagno/projects/gitpay/frontend/src/components/design-library/molecules/cards/balance-card/balance-card.tsx
./src/components/design-library/molecules/cards/balance-card/balance-card.tsx 94:4-6
[tsl] ERROR in /Users/alexandremagno/projects/gitpay/frontend/src/components/design-library/molecules/cards/balance-card/balance-card.tsx(94,5)
      TS1128: Declaration or statement expected.
 @ ./src/components/areas/public/features/task/payment/methods/wallet/payment-method-wallet-tab.tsx 41:0-83 103:279-290
 @ ./src/components/areas/public/features/task/task-payment-form.js 23:0-88 208:54-76
 @ ./src/components/areas/public/features/task/task.js 41:0-50 1057:80-95
 @ ./src/containers/task.js 2:0-65 137:60-64
 @ ./src/main/routes.js 9:0-47 139:15-28 143:15-28 147:15-28 151:15-28 155:15-28 159:15-28 163:15-28 167:15-28 171:15-28 175:15-28 179:15-28
 @ ./src/main/app.js 21:0-30 69:255-261
 @ ./src/index.js 3:0-29 4:49-52

ERROR in /Users/alexandremagno/projects/gitpay/frontend/src/components/design-library/molecules/cards/balance-card/balance-card.tsx
./src/components/design-library/molecules/cards/balance-card/balance-card.tsx 96:2-3
[tsl] ERROR in /Users/alexandremagno/projects/gitpay/frontend/src/components/design-library/molecules/cards/balance-card/balance-card.tsx(96,3)
      TS1109: Expression expected.
 @ ./src/components/areas/public/features/task/payment/methods/wallet/payment-method-wallet-tab.tsx 41:0-83 103:279-290
 @ ./src/components/areas/public/features/task/task-payment-form.js 23:0-88 208:54-76
 @ ./src/components/areas/public/features/task/task.js 41:0-50 1057:80-95
 @ ./src/containers/task.js 2:0-65 137:60-64
 @ ./src/main/routes.js 9:0-47 139:15-28 143:15-28 147:15-28 151:15-28 155:15-28 159:15-28 163:15-28 167:15-28 171:15-28 175:15-28 179:15-28
 @ ./src/main/app.js 21:0-30 69:255-261
 @ ./src/index.js 3:0-29 4:49-52

ERROR in /Users/alexandremagno/projects/gitpay/frontend/src/components/design-library/molecules/cards/balance-card/balance-card.tsx
./src/components/design-library/molecules/cards/balance-card/balance-card.tsx 97:0-1
[tsl] ERROR in /Users/alexandremagno/projects/gitpay/frontend/src/components/design-library/molecules/cards/balance-card/balance-card.tsx(97,1)
      TS1128: Declaration or statement expected.
 @ ./src/components/areas/public/features/task/payment/methods/wallet/payment-method-wallet-tab.tsx 41:0-83 103:279-290
 @ ./src/components/areas/public/features/task/task-payment-form.js 23:0-88 208:54-76
 @ ./src/components/areas/public/features/task/task.js 41:0-50 1057:80-95
 @ ./src/containers/task.js 2:0-65 137:60-64
 @ ./src/main/routes.js 9:0-47 139:15-28 143:15-28 147:15-28 151:15-28 155:15-28 159:15-28 163:15-28 167:15-28 171:15-28 175:15-28 179:15-28
 @ ./src/main/app.js 21:0-30 69:255-261
 @ ./src/index.js 3:0-29 4:49-52

ERROR in /Users/alexandremagno/projects/gitpay/frontend/src/components/design-library/molecules/cards/balance-card/balance-card.tsx
./src/components/design-library/molecules/cards/balance-card/balance-card.tsx 30:18-24
[tsl] ERROR in /Users/alexandremagno/projects/gitpay/frontend/src/components/design-library/molecules/cards/balance-card/balance-card.tsx(30,19)
      TS2769: No overload matches this call.
  Overload 1 of 6, '(component: ComponentClass<{}, any>, options?: StyledOptions<MUIStyledCommonProps<Theme>> & MuiStyledOptions): CreateStyledComponent<...>', gave the following error.
    Type '{ fontSize: number; }' is not assignable to type 'string'.
  Overload 2 of 6, '(component: JSXElementConstructor<{}>, options?: StyledOptions<MUIStyledCommonProps<Theme>> & MuiStyledOptions): CreateStyledComponent<...>', gave the following error.
    Type '{ fontSize: number; }' is not assignable to type 'string'.
  Overload 3 of 6, '(tag: keyof IntrinsicElements, options?: StyledOptions<MUIStyledCommonProps<Theme>> & MuiStyledOptions): CreateStyledComponent<...>', gave the following error.
    Argument of type '{ root: { maxWidth: number; margin: number; textAlign: string; padding: number; }; balance: { fontSize: number; fontWeight: string; }; name: { fontSize: number; }; }' is not assignable to parameter of type 'keyof IntrinsicElements'.
 @ ./src/components/areas/public/features/task/payment/methods/wallet/payment-method-wallet-tab.tsx 41:0-83 103:279-290
 @ ./src/components/areas/public/features/task/task-payment-form.js 23:0-88 208:54-76
 @ ./src/components/areas/public/features/task/task.js 41:0-50 1057:80-95
 @ ./src/containers/task.js 2:0-65 137:60-64
 @ ./src/main/routes.js 9:0-47 139:15-28 143:15-28 147:15-28 151:15-28 155:15-28 159:15-28 163:15-28 167:15-28 171:15-28 175:15-28 179:15-28
 @ ./src/main/app.js 21:0-30 69:255-261
 @ ./src/index.js 3:0-29 4:49-52

ERROR in /Users/alexandremagno/projects/gitpay/frontend/src/components/design-library/molecules/cards/balance-card/balance-card.tsx
./src/components/design-library/molecules/cards/balance-card/balance-card.tsx 63:29-33
[tsl] ERROR in /Users/alexandremagno/projects/gitpay/frontend/src/components/design-library/molecules/cards/balance-card/balance-card.tsx(63,30)
      TS2339: Property 'root' does not exist on type 'StyledComponent<Pick<{}, never> & MUIStyledCommonProps<Theme>, {}, { ref?: Ref<Component<{}, any, any>>; }>'.
 @ ./src/components/areas/public/features/task/payment/methods/wallet/payment-method-wallet-tab.tsx 41:0-83 103:279-290
 @ ./src/components/areas/public/features/task/task-payment-form.js 23:0-88 208:54-76
 @ ./src/components/areas/public/features/task/task.js 41:0-50 1057:80-95
 @ ./src/containers/task.js 2:0-65 137:60-64
 @ ./src/main/routes.js 9:0-47 139:15-28 143:15-28 147:15-28 151:15-28 155:15-28 159:15-28 163:15-28 167:15-28 171:15-28 175:15-28 179:15-28
 @ ./src/main/app.js 21:0-30 69:255-261
 @ ./src/index.js 3:0-29 4:49-52

ERROR in /Users/alexandremagno/projects/gitpay/frontend/src/components/design-library/molecules/cards/balance-card/balance-card.tsx
./src/components/design-library/molecules/cards/balance-card/balance-card.tsx 67:18-25
[tsl] ERROR in /Users/alexandremagno/projects/gitpay/frontend/src/components/design-library/molecules/cards/balance-card/balance-card.tsx(67,19)
      TS2769: No overload matches this call.
  Overload 1 of 2, '(props: { component: ElementType<any, keyof IntrinsicElements>; } & SkeletonOwnProps & CommonProps & Omit<any, "children" | ... 7 more ... | "variant">): Element', gave the following error.
    Type '"rect"' is not assignable to type 'OverridableStringUnion<"text" | "rectangular" | "rounded" | "circular", SkeletonPropsVariantOverrides>'.
  Overload 2 of 2, '(props: DefaultComponentProps<SkeletonTypeMap<{}, "span">>): Element', gave the following error.
    Type '"rect"' is not assignable to type 'OverridableStringUnion<"text" | "rectangular" | "rounded" | "circular", SkeletonPropsVariantOverrides>'.
 @ ./src/components/areas/public/features/task/payment/methods/wallet/payment-method-wallet-tab.tsx 41:0-83 103:279-290
 @ ./src/components/areas/public/features/task/task-payment-form.js 23:0-88 208:54-76
 @ ./src/components/areas/public/features/task/task.js 41:0-50 1057:80-95
 @ ./src/containers/task.js 2:0-65 137:60-64
 @ ./src/main/routes.js 9:0-47 139:15-28 143:15-28 147:15-28 151:15-28 155:15-28 159:15-28 163:15-28 167:15-28 171:15-28 175:15-28 179:15-28
 @ ./src/main/app.js 21:0-30 69:255-261
 @ ./src/index.js 3:0-29 4:49-52

ERROR in /Users/alexandremagno/projects/gitpay/frontend/src/components/design-library/molecules/cards/balance-card/balance-card.tsx
./src/components/design-library/molecules/cards/balance-card/balance-card.tsx 88:15-26
[tsl] ERROR in /Users/alexandremagno/projects/gitpay/frontend/src/components/design-library/molecules/cards/balance-card/balance-card.tsx(88,16)
      TS2528: A module cannot have multiple default exports.
 @ ./src/components/areas/public/features/task/payment/methods/wallet/payment-method-wallet-tab.tsx 41:0-83 103:279-290
 @ ./src/components/areas/public/features/task/task-payment-form.js 23:0-88 208:54-76
 @ ./src/components/areas/public/features/task/task.js 41:0-50 1057:80-95
 @ ./src/containers/task.js 2:0-65 137:60-64
 @ ./src/main/routes.js 9:0-47 139:15-28 143:15-28 147:15-28 151:15-28 155:15-28 159:15-28 163:15-28 167:15-28 171:15-28 175:15-28 179:15-28
 @ ./src/main/app.js 21:0-30 69:255-261
 @ ./src/index.js 3:0-29 4:49-52

ERROR in /Users/alexandremagno/projects/gitpay/frontend/src/components/design-library/molecules/cards/balance-card/balance-card.tsx
./src/components/design-library/molecules/cards/balance-card/balance-card.tsx 89:13-19
[tsl] ERROR in /Users/alexandremagno/projects/gitpay/frontend/src/components/design-library/molecules/cards/balance-card/balance-card.tsx(89,14)
      TS2304: Cannot find name 'action'.
 @ ./src/components/areas/public/features/task/payment/methods/wallet/payment-method-wallet-tab.tsx 41:0-83 103:279-290
 @ ./src/components/areas/public/features/task/task-payment-form.js 23:0-88 208:54-76
 @ ./src/components/areas/public/features/task/task.js 41:0-50 1057:80-95
 @ ./src/containers/task.js 2:0-65 137:60-64
 @ ./src/main/routes.js 9:0-47 139:15-28 143:15-28 147:15-28 151:15-28 155:15-28 159:15-28 163:15-28 167:15-28 171:15-28 175:15-28 179:15-28
 @ ./src/main/app.js 21:0-30 69:255-261
 @ ./src/index.js 3:0-29 4:49-52

ERROR in /Users/alexandremagno/projects/gitpay/frontend/src/components/design-library/molecules/cards/balance-card/balance-card.tsx
./src/components/design-library/molecules/cards/balance-card/balance-card.tsx 99:15-26
[tsl] ERROR in /Users/alexandremagno/projects/gitpay/frontend/src/components/design-library/molecules/cards/balance-card/balance-card.tsx(99,16)
      TS2528: A module cannot have multiple default exports.
 @ ./src/components/areas/public/features/task/payment/methods/wallet/payment-method-wallet-tab.tsx 41:0-83 103:279-290
 @ ./src/components/areas/public/features/task/task-payment-form.js 23:0-88 208:54-76
 @ ./src/components/areas/public/features/task/task.js 41:0-50 1057:80-95
 @ ./src/containers/task.js 2:0-65 137:60-64
 @ ./src/main/routes.js 9:0-47 139:15-28 143:15-28 147:15-28 151:15-28 155:15-28 159:15-28 163:15-28 167:15-28 171:15-28 175:15-28 179:15-28
 @ ./src/main/app.js 21:0-30 69:255-261
 @ ./src/index.js 3:0-29 4:49-52

ERROR in /Users/alexandremagno/projects/gitpay/frontend/src/components/design-library/molecules/cards/issue-card/issue-card.tsx
./src/components/design-library/molecules/cards/issue-card/issue-card.tsx 10:18-28
[tsl] ERROR in /Users/alexandremagno/projects/gitpay/frontend/src/components/design-library/molecules/cards/issue-card/issue-card.tsx(10,19)
      TS2304: Cannot find name 'makeStyles'.
 @ ./src/components/design-library/molecules/drawers/offer-drawer/components/offer-drawer-create.tsx 4:0-61 29:28-37
 @ ./src/components/design-library/molecules/drawers/offer-drawer/offer-drawer.tsx 14:0-65 33:44-61
 @ ./src/components/areas/public/features/task/task.js 36:0-85 1294:43-54
 @ ./src/containers/task.js 2:0-65 137:60-64
 @ ./src/main/routes.js 9:0-47 139:15-28 143:15-28 147:15-28 151:15-28 155:15-28 159:15-28 163:15-28 167:15-28 171:15-28 175:15-28 179:15-28
 @ ./src/main/app.js 21:0-30 69:255-261
 @ ./src/index.js 3:0-29 4:49-52

ERROR in /Users/alexandremagno/projects/gitpay/frontend/src/components/design-library/molecules/cards/project-card/project-list.js
./src/components/design-library/molecules/cards/project-card/project-list.js 114:0-1
[tsl] ERROR in /Users/alexandremagno/projects/gitpay/frontend/src/components/design-library/molecules/cards/project-card/project-list.js(114,1)
      TS1128: Declaration or statement expected.
 @ ./src/containers/project-list.js 3:0-97 41:60-71
 @ ./src/components/areas/public/features/task/task-explorer.js 21:0-74 240:120-140
 @ ./src/containers/task-explorer.js 3:0-82 25:60-72
 @ ./src/main/routes.js 11:0-55 21:42-54 25:42-54 102:46-58
 @ ./src/main/app.js 21:0-30 69:255-261
 @ ./src/index.js 3:0-29 4:49-52

ERROR in /Users/alexandremagno/projects/gitpay/frontend/src/components/design-library/molecules/cards/project-card/project-list.js
./src/components/design-library/molecules/cards/project-card/project-list.js 113:15-26
[tsl] ERROR in /Users/alexandremagno/projects/gitpay/frontend/src/components/design-library/molecules/cards/project-card/project-list.js(113,16)
      TS2528: A module cannot have multiple default exports.
 @ ./src/containers/project-list.js 3:0-97 41:60-71
 @ ./src/components/areas/public/features/task/task-explorer.js 21:0-74 240:120-140
 @ ./src/containers/task-explorer.js 3:0-82 25:60-72
 @ ./src/main/routes.js 11:0-55 21:42-54 25:42-54 102:46-58
 @ ./src/main/app.js 21:0-30 69:255-261
 @ ./src/index.js 3:0-29 4:49-52

ERROR in /Users/alexandremagno/projects/gitpay/frontend/src/components/design-library/molecules/cards/project-card/project-list.js
./src/components/design-library/molecules/cards/project-card/project-list.js 116:15-26
[tsl] ERROR in /Users/alexandremagno/projects/gitpay/frontend/src/components/design-library/molecules/cards/project-card/project-list.js(116,16)
      TS2528: A module cannot have multiple default exports.
 @ ./src/containers/project-list.js 3:0-97 41:60-71
 @ ./src/components/areas/public/features/task/task-explorer.js 21:0-74 240:120-140
 @ ./src/containers/task-explorer.js 3:0-82 25:60-72
 @ ./src/main/routes.js 11:0-55 21:42-54 25:42-54 102:46-58
 @ ./src/main/app.js 21:0-30 69:255-261
 @ ./src/index.js 3:0-29 4:49-52

ERROR in /Users/alexandremagno/projects/gitpay/frontend/src/components/design-library/molecules/cards/status-card/status-card.tsx
./src/components/design-library/molecules/cards/status-card/status-card.tsx 4:18-24
[tsl] ERROR in /Users/alexandremagno/projects/gitpay/frontend/src/components/design-library/molecules/cards/status-card/status-card.tsx(4,19)
      TS2769: No overload matches this call.
  Overload 1 of 6, '(component: ComponentClass<{}, any>, options?: StyledOptions<MUIStyledCommonProps<Theme>> & MuiStyledOptions): CreateStyledComponent<...>', gave the following error.
    Type '{ fontSize: number; }' is not assignable to type 'string'.
  Overload 2 of 6, '(component: JSXElementConstructor<{}>, options?: StyledOptions<MUIStyledCommonProps<Theme>> & MuiStyledOptions): CreateStyledComponent<...>', gave the following error.
    Type '{ fontSize: number; }' is not assignable to type 'string'.
  Overload 3 of 6, '(tag: keyof IntrinsicElements, options?: StyledOptions<MUIStyledCommonProps<Theme>> & MuiStyledOptions): CreateStyledComponent<...>', gave the following error.
    Argument of type '{ root: { maxWidth: number; margin: number; textAlign: string; padding: number; }; balance: { fontSize: number; fontWeight: string; }; name: { fontSize: number; }; }' is not assignable to parameter of type 'keyof IntrinsicElements'.
 @ ./src/components/areas/private/features/payouts/payouts.tsx 43:0-80 91:36-46
 @ ./src/containers/payouts.ts 4:0-75 22:60-67
 @ ./src/components/areas/private/pages/private-page.tsx 23:0-62 56:95-111
 @ ./src/containers/profile.js 2:0-73 82:60-71
 @ ./src/main/routes.js 7:0-53 46:15-31
 @ ./src/main/app.js 21:0-30 69:255-261
 @ ./src/index.js 3:0-29 4:49-52

ERROR in /Users/alexandremagno/projects/gitpay/frontend/src/components/design-library/molecules/cards/status-card/status-card.tsx
./src/components/design-library/molecules/cards/status-card/status-card.tsx 34:29-33
[tsl] ERROR in /Users/alexandremagno/projects/gitpay/frontend/src/components/design-library/molecules/cards/status-card/status-card.tsx(34,30)
      TS2339: Property 'root' does not exist on type 'StyledComponent<Pick<{}, never> & MUIStyledCommonProps<Theme>, {}, { ref?: Ref<Component<{}, any, any>>; }>'.
 @ ./src/components/areas/private/features/payouts/payouts.tsx 43:0-80 91:36-46
 @ ./src/containers/payouts.ts 4:0-75 22:60-67
 @ ./src/components/areas/private/pages/private-page.tsx 23:0-62 56:95-111
 @ ./src/containers/profile.js 2:0-73 82:60-71
 @ ./src/main/routes.js 7:0-53 46:15-31
 @ ./src/main/app.js 21:0-30 69:255-261
 @ ./src/index.js 3:0-29 4:49-52

ERROR in /Users/alexandremagno/projects/gitpay/frontend/src/components/design-library/molecules/cards/status-card/status-card.tsx
./src/components/design-library/molecules/cards/status-card/status-card.tsx 47:45-52
[tsl] ERROR in /Users/alexandremagno/projects/gitpay/frontend/src/components/design-library/molecules/cards/status-card/status-card.tsx(47,46)
      TS2339: Property 'balance' does not exist on type 'StyledComponent<Pick<{}, never> & MUIStyledCommonProps<Theme>, {}, { ref?: Ref<Component<{}, any, any>>; }>'.
 @ ./src/components/areas/private/features/payouts/payouts.tsx 43:0-80 91:36-46
 @ ./src/containers/payouts.ts 4:0-75 22:60-67
 @ ./src/components/areas/private/pages/private-page.tsx 23:0-62 56:95-111
 @ ./src/containers/profile.js 2:0-73 82:60-71
 @ ./src/main/routes.js 7:0-53 46:15-31
 @ ./src/main/app.js 21:0-30 69:255-261
 @ ./src/index.js 3:0-29 4:49-52

ERROR in /Users/alexandremagno/projects/gitpay/frontend/src/components/design-library/molecules/content/empty/empty-base/empty-base.tsx
./src/components/design-library/molecules/content/empty/empty-base/empty-base.tsx 5:18-28
[tsl] ERROR in /Users/alexandremagno/projects/gitpay/frontend/src/components/design-library/molecules/content/empty/empty-base/empty-base.tsx(5,19)
      TS2304: Cannot find name 'makeStyles'.
 @ ./src/components/design-library/molecules/content/empty/empty-payment-request/empty-payment-request.tsx 2:0-49 7:32-41
 @ ./src/components/areas/private/features/payment-requests/payment-requests.tsx 41:0-117 99:40-59
 @ ./src/containers/payment-requests.js 2:0-100 22:60-74
 @ ./src/components/areas/private/pages/private-page.tsx 21:0-78 53:104-127
 @ ./src/containers/profile.js 2:0-73 82:60-71
 @ ./src/main/routes.js 7:0-53 46:15-31
 @ ./src/main/app.js 21:0-30 69:255-261
 @ ./src/index.js 3:0-29 4:49-52

ERROR in /Users/alexandremagno/projects/gitpay/frontend/src/components/design-library/molecules/content/introduction/introduction.tsx
./src/components/design-library/molecules/content/introduction/introduction.tsx 4:25-14:2
[tsl] ERROR in /Users/alexandremagno/projects/gitpay/frontend/src/components/design-library/molecules/content/introduction/introduction.tsx(4,26)
      TS2769: No overload matches this call.
  Overload 1 of 6, '(component: ComponentClass<{}, any>, options?: StyledOptions<MUIStyledCommonProps<Theme>> & MuiStyledOptions): CreateStyledComponent<...>', gave the following error.
    Argument of type '(theme: Theme) => { spanText: { color: string; }; coverImg: { [x: string]: number | { width: string; }; width: number; }; }' is not assignable to parameter of type 'ComponentClass<{}, any>'.
      Type '(theme: Theme) => { spanText: { color: string; }; coverImg: { [x: string]: number | { width: string; }; width: number; }; }' provides no match for the signature 'new (props: {}, deprecatedLegacyContext?: any): Component<{}, any, any>'.
  Overload 2 of 6, '(component: JSXElementConstructor<{}>, options?: StyledOptions<MUIStyledCommonProps<Theme>> & MuiStyledOptions): CreateStyledComponent<...>', gave the following error.
    Argument of type '(theme: Theme) => { spanText: { color: string; }; coverImg: { [x: string]: number | { width: string; }; width: number; }; }' is not assignable to parameter of type 'JSXElementConstructor<{}>'.
      Type '(theme: Theme) => { spanText: { color: string; }; coverImg: { [x: string]: number | { width: string; }; width: number; }; }' is not assignable to type '(props: {}, deprecatedLegacyContext?: any) => ReactNode'.
        Type '{ spanText: { color: string; }; coverImg: { [x: string]: number | { width: string; }; width: number; }; }' is not assignable to type 'ReactNode'.
  Overload 3 of 6, '(tag: keyof IntrinsicElements, options?: StyledOptions<MUIStyledCommonProps<Theme>> & MuiStyledOptions): CreateStyledComponent<...>', gave the following error.
    Argument of type '(theme: Theme) => { spanText: { color: string; }; coverImg: { [x: string]: number | { width: string; }; width: number; }; }' is not assignable to parameter of type 'keyof IntrinsicElements'.
 @ ./src/components/design-library/molecules/drawers/offer-drawer/components/offer-drawer-create.tsx 3:0-70 27:28-40
 @ ./src/components/design-library/molecules/drawers/offer-drawer/offer-drawer.tsx 14:0-65 33:44-61
 @ ./src/components/areas/public/features/task/task.js 36:0-85 1294:43-54
 @ ./src/containers/task.js 2:0-65 137:60-64
 @ ./src/main/routes.js 9:0-47 139:15-28 143:15-28 147:15-28 151:15-28 155:15-28 159:15-28 163:15-28 167:15-28 171:15-28 175:15-28 179:15-28
 @ ./src/main/app.js 21:0-30 69:255-261
 @ ./src/index.js 3:0-29 4:49-52

ERROR in /Users/alexandremagno/projects/gitpay/frontend/src/components/design-library/molecules/content/introduction/introduction.tsx
./src/components/design-library/molecules/content/introduction/introduction.tsx 22:46-54
[tsl] ERROR in /Users/alexandremagno/projects/gitpay/frontend/src/components/design-library/molecules/content/introduction/introduction.tsx(22,47)
      TS2339: Property 'coverImg' does not exist on type 'StyledComponent<Pick<{}, never> & MUIStyledCommonProps<Theme>, {}, { ref?: Ref<Component<{}, any, any>>; }>'.
 @ ./src/components/design-library/molecules/drawers/offer-drawer/components/offer-drawer-create.tsx 3:0-70 27:28-40
 @ ./src/components/design-library/molecules/drawers/offer-drawer/offer-drawer.tsx 14:0-65 33:44-61
 @ ./src/components/areas/public/features/task/task.js 36:0-85 1294:43-54
 @ ./src/containers/task.js 2:0-65 137:60-64
 @ ./src/main/routes.js 9:0-47 139:15-28 143:15-28 147:15-28 151:15-28 155:15-28 159:15-28 163:15-28 167:15-28 171:15-28 175:15-28 179:15-28
 @ ./src/main/app.js 21:0-30 69:255-261
 @ ./src/index.js 3:0-29 4:49-52

ERROR in /Users/alexandremagno/projects/gitpay/frontend/src/components/design-library/molecules/content/introduction/introduction.tsx
./src/components/design-library/molecules/content/introduction/introduction.tsx 31:37-45
[tsl] ERROR in /Users/alexandremagno/projects/gitpay/frontend/src/components/design-library/molecules/content/introduction/introduction.tsx(31,38)
      TS2339: Property 'spanText' does not exist on type 'StyledComponent<Pick<{}, never> & MUIStyledCommonProps<Theme>, {}, { ref?: Ref<Component<{}, any, any>>; }>'.
 @ ./src/components/design-library/molecules/drawers/offer-drawer/components/offer-drawer-create.tsx 3:0-70 27:28-40
 @ ./src/components/design-library/molecules/drawers/offer-drawer/offer-drawer.tsx 14:0-65 33:44-61
 @ ./src/components/areas/public/features/task/task.js 36:0-85 1294:43-54
 @ ./src/containers/task.js 2:0-65 137:60-64
 @ ./src/main/routes.js 9:0-47 139:15-28 143:15-28 147:15-28 151:15-28 155:15-28 159:15-28 163:15-28 167:15-28 171:15-28 175:15-28 179:15-28
 @ ./src/main/app.js 21:0-30 69:255-261
 @ ./src/index.js 3:0-29 4:49-52

ERROR in /Users/alexandremagno/projects/gitpay/frontend/src/components/design-library/molecules/dialogs/bottom-section-dialog/bottom-section-dialog.tsx
19:18-28
[tsl] ERROR in /Users/alexandremagno/projects/gitpay/frontend/src/components/design-library/molecules/dialogs/bottom-section-dialog/bottom-section-dialog.tsx(19,19)
      TS2304: Cannot find name 'makeStyles'.

ERROR in /Users/alexandremagno/projects/gitpay/frontend/src/components/design-library/molecules/dialogs/bottom-section-dialog/bottom-section-dialog.tsx
45:14-20
[tsl] ERROR in /Users/alexandremagno/projects/gitpay/frontend/src/components/design-library/molecules/dialogs/bottom-section-dialog/bottom-section-dialog.tsx(45,15)
      TS2769: No overload matches this call.
  Overload 1 of 2, '(props: { component: "a"; } & ListItemOwnProps & CommonProps & Omit<Omit<DetailedHTMLProps<AnchorHTMLAttributes<HTMLAnchorElement>, HTMLAnchorElement>, "ref"> & { ...; }, "children" | ... 15 more ... | "secondaryAction">): Element', gave the following error.
    Type '{ children: Element[]; button: true; component: "a"; }' is not assignable to type 'IntrinsicAttributes & { component: "a"; } & ListItemOwnProps & CommonProps & Omit<Omit<DetailedHTMLProps<AnchorHTMLAttributes<HTMLAnchorElement>, HTMLAnchorElement>, "ref"> & { ...; }, "children" | ... 15 more ... | "secondaryAction">'.
      Property 'button' does not exist on type 'IntrinsicAttributes & { component: "a"; } & ListItemOwnProps & CommonProps & Omit<Omit<DetailedHTMLProps<AnchorHTMLAttributes<HTMLAnchorElement>, HTMLAnchorElement>, "ref"> & { ...; }, "children" | ... 15 more ... | "secondaryAction">'.
  Overload 2 of 2, '(props: DefaultComponentProps<ListItemTypeMap<{}, "li">>): Element', gave the following error.
    Type '{ children: Element[]; button: true; component: string; }' is not assignable to type 'IntrinsicAttributes & ListItemOwnProps & CommonProps & Omit<Omit<DetailedHTMLProps<LiHTMLAttributes<HTMLLIElement>, HTMLLIElement>, "ref"> & { ...; }, "children" | ... 15 more ... | "secondaryAction">'.
      Property 'button' does not exist on type 'IntrinsicAttributes & ListItemOwnProps & CommonProps & Omit<Omit<DetailedHTMLProps<LiHTMLAttributes<HTMLLIElement>, HTMLLIElement>, "ref"> & { ...; }, "children" | ... 15 more ... | "secondaryAction">'.

ERROR in /Users/alexandremagno/projects/gitpay/frontend/src/components/design-library/molecules/dialogs/country-picker-dialog/country-picker-dialog.tsx
./src/components/design-library/molecules/dialogs/country-picker-dialog/country-picker-dialog.tsx 257:2-3
[tsl] ERROR in /Users/alexandremagno/projects/gitpay/frontend/src/components/design-library/molecules/dialogs/country-picker-dialog/country-picker-dialog.tsx(257,3)
      TS1128: Declaration or statement expected.
 @ ./src/components/design-library/pages/private/settings-pages/payout-settings-bank-account/payout-settings-bank-account.tsx 3:0-102 40:28-41
 @ ./src/components/areas/private/features/payout-settings/pages/payout-settings-bank-account-page.tsx 14:0-142 25:28-53
 @ ./src/containers/account/payout-settings/payouts-settings-bank-account.ts 5:0-132 30:60-78
 @ ./src/components/areas/private/features/payout-settings/pages/payout-settings-page.tsx 5:0-132 15:107-141
 @ ./src/components/areas/private/pages/private-page.tsx 26:0-84 83:90-104
 @ ./src/containers/profile.js 2:0-73 82:60-71
 @ ./src/main/routes.js 7:0-53 46:15-31
 @ ./src/main/app.js 21:0-30 69:255-261
 @ ./src/index.js 3:0-29 4:49-52

ERROR in /Users/alexandremagno/projects/gitpay/frontend/src/components/design-library/molecules/dialogs/country-picker-dialog/country-picker-dialog.tsx
./src/components/design-library/molecules/dialogs/country-picker-dialog/country-picker-dialog.tsx 258:0-1
[tsl] ERROR in /Users/alexandremagno/projects/gitpay/frontend/src/components/design-library/molecules/dialogs/country-picker-dialog/country-picker-dialog.tsx(258,1)
      TS1128: Declaration or statement expected.
 @ ./src/components/design-library/pages/private/settings-pages/payout-settings-bank-account/payout-settings-bank-account.tsx 3:0-102 40:28-41
 @ ./src/components/areas/private/features/payout-settings/pages/payout-settings-bank-account-page.tsx 14:0-142 25:28-53
 @ ./src/containers/account/payout-settings/payouts-settings-bank-account.ts 5:0-132 30:60-78
 @ ./src/components/areas/private/features/payout-settings/pages/payout-settings-page.tsx 5:0-132 15:107-141
 @ ./src/components/areas/private/pages/private-page.tsx 26:0-84 83:90-104
 @ ./src/containers/profile.js 2:0-73 82:60-71
 @ ./src/main/routes.js 7:0-53 46:15-31
 @ ./src/main/app.js 21:0-30 69:255-261
 @ ./src/index.js 3:0-29 4:49-52

ERROR in /Users/alexandremagno/projects/gitpay/frontend/src/components/design-library/molecules/dialogs/country-picker-dialog/country-picker-dialog.tsx
./src/components/design-library/molecules/dialogs/country-picker-dialog/country-picker-dialog.tsx 18:18-28
[tsl] ERROR in /Users/alexandremagno/projects/gitpay/frontend/src/components/design-library/molecules/dialogs/country-picker-dialog/country-picker-dialog.tsx(18,19)
      TS2304: Cannot find name 'makeStyles'.
 @ ./src/components/design-library/pages/private/settings-pages/payout-settings-bank-account/payout-settings-bank-account.tsx 3:0-102 40:28-41
 @ ./src/components/areas/private/features/payout-settings/pages/payout-settings-bank-account-page.tsx 14:0-142 25:28-53
 @ ./src/containers/account/payout-settings/payouts-settings-bank-account.ts 5:0-132 30:60-78
 @ ./src/components/areas/private/features/payout-settings/pages/payout-settings-page.tsx 5:0-132 15:107-141
 @ ./src/components/areas/private/pages/private-page.tsx 26:0-84 83:90-104
 @ ./src/containers/profile.js 2:0-73 82:60-71
 @ ./src/main/routes.js 7:0-53 46:15-31
 @ ./src/main/app.js 21:0-30 69:255-261
 @ ./src/index.js 3:0-29 4:49-52

ERROR in /Users/alexandremagno/projects/gitpay/frontend/src/components/design-library/molecules/dialogs/country-picker-dialog/country-picker-dialog.tsx
./src/components/design-library/molecules/dialogs/country-picker-dialog/country-picker-dialog.tsx 256:15-28
[tsl] ERROR in /Users/alexandremagno/projects/gitpay/frontend/src/components/design-library/molecules/dialogs/country-picker-dialog/country-picker-dialog.tsx(256,16)
      TS2528: A module cannot have multiple default exports.
 @ ./src/components/design-library/pages/private/settings-pages/payout-settings-bank-account/payout-settings-bank-account.tsx 3:0-102 40:28-41
 @ ./src/components/areas/private/features/payout-settings/pages/payout-settings-bank-account-page.tsx 14:0-142 25:28-53
 @ ./src/containers/account/payout-settings/payouts-settings-bank-account.ts 5:0-132 30:60-78
 @ ./src/components/areas/private/features/payout-settings/pages/payout-settings-page.tsx 5:0-132 15:107-141
 @ ./src/components/areas/private/pages/private-page.tsx 26:0-84 83:90-104
 @ ./src/containers/profile.js 2:0-73 82:60-71
 @ ./src/main/routes.js 7:0-53 46:15-31
 @ ./src/main/app.js 21:0-30 69:255-261
 @ ./src/index.js 3:0-29 4:49-52

ERROR in /Users/alexandremagno/projects/gitpay/frontend/src/components/design-library/molecules/dialogs/country-picker-dialog/country-picker-dialog.tsx
./src/components/design-library/molecules/dialogs/country-picker-dialog/country-picker-dialog.tsx 260:15-28
[tsl] ERROR in /Users/alexandremagno/projects/gitpay/frontend/src/components/design-library/molecules/dialogs/country-picker-dialog/country-picker-dialog.tsx(260,16)
      TS2528: A module cannot have multiple default exports.
 @ ./src/components/design-library/pages/private/settings-pages/payout-settings-bank-account/payout-settings-bank-account.tsx 3:0-102 40:28-41
 @ ./src/components/areas/private/features/payout-settings/pages/payout-settings-bank-account-page.tsx 14:0-142 25:28-53
 @ ./src/containers/account/payout-settings/payouts-settings-bank-account.ts 5:0-132 30:60-78
 @ ./src/components/areas/private/features/payout-settings/pages/payout-settings-page.tsx 5:0-132 15:107-141
 @ ./src/components/areas/private/pages/private-page.tsx 26:0-84 83:90-104
 @ ./src/containers/profile.js 2:0-73 82:60-71
 @ ./src/main/routes.js 7:0-53 46:15-31
 @ ./src/main/app.js 21:0-30 69:255-261
 @ ./src/index.js 3:0-29 4:49-52

ERROR in /Users/alexandremagno/projects/gitpay/frontend/src/components/design-library/molecules/dialogs/signup-dialog/signup-dialog.tsx
./src/components/design-library/molecules/dialogs/signup-dialog/signup-dialog.tsx 37:12-19
[tsl] ERROR in /Users/alexandremagno/projects/gitpay/frontend/src/components/design-library/molecules/dialogs/signup-dialog/signup-dialog.tsx(37,13)
      TS2322: Type '{ mode: any; onClose: any; onForgot: any; onSignup: any; onSignin: any; loginFormSignupFormProps: any; loginFormForgotFormProps: any; location: undefined; history: undefined; match: undefined; classes: undefined; }' is not assignable to type 'IntrinsicAttributes & LoginButtonProps'.
  Property 'classes' does not exist on type 'IntrinsicAttributes & LoginButtonProps'.
 @ ./src/components/design-library/organisms/forms/signup-forms/signup-signin/signup-signin.tsx 3:0-85 16:28-40
 @ ./src/components/design-library/organisms/layouts/topbar/topbar.tsx 16:0-80 46:40-52
 @ ./src/components/design-library/templates/base/public-base/public-base.tsx 14:0-62 26:28-34
 @ ./src/components/design-library/pages/public/home/home.tsx 17:0-73 50:28-38
 @ ./src/components/areas/public/features/welcome/pages/home-page.tsx 13:0-57 17:32-36
 @ ./src/containers/home.js 1:0-79 3:36-40
 @ ./src/main/routes.js 5:0-47 39:8-21
 @ ./src/main/app.js 21:0-30 69:255-261
 @ ./src/index.js 3:0-29 4:49-52

ERROR in /Users/alexandremagno/projects/gitpay/frontend/src/components/design-library/molecules/drawers/drawer/drawer.tsx
./src/components/design-library/molecules/drawers/drawer/drawer.tsx 15:25-24:2
[tsl] ERROR in /Users/alexandremagno/projects/gitpay/frontend/src/components/design-library/molecules/drawers/drawer/drawer.tsx(15,26)
      TS2769: No overload matches this call.
  Overload 1 of 6, '(component: ComponentClass<{}, any>, options?: StyledOptions<MUIStyledCommonProps<Theme>> & MuiStyledOptions): CreateStyledComponent<...>', gave the following error.
    Argument of type '(theme: Theme) => { closeButton: { position: string; right: string; top: string; backgroundColor: string; color: string; boxShadow: string; }; }' is not assignable to parameter of type 'ComponentClass<{}, any>'.
      Type '(theme: Theme) => { closeButton: { position: string; right: string; top: string; backgroundColor: string; color: string; boxShadow: string; }; }' provides no match for the signature 'new (props: {}, deprecatedLegacyContext?: any): Component<{}, any, any>'.
  Overload 2 of 6, '(component: JSXElementConstructor<{}>, options?: StyledOptions<MUIStyledCommonProps<Theme>> & MuiStyledOptions): CreateStyledComponent<...>', gave the following error.
    Argument of type '(theme: Theme) => { closeButton: { position: string; right: string; top: string; backgroundColor: string; color: string; boxShadow: string; }; }' is not assignable to parameter of type 'JSXElementConstructor<{}>'.
      Type '(theme: Theme) => { closeButton: { position: string; right: string; top: string; backgroundColor: string; color: string; boxShadow: string; }; }' is not assignable to type '(props: {}, deprecatedLegacyContext?: any) => ReactNode'.
        Type '{ closeButton: { position: string; right: string; top: string; backgroundColor: string; color: string; boxShadow: string; }; }' is not assignable to type 'ReactNode'.
  Overload 3 of 6, '(tag: keyof IntrinsicElements, options?: StyledOptions<MUIStyledCommonProps<Theme>> & MuiStyledOptions): CreateStyledComponent<...>', gave the following error.
    Argument of type '(theme: Theme) => { closeButton: { position: string; right: string; top: string; backgroundColor: string; color: string; boxShadow: string; }; }' is not assignable to parameter of type 'keyof IntrinsicElements'.
 @ ./src/components/design-library/molecules/drawers/offer-drawer/offer-drawer.tsx 13:0-38 55:32-38
 @ ./src/components/areas/public/features/task/task.js 36:0-85 1294:43-54
 @ ./src/containers/task.js 2:0-65 137:60-64
 @ ./src/main/routes.js 9:0-47 139:15-28 143:15-28 147:15-28 151:15-28 155:15-28 159:15-28 163:15-28 167:15-28 171:15-28 175:15-28 179:15-28
 @ ./src/main/app.js 21:0-30 69:255-261
 @ ./src/index.js 3:0-29 4:49-52

ERROR in /Users/alexandremagno/projects/gitpay/frontend/src/components/design-library/molecules/drawers/drawer/drawer.tsx
./src/components/design-library/molecules/drawers/drawer/drawer.tsx 51:62-73
[tsl] ERROR in /Users/alexandremagno/projects/gitpay/frontend/src/components/design-library/molecules/drawers/drawer/drawer.tsx(51,63)
      TS2339: Property 'closeButton' does not exist on type 'StyledComponent<Pick<{}, never> & MUIStyledCommonProps<Theme>, {}, { ref?: Ref<Component<{}, any, any>>; }>'.
 @ ./src/components/design-library/molecules/drawers/offer-drawer/offer-drawer.tsx 13:0-38 55:32-38
 @ ./src/components/areas/public/features/task/task.js 36:0-85 1294:43-54
 @ ./src/containers/task.js 2:0-65 137:60-64
 @ ./src/main/routes.js 9:0-47 139:15-28 143:15-28 147:15-28 151:15-28 155:15-28 159:15-28 163:15-28 167:15-28 171:15-28 175:15-28 179:15-28
 @ ./src/main/app.js 21:0-30 69:255-261
 @ ./src/index.js 3:0-29 4:49-52

ERROR in /Users/alexandremagno/projects/gitpay/frontend/src/components/design-library/molecules/drawers/drawer/drawer-actions/drawer-actions.tsx
./src/components/design-library/molecules/drawers/drawer/drawer-actions/drawer-actions.tsx 4:18-28
[tsl] ERROR in /Users/alexandremagno/projects/gitpay/frontend/src/components/design-library/molecules/drawers/drawer/drawer-actions/drawer-actions.tsx(4,19)
      TS2304: Cannot find name 'makeStyles'.
 @ ./src/components/design-library/molecules/drawers/drawer/drawer.tsx 5:0-60 35:40-53
 @ ./src/components/design-library/molecules/drawers/offer-drawer/offer-drawer.tsx 13:0-38 55:32-38
 @ ./src/components/areas/public/features/task/task.js 36:0-85 1294:43-54
 @ ./src/containers/task.js 2:0-65 137:60-64
 @ ./src/main/routes.js 9:0-47 139:15-28 143:15-28 147:15-28 151:15-28 155:15-28 159:15-28 163:15-28 167:15-28 171:15-28 175:15-28 179:15-28
 @ ./src/main/app.js 21:0-30 69:255-261
 @ ./src/index.js 3:0-29 4:49-52

ERROR in /Users/alexandremagno/projects/gitpay/frontend/src/components/design-library/molecules/drawers/offer-drawer/offer-drawer.tsx
./src/components/design-library/molecules/drawers/offer-drawer/offer-drawer.tsx 10:18-28
[tsl] ERROR in /Users/alexandremagno/projects/gitpay/frontend/src/components/design-library/molecules/drawers/offer-drawer/offer-drawer.tsx(10,19)
      TS2304: Cannot find name 'makeStyles'.
 @ ./src/components/areas/public/features/task/task.js 36:0-85 1294:43-54
 @ ./src/containers/task.js 2:0-65 137:60-64
 @ ./src/main/routes.js 9:0-47 139:15-28 143:15-28 147:15-28 151:15-28 155:15-28 159:15-28 163:15-28 167:15-28 171:15-28 175:15-28 179:15-28
 @ ./src/main/app.js 21:0-30 69:255-261
 @ ./src/index.js 3:0-29 4:49-52

ERROR in /Users/alexandremagno/projects/gitpay/frontend/src/components/design-library/molecules/drawers/offer-drawer/components/offer-drawer-create.tsx
./src/components/design-library/molecules/drawers/offer-drawer/components/offer-drawer-create.tsx 14:18-28
[tsl] ERROR in /Users/alexandremagno/projects/gitpay/frontend/src/components/design-library/molecules/drawers/offer-drawer/components/offer-drawer-create.tsx(14,19)
      TS2304: Cannot find name 'makeStyles'.
 @ ./src/components/design-library/molecules/drawers/offer-drawer/offer-drawer.tsx 14:0-65 33:44-61
 @ ./src/components/areas/public/features/task/task.js 36:0-85 1294:43-54
 @ ./src/containers/task.js 2:0-65 137:60-64
 @ ./src/main/routes.js 9:0-47 139:15-28 143:15-28 147:15-28 151:15-28 155:15-28 159:15-28 163:15-28 167:15-28 171:15-28 175:15-28 179:15-28
 @ ./src/main/app.js 21:0-30 69:255-261
 @ ./src/index.js 3:0-29 4:49-52

ERROR in /Users/alexandremagno/projects/gitpay/frontend/src/components/design-library/molecules/drawers/offer-drawer/components/invite/invite-drawer-actions.tsx
5:18-28
[tsl] ERROR in /Users/alexandremagno/projects/gitpay/frontend/src/components/design-library/molecules/drawers/offer-drawer/components/invite/invite-drawer-actions.tsx(5,19)
      TS2304: Cannot find name 'makeStyles'.

ERROR in /Users/alexandremagno/projects/gitpay/frontend/src/components/design-library/molecules/drawers/offer-drawer/components/invite/invite-drawer-checkboxes.tsx
12:18-24
[tsl] ERROR in /Users/alexandremagno/projects/gitpay/frontend/src/components/design-library/molecules/drawers/offer-drawer/components/invite/invite-drawer-checkboxes.tsx(12,19)
      TS2769: No overload matches this call.
  Overload 1 of 6, '(component: ComponentClass<{}, any>, options?: StyledOptions<MUIStyledCommonProps<Theme>> & MuiStyledOptions): CreateStyledComponent<...>', gave the following error.
    Object literal may only specify known properties, and 'root' does not exist in type 'ComponentClass<{}, any>'.
  Overload 2 of 6, '(component: JSXElementConstructor<{}>, options?: StyledOptions<MUIStyledCommonProps<Theme>> & MuiStyledOptions): CreateStyledComponent<...>', gave the following error.
    Object literal may only specify known properties, and 'root' does not exist in type 'JSXElementConstructor<{}>'.
  Overload 3 of 6, '(tag: keyof IntrinsicElements, options?: StyledOptions<MUIStyledCommonProps<Theme>> & MuiStyledOptions): CreateStyledComponent<...>', gave the following error.
    Argument of type '{ root: { display: string; flexDirection: string; padding: string; }; checkbox: { marginBottom: string; }; }' is not assignable to parameter of type 'keyof IntrinsicElements'.

ERROR in /Users/alexandremagno/projects/gitpay/frontend/src/components/design-library/molecules/drawers/offer-drawer/components/offer/offer-drawer-actions.tsx
5:18-28
[tsl] ERROR in /Users/alexandremagno/projects/gitpay/frontend/src/components/design-library/molecules/drawers/offer-drawer/components/offer/offer-drawer-actions.tsx(5,19)
      TS2304: Cannot find name 'makeStyles'.

ERROR in /Users/alexandremagno/projects/gitpay/frontend/src/components/design-library/molecules/drawers/offer-drawer/components/offer/offer-drawer-checkboxes.tsx
./src/components/design-library/molecules/drawers/offer-drawer/components/offer/offer-drawer-checkboxes.tsx 8:18-28
[tsl] ERROR in /Users/alexandremagno/projects/gitpay/frontend/src/components/design-library/molecules/drawers/offer-drawer/components/offer/offer-drawer-checkboxes.tsx(8,19)
      TS2304: Cannot find name 'makeStyles'.
 @ ./src/components/design-library/molecules/drawers/offer-drawer/components/offer-drawer-create.tsx 10:0-68 45:32-53
 @ ./src/components/design-library/molecules/drawers/offer-drawer/offer-drawer.tsx 14:0-65 33:44-61
 @ ./src/components/areas/public/features/task/task.js 36:0-85 1294:43-54
 @ ./src/containers/task.js 2:0-65 137:60-64
 @ ./src/main/routes.js 9:0-47 139:15-28 143:15-28 147:15-28 151:15-28 155:15-28 159:15-28 163:15-28 167:15-28 171:15-28 175:15-28 179:15-28
 @ ./src/main/app.js 21:0-30 69:255-261
 @ ./src/index.js 3:0-29 4:49-52

ERROR in /Users/alexandremagno/projects/gitpay/frontend/src/components/design-library/molecules/drawers/payment-drawer/payment-drawer.tsx
./src/components/design-library/molecules/drawers/payment-drawer/payment-drawer.tsx 79:15-33
[tsl] ERROR in /Users/alexandremagno/projects/gitpay/frontend/src/components/design-library/molecules/drawers/payment-drawer/payment-drawer.tsx(79,16)
      TS2349: This expression is not callable.
  Type 'never' has no call signatures.
 @ ./src/components/areas/public/features/task/task-payment-form.js 19:0-91 123:46-59
 @ ./src/components/areas/public/features/task/task.js 41:0-50 1057:80-95
 @ ./src/containers/task.js 2:0-65 137:60-64
 @ ./src/main/routes.js 9:0-47 139:15-28 143:15-28 147:15-28 151:15-28 155:15-28 159:15-28 163:15-28 167:15-28 171:15-28 175:15-28 179:15-28
 @ ./src/main/app.js 21:0-30 69:255-261
 @ ./src/index.js 3:0-29 4:49-52

ERROR in /Users/alexandremagno/projects/gitpay/frontend/src/components/design-library/molecules/form-section/address-information-form/address-information-form.tsx
./src/components/design-library/molecules/form-section/address-information-form/address-information-form.tsx 18:6-10
[tsl] ERROR in /Users/alexandremagno/projects/gitpay/frontend/src/components/design-library/molecules/form-section/address-information-form/address-information-form.tsx(18,7)
      TS2322: Type '{ children: Element[]; completed: any; rows: number; legend: string; }' is not assignable to type 'IntrinsicAttributes & { children: any; completed: any; legend: any; }'.
  Property 'rows' does not exist on type 'IntrinsicAttributes & { children: any; completed: any; legend: any; }'.
 @ ./src/components/design-library/organisms/forms/account-forms/account-details-form/account-details-form.tsx 7:0-122 42:28-50
 @ ./src/components/design-library/pages/private/settings-pages/payout-settings-bank-account-holder/payout-settings-bank-account-holder.tsx 2:0-117 6:28-46
 @ ./src/components/areas/private/features/payout-settings/pages/payout-settings-bank-account-holder-page.tsx 38:0-162 87:32-63
 @ ./src/components/areas/private/features/payout-settings/pages/payout-settings-bank-account-page.tsx 15:0-94 30:55-91
 @ ./src/containers/account/payout-settings/payouts-settings-bank-account.ts 5:0-132 30:60-78
 @ ./src/components/areas/private/features/payout-settings/pages/payout-settings-page.tsx 5:0-132 15:107-141
 @ ./src/components/areas/private/pages/private-page.tsx 26:0-84 83:90-104
 @ ./src/containers/profile.js 2:0-73 82:60-71
 @ ./src/main/routes.js 7:0-53 46:15-31
 @ ./src/main/app.js 21:0-30 69:255-261
 @ ./src/index.js 3:0-29 4:49-52

ERROR in /Users/alexandremagno/projects/gitpay/frontend/src/components/design-library/molecules/form-section/login-form/login-form-forgot/login-form-forgot.tsx
./src/components/design-library/molecules/form-section/login-form/login-form-forgot/login-form-forgot.tsx 12:18-28
[tsl] ERROR in /Users/alexandremagno/projects/gitpay/frontend/src/components/design-library/molecules/form-section/login-form/login-form-forgot/login-form-forgot.tsx(12,19)
      TS2304: Cannot find name 'makeStyles'.
 @ ./src/components/areas/private/components/session/login-page.js 25:0-115 258:60-75
 @ ./src/containers/login-page.js 5:0-82 31:60-69
 @ ./src/main/routes.js 13:0-58 111:15-33 115:15-33 119:15-33 123:15-33 131:15-33
 @ ./src/main/app.js 21:0-30 69:255-261
 @ ./src/index.js 3:0-29 4:49-52

ERROR in /Users/alexandremagno/projects/gitpay/frontend/src/components/design-library/molecules/form-section/login-form/login-form-main/login-form.tsx
./src/components/design-library/molecules/form-section/login-form/login-form-main/login-form.tsx 6:2-12
[tsl] ERROR in /Users/alexandremagno/projects/gitpay/frontend/src/components/design-library/molecules/form-section/login-form/login-form-main/login-form.tsx(6,3)
      TS2724: '"@mui/material"' has no exported member named 'WithStyles'. Did you mean 'withStyles'?
 @ ./src/components/design-library/molecules/dialogs/signup-dialog/signup-dialog.tsx 3:0-81 9:36-45
 @ ./src/components/design-library/organisms/forms/signup-forms/signup-signin/signup-signin.tsx 3:0-85 16:28-40
 @ ./src/components/design-library/organisms/layouts/topbar/topbar.tsx 16:0-80 46:40-52
 @ ./src/components/design-library/templates/base/public-base/public-base.tsx 14:0-62 26:28-34
 @ ./src/components/design-library/pages/public/home/home.tsx 17:0-73 50:28-38
 @ ./src/components/areas/public/features/welcome/pages/home-page.tsx 13:0-57 17:32-36
 @ ./src/containers/home.js 1:0-79 3:36-40
 @ ./src/main/routes.js 5:0-47 39:8-21
 @ ./src/main/app.js 21:0-30 69:255-261
 @ ./src/index.js 3:0-29 4:49-52

ERROR in /Users/alexandremagno/projects/gitpay/frontend/src/components/design-library/molecules/form-section/login-form/login-form-reset/login-form-reset.tsx
./src/components/design-library/molecules/form-section/login-form/login-form-reset/login-form-reset.tsx 12:18-28
[tsl] ERROR in /Users/alexandremagno/projects/gitpay/frontend/src/components/design-library/molecules/form-section/login-form/login-form-reset/login-form-reset.tsx(12,19)
      TS2304: Cannot find name 'makeStyles'.
 @ ./src/components/areas/private/components/session/login-page.js 24:0-112 249:59-73
 @ ./src/containers/login-page.js 5:0-82 31:60-69
 @ ./src/main/routes.js 13:0-58 111:15-33 115:15-33 119:15-33 123:15-33 131:15-33
 @ ./src/main/app.js 21:0-30 69:255-261
 @ ./src/index.js 3:0-29 4:49-52

ERROR in /Users/alexandremagno/projects/gitpay/frontend/src/components/design-library/molecules/form-section/login-form/login-form-signin/login-form-signin.tsx
./src/components/design-library/molecules/form-section/login-form/login-form-signin/login-form-signin.tsx 14:18-28
[tsl] ERROR in /Users/alexandremagno/projects/gitpay/frontend/src/components/design-library/molecules/form-section/login-form/login-form-signin/login-form-signin.tsx(14,19)
      TS2304: Cannot find name 'makeStyles'.
 @ ./src/components/areas/private/components/session/login-page.js 22:0-115 229:62-77
 @ ./src/containers/login-page.js 5:0-82 31:60-69
 @ ./src/main/routes.js 13:0-58 111:15-33 115:15-33 119:15-33 123:15-33 131:15-33
 @ ./src/main/app.js 21:0-30 69:255-261
 @ ./src/index.js 3:0-29 4:49-52

ERROR in /Users/alexandremagno/projects/gitpay/frontend/src/components/design-library/molecules/form-section/login-form/login-form-signup/login-form-signup.tsx
./src/components/design-library/molecules/form-section/login-form/login-form-signup/login-form-signup.tsx 22:18-28
[tsl] ERROR in /Users/alexandremagno/projects/gitpay/frontend/src/components/design-library/molecules/form-section/login-form/login-form-signup/login-form-signup.tsx(22,19)
      TS2304: Cannot find name 'makeStyles'.
 @ ./src/components/areas/private/components/session/login-page.js 23:0-115 237:60-75
 @ ./src/containers/login-page.js 5:0-82 31:60-69
 @ ./src/main/routes.js 13:0-58 111:15-33 115:15-33 119:15-33 123:15-33 131:15-33
 @ ./src/main/app.js 21:0-30 69:255-261
 @ ./src/index.js 3:0-29 4:49-52

ERROR in /Users/alexandremagno/projects/gitpay/frontend/src/components/design-library/molecules/form-section/personal-details-form/personal-details-form.tsx
./src/components/design-library/molecules/form-section/personal-details-form/personal-details-form.tsx 19:6-10
[tsl] ERROR in /Users/alexandremagno/projects/gitpay/frontend/src/components/design-library/molecules/form-section/personal-details-form/personal-details-form.tsx(19,7)
      TS2322: Type '{ children: Element[]; completed: any; rows: number; legend: string; }' is not assignable to type 'IntrinsicAttributes & { children: any; completed: any; legend: any; }'.
  Property 'rows' does not exist on type 'IntrinsicAttributes & { children: any; completed: any; legend: any; }'.
 @ ./src/components/design-library/organisms/forms/account-forms/account-details-form/account-details-form.tsx 6:0-113 41:28-47
 @ ./src/components/design-library/pages/private/settings-pages/payout-settings-bank-account-holder/payout-settings-bank-account-holder.tsx 2:0-117 6:28-46
 @ ./src/components/areas/private/features/payout-settings/pages/payout-settings-bank-account-holder-page.tsx 38:0-162 87:32-63
 @ ./src/components/areas/private/features/payout-settings/pages/payout-settings-bank-account-page.tsx 15:0-94 30:55-91
 @ ./src/containers/account/payout-settings/payouts-settings-bank-account.ts 5:0-132 30:60-78
 @ ./src/components/areas/private/features/payout-settings/pages/payout-settings-page.tsx 5:0-132 15:107-141
 @ ./src/components/areas/private/pages/private-page.tsx 26:0-84 83:90-104
 @ ./src/containers/profile.js 2:0-73 82:60-71
 @ ./src/main/routes.js 7:0-53 46:15-31
 @ ./src/main/app.js 21:0-30 69:255-261
 @ ./src/index.js 3:0-29 4:49-52

ERROR in /Users/alexandremagno/projects/gitpay/frontend/src/components/design-library/molecules/lists/issue-author-list/issue-author-list.tsx
./src/components/design-library/molecules/lists/issue-author-list/issue-author-list.tsx 109:0-1
[tsl] ERROR in /Users/alexandremagno/projects/gitpay/frontend/src/components/design-library/molecules/lists/issue-author-list/issue-author-list.tsx(109,1)
      TS1128: Declaration or statement expected.
 @ ./src/components/design-library/organisms/layouts/issue-content/issue-content.tsx 9:0-91 48:28-43
 @ ./src/components/areas/public/features/task/task.js 48:0-88 1047:42-54
 @ ./src/containers/task.js 2:0-65 137:60-64
 @ ./src/main/routes.js 9:0-47 139:15-28 143:15-28 147:15-28 151:15-28 155:15-28 159:15-28 163:15-28 167:15-28 171:15-28 175:15-28 179:15-28
 @ ./src/main/app.js 21:0-30 69:255-261
 @ ./src/index.js 3:0-29 4:49-52

ERROR in /Users/alexandremagno/projects/gitpay/frontend/src/components/design-library/molecules/lists/issue-author-list/issue-author-list.tsx
./src/components/design-library/molecules/lists/issue-author-list/issue-author-list.tsx 30:19-26
[tsl] ERROR in /Users/alexandremagno/projects/gitpay/frontend/src/components/design-library/molecules/lists/issue-author-list/issue-author-list.tsx(30,20)
      TS2339: Property 'spacing' does not exist on type 'DefaultTheme'.
 @ ./src/components/design-library/organisms/layouts/issue-content/issue-content.tsx 9:0-91 48:28-43
 @ ./src/components/areas/public/features/task/task.js 48:0-88 1047:42-54
 @ ./src/containers/task.js 2:0-65 137:60-64
 @ ./src/main/routes.js 9:0-47 139:15-28 143:15-28 147:15-28 151:15-28 155:15-28 159:15-28 163:15-28 167:15-28 171:15-28 175:15-28 179:15-28
 @ ./src/main/app.js 21:0-30 69:255-261
 @ ./src/index.js 3:0-29 4:49-52

ERROR in /Users/alexandremagno/projects/gitpay/frontend/src/components/design-library/molecules/lists/issue-labels-list/issue-labels-list.tsx
./src/components/design-library/molecules/lists/issue-labels-list/issue-labels-list.tsx 46:15-30
[tsl] ERROR in /Users/alexandremagno/projects/gitpay/frontend/src/components/design-library/molecules/lists/issue-labels-list/issue-labels-list.tsx(46,16)
      TS2528: A module cannot have multiple default exports.
 @ ./src/components/design-library/molecules/headers/issue-header/issue-header.tsx 49:0-96 158:32-42
 @ ./src/components/design-library/organisms/layouts/issue-content/issue-content.tsx 8:0-79 33:28-39
 @ ./src/components/areas/public/features/task/task.js 48:0-88 1047:42-54
 @ ./src/containers/task.js 2:0-65 137:60-64
 @ ./src/main/routes.js 9:0-47 139:15-28 143:15-28 147:15-28 151:15-28 155:15-28 159:15-28 163:15-28 167:15-28 171:15-28 175:15-28 179:15-28
 @ ./src/main/app.js 21:0-30 69:255-261
 @ ./src/index.js 3:0-29 4:49-52

ERROR in /Users/alexandremagno/projects/gitpay/frontend/src/components/design-library/molecules/lists/issue-labels-list/issue-labels-list.tsx
./src/components/design-library/molecules/lists/issue-labels-list/issue-labels-list.tsx 47:15-30
[tsl] ERROR in /Users/alexandremagno/projects/gitpay/frontend/src/components/design-library/molecules/lists/issue-labels-list/issue-labels-list.tsx(47,16)
      TS2528: A module cannot have multiple default exports.
 @ ./src/components/design-library/molecules/headers/issue-header/issue-header.tsx 49:0-96 158:32-42
 @ ./src/components/design-library/organisms/layouts/issue-content/issue-content.tsx 8:0-79 33:28-39
 @ ./src/components/areas/public/features/task/task.js 48:0-88 1047:42-54
 @ ./src/containers/task.js 2:0-65 137:60-64
 @ ./src/main/routes.js 9:0-47 139:15-28 143:15-28 147:15-28 151:15-28 155:15-28 159:15-28 163:15-28 167:15-28 171:15-28 175:15-28 179:15-28
 @ ./src/main/app.js 21:0-30 69:255-261
 @ ./src/index.js 3:0-29 4:49-52

ERROR in /Users/alexandremagno/projects/gitpay/frontend/src/components/design-library/molecules/lists/offers-list/offers-list.tsx
./src/components/design-library/molecules/lists/offers-list/offers-list.tsx 54:20-27
[tsl] ERROR in /Users/alexandremagno/projects/gitpay/frontend/src/components/design-library/molecules/lists/offers-list/offers-list.tsx(54,21)
      TS2769: No overload matches this call.
  Overload 1 of 2, '(props: { component: ElementType<any, keyof IntrinsicElements>; } & ChipOwnProps & ChipSlotsAndSlotProps & CommonProps & Omit<...>): Element', gave the following error.
    Type '"default"' is not assignable to type 'OverridableStringUnion<"outlined" | "filled", ChipPropsVariantOverrides>'.
  Overload 2 of 2, '(props: DefaultComponentProps<ChipTypeMap<{}, "div">>): Element', gave the following error.
    Type '"default"' is not assignable to type 'OverridableStringUnion<"outlined" | "filled", ChipPropsVariantOverrides>'.
 @ ./src/components/design-library/molecules/drawers/offer-drawer/offer-drawer.tsx 16:0-61 39:43-53
 @ ./src/components/areas/public/features/task/task.js 36:0-85 1294:43-54
 @ ./src/containers/task.js 2:0-65 137:60-64
 @ ./src/main/routes.js 9:0-47 139:15-28 143:15-28 147:15-28 151:15-28 155:15-28 159:15-28 163:15-28 167:15-28 171:15-28 175:15-28 179:15-28
 @ ./src/main/app.js 21:0-30 69:255-261
 @ ./src/index.js 3:0-29 4:49-52

ERROR in /Users/alexandremagno/projects/gitpay/frontend/src/components/design-library/molecules/lists/pickup-tag-list/pickup-tag-list.tsx
./src/components/design-library/molecules/lists/pickup-tag-list/pickup-tag-list.tsx 103:15-33
[tsl] ERROR in /Users/alexandremagno/projects/gitpay/frontend/src/components/design-library/molecules/lists/pickup-tag-list/pickup-tag-list.tsx(103,16)
      TS2349: This expression is not callable.
  Type 'never' has no call signatures.
 @ ./src/components/design-library/molecules/drawers/payment-drawer/payment-drawer.tsx 5:0-72 30:28-41
 @ ./src/components/areas/public/features/task/task-payment-form.js 19:0-91 123:46-59
 @ ./src/components/areas/public/features/task/task.js 41:0-50 1057:80-95
 @ ./src/containers/task.js 2:0-65 137:60-64
 @ ./src/main/routes.js 9:0-47 139:15-28 143:15-28 147:15-28 151:15-28 155:15-28 159:15-28 163:15-28 167:15-28 171:15-28 175:15-28 179:15-28
 @ ./src/main/app.js 21:0-30 69:255-261
 @ ./src/index.js 3:0-29 4:49-52

ERROR in /Users/alexandremagno/projects/gitpay/frontend/src/components/design-library/molecules/menus/account-menu/account-menu.tsx
./src/components/design-library/molecules/menus/account-menu/account-menu.tsx 125:11-19
[tsl] ERROR in /Users/alexandremagno/projects/gitpay/frontend/src/components/design-library/molecules/menus/account-menu/account-menu.tsx(125,12)
      TS2769: No overload matches this call.
  Overload 1 of 2, '(props: { component: ElementType<any, keyof IntrinsicElements>; } & ListItemOwnProps & CommonProps & Omit<any, "children" | ... 15 more ... | "secondaryAction">): Element', gave the following error.
    Property 'component' is missing in type '{ children: Element[]; button: true; onClick: () => void; key: number; }' but required in type '{ component: ElementType<any, keyof IntrinsicElements>; }'.
  Overload 2 of 2, '(props: DefaultComponentProps<ListItemTypeMap<{}, "li">>): Element', gave the following error.
    Type '{ children: Element[]; button: true; onClick: () => void; key: number; }' is not assignable to type 'IntrinsicAttributes & ListItemOwnProps & CommonProps & Omit<Omit<DetailedHTMLProps<LiHTMLAttributes<HTMLLIElement>, HTMLLIElement>, "ref"> & { ...; }, "children" | ... 15 more ... | "secondaryAction">'.
      Property 'button' does not exist on type 'IntrinsicAttributes & ListItemOwnProps & CommonProps & Omit<Omit<DetailedHTMLProps<LiHTMLAttributes<HTMLLIElement>, HTMLLIElement>, "ref"> & { ...; }, "children" | ... 15 more ... | "secondaryAction">'.
 @ ./src/components/design-library/molecules/trigger-buttons/account-settings/account-settings.tsx 14:0-64 20:28-39
 @ ./src/components/design-library/organisms/layouts/topbar/topbar.tsx 18:0-99 44:40-55
 @ ./src/components/design-library/templates/base/public-base/public-base.tsx 14:0-62 26:28-34
 @ ./src/components/design-library/pages/public/home/home.tsx 17:0-73 50:28-38
 @ ./src/components/areas/public/features/welcome/pages/home-page.tsx 13:0-57 17:32-36
 @ ./src/containers/home.js 1:0-79 3:36-40
 @ ./src/main/routes.js 5:0-47 39:8-21
 @ ./src/main/app.js 21:0-30 69:255-261
 @ ./src/index.js 3:0-29 4:49-52

ERROR in /Users/alexandremagno/projects/gitpay/frontend/src/components/design-library/molecules/menus/side-menu/side-menu-items.tsx
./src/components/design-library/molecules/menus/side-menu/side-menu-items.tsx 5:18-28
[tsl] ERROR in /Users/alexandremagno/projects/gitpay/frontend/src/components/design-library/molecules/menus/side-menu/side-menu-items.tsx(5,19)
      TS2304: Cannot find name 'makeStyles'.
 @ ./src/components/design-library/molecules/menus/side-menu/side-menu.tsx 17:0-46 170:52-65 172:52-65
 @ ./src/components/design-library/organisms/layouts/profile-sidebar/profile-sidebar.tsx 6:0-72 48:28-36
 @ ./src/components/design-library/templates/base/private-base/private-base.tsx 15:0-88 61:36-50
 @ ./src/components/areas/private/pages/private-page.tsx 14:0-82 36:32-43
 @ ./src/containers/profile.js 2:0-73 82:60-71
 @ ./src/main/routes.js 7:0-53 46:15-31
 @ ./src/main/app.js 21:0-30 69:255-261
 @ ./src/index.js 3:0-29 4:49-52

ERROR in /Users/alexandremagno/projects/gitpay/frontend/src/components/design-library/molecules/menus/side-menu/side-menu.placeholder.tsx
18:15-37
[tsl] ERROR in /Users/alexandremagno/projects/gitpay/frontend/src/components/design-library/molecules/menus/side-menu/side-menu.placeholder.tsx(18,16)
      TS2528: A module cannot have multiple default exports.

ERROR in /Users/alexandremagno/projects/gitpay/frontend/src/components/design-library/molecules/menus/side-menu/side-menu.placeholder.tsx
19:15-37
[tsl] ERROR in /Users/alexandremagno/projects/gitpay/frontend/src/components/design-library/molecules/menus/side-menu/side-menu.placeholder.tsx(19,16)
      TS2528: A module cannot have multiple default exports.

ERROR in /Users/alexandremagno/projects/gitpay/frontend/src/components/design-library/molecules/menus/side-menu/side-menu.tsx
./src/components/design-library/molecules/menus/side-menu/side-menu.tsx 25:11-22
[tsl] ERROR in /Users/alexandremagno/projects/gitpay/frontend/src/components/design-library/molecules/menus/side-menu/side-menu.tsx(25,12)
      TS2339: Property 'breakpoints' does not exist on type 'DefaultTheme'.
 @ ./src/components/design-library/organisms/layouts/profile-sidebar/profile-sidebar.tsx 6:0-72 48:28-36
 @ ./src/components/design-library/templates/base/private-base/private-base.tsx 15:0-88 61:36-50
 @ ./src/components/areas/private/pages/private-page.tsx 14:0-82 36:32-43
 @ ./src/containers/profile.js 2:0-73 82:60-71
 @ ./src/main/routes.js 7:0-53 46:15-31
 @ ./src/main/app.js 21:0-30 69:255-261
 @ ./src/index.js 3:0-29 4:49-52

ERROR in /Users/alexandremagno/projects/gitpay/frontend/src/components/design-library/molecules/menus/side-menu/side-menu.tsx
./src/components/design-library/molecules/menus/side-menu/side-menu.tsx 34:11-22
[tsl] ERROR in /Users/alexandremagno/projects/gitpay/frontend/src/components/design-library/molecules/menus/side-menu/side-menu.tsx(34,12)
      TS2339: Property 'breakpoints' does not exist on type 'DefaultTheme'.
 @ ./src/components/design-library/organisms/layouts/profile-sidebar/profile-sidebar.tsx 6:0-72 48:28-36
 @ ./src/components/design-library/templates/base/private-base/private-base.tsx 15:0-88 61:36-50
 @ ./src/components/areas/private/pages/private-page.tsx 14:0-82 36:32-43
 @ ./src/containers/profile.js 2:0-73 82:60-71
 @ ./src/main/routes.js 7:0-53 46:15-31
 @ ./src/main/app.js 21:0-30 69:255-261
 @ ./src/index.js 3:0-29 4:49-52

ERROR in /Users/alexandremagno/projects/gitpay/frontend/src/components/design-library/molecules/menus/side-menu/side-menu.tsx
./src/components/design-library/molecules/menus/side-menu/side-menu.tsx 55:17-24
[tsl] ERROR in /Users/alexandremagno/projects/gitpay/frontend/src/components/design-library/molecules/menus/side-menu/side-menu.tsx(55,18)
      TS2339: Property 'palette' does not exist on type 'DefaultTheme'.
 @ ./src/components/design-library/organisms/layouts/profile-sidebar/profile-sidebar.tsx 6:0-72 48:28-36
 @ ./src/components/design-library/templates/base/private-base/private-base.tsx 15:0-88 61:36-50
 @ ./src/components/areas/private/pages/private-page.tsx 14:0-82 36:32-43
 @ ./src/containers/profile.js 2:0-73 82:60-71
 @ ./src/main/routes.js 7:0-53 46:15-31
 @ ./src/main/app.js 21:0-30 69:255-261
 @ ./src/index.js 3:0-29 4:49-52

ERROR in /Users/alexandremagno/projects/gitpay/frontend/src/components/design-library/molecules/menus/side-menu/side-menu.tsx
./src/components/design-library/molecules/menus/side-menu/side-menu.tsx 62:17-24
[tsl] ERROR in /Users/alexandremagno/projects/gitpay/frontend/src/components/design-library/molecules/menus/side-menu/side-menu.tsx(62,18)
      TS2339: Property 'palette' does not exist on type 'DefaultTheme'.
 @ ./src/components/design-library/organisms/layouts/profile-sidebar/profile-sidebar.tsx 6:0-72 48:28-36
 @ ./src/components/design-library/templates/base/private-base/private-base.tsx 15:0-88 61:36-50
 @ ./src/components/areas/private/pages/private-page.tsx 14:0-82 36:32-43
 @ ./src/containers/profile.js 2:0-73 82:60-71
 @ ./src/main/routes.js 7:0-53 46:15-31
 @ ./src/main/app.js 21:0-30 69:255-261
 @ ./src/index.js 3:0-29 4:49-52

ERROR in /Users/alexandremagno/projects/gitpay/frontend/src/components/design-library/molecules/menus/side-menu/side-menu.tsx
./src/components/design-library/molecules/menus/side-menu/side-menu.tsx 76:19-26
[tsl] ERROR in /Users/alexandremagno/projects/gitpay/frontend/src/components/design-library/molecules/menus/side-menu/side-menu.tsx(76,20)
      TS2339: Property 'palette' does not exist on type 'DefaultTheme'.
 @ ./src/components/design-library/organisms/layouts/profile-sidebar/profile-sidebar.tsx 6:0-72 48:28-36
 @ ./src/components/design-library/templates/base/private-base/private-base.tsx 15:0-88 61:36-50
 @ ./src/components/areas/private/pages/private-page.tsx 14:0-82 36:32-43
 @ ./src/containers/profile.js 2:0-73 82:60-71
 @ ./src/main/routes.js 7:0-53 46:15-31
 @ ./src/main/app.js 21:0-30 69:255-261
 @ ./src/index.js 3:0-29 4:49-52

ERROR in /Users/alexandremagno/projects/gitpay/frontend/src/components/design-library/molecules/menus/side-menu/side-menu.tsx
./src/components/design-library/molecules/menus/side-menu/side-menu.tsx 129:11-22
[tsl] ERROR in /Users/alexandremagno/projects/gitpay/frontend/src/components/design-library/molecules/menus/side-menu/side-menu.tsx(129,12)
      TS2339: Property 'breakpoints' does not exist on type 'DefaultTheme'.
 @ ./src/components/design-library/organisms/layouts/profile-sidebar/profile-sidebar.tsx 6:0-72 48:28-36
 @ ./src/components/design-library/templates/base/private-base/private-base.tsx 15:0-88 61:36-50
 @ ./src/components/areas/private/pages/private-page.tsx 14:0-82 36:32-43
 @ ./src/containers/profile.js 2:0-73 82:60-71
 @ ./src/main/routes.js 7:0-53 46:15-31
 @ ./src/main/app.js 21:0-30 69:255-261
 @ ./src/index.js 3:0-29 4:49-52

ERROR in /Users/alexandremagno/projects/gitpay/frontend/src/components/design-library/molecules/tables/section-table/section-table.tsx
./src/components/design-library/molecules/tables/section-table/section-table.tsx 25:21-28
[tsl] ERROR in /Users/alexandremagno/projects/gitpay/frontend/src/components/design-library/molecules/tables/section-table/section-table.tsx(25,22)
      TS2339: Property 'spacing' does not exist on type 'DefaultTheme'.
 @ ./src/components/areas/public/features/task/task-list.tsx 97:0-87 318:36-48
 @ ./src/containers/task-list.js 3:0-74 46:60-68
 @ ./src/components/areas/public/features/task/task-explorer.js 20:0-68 240:39-56
 @ ./src/containers/task-explorer.js 3:0-82 25:60-72
 @ ./src/main/routes.js 11:0-55 21:42-54 25:42-54 102:46-58
 @ ./src/main/app.js 21:0-30 69:255-261
 @ ./src/index.js 3:0-29 4:49-52

ERROR in /Users/alexandremagno/projects/gitpay/frontend/src/components/design-library/molecules/tables/section-table/section-table.tsx
./src/components/design-library/molecules/tables/section-table/section-table.tsx 39:24-31
[tsl] ERROR in /Users/alexandremagno/projects/gitpay/frontend/src/components/design-library/molecules/tables/section-table/section-table.tsx(39,25)
      TS2339: Property 'spacing' does not exist on type 'DefaultTheme'.
 @ ./src/components/areas/public/features/task/task-list.tsx 97:0-87 318:36-48
 @ ./src/containers/task-list.js 3:0-74 46:60-68
 @ ./src/components/areas/public/features/task/task-explorer.js 20:0-68 240:39-56
 @ ./src/containers/task-explorer.js 3:0-82 25:60-72
 @ ./src/main/routes.js 11:0-55 21:42-54 25:42-54 102:46-58
 @ ./src/main/app.js 21:0-30 69:255-261
 @ ./src/index.js 3:0-29 4:49-52

ERROR in /Users/alexandremagno/projects/gitpay/frontend/src/components/design-library/molecules/tables/section-table/section-table.tsx
./src/components/design-library/molecules/tables/section-table/section-table.tsx 42:17-24
[tsl] ERROR in /Users/alexandremagno/projects/gitpay/frontend/src/components/design-library/molecules/tables/section-table/section-table.tsx(42,18)
      TS2339: Property 'palette' does not exist on type 'DefaultTheme'.
 @ ./src/components/areas/public/features/task/task-list.tsx 97:0-87 318:36-48
 @ ./src/containers/task-list.js 3:0-74 46:60-68
 @ ./src/components/areas/public/features/task/task-explorer.js 20:0-68 240:39-56
 @ ./src/containers/task-explorer.js 3:0-82 25:60-72
 @ ./src/main/routes.js 11:0-55 21:42-54 25:42-54 102:46-58
 @ ./src/main/app.js 21:0-30 69:255-261
 @ ./src/index.js 3:0-29 4:49-52

ERROR in /Users/alexandremagno/projects/gitpay/frontend/src/components/design-library/molecules/tables/section-table/section-table.tsx
./src/components/design-library/molecules/tables/section-table/section-table.tsx 45:24-31
[tsl] ERROR in /Users/alexandremagno/projects/gitpay/frontend/src/components/design-library/molecules/tables/section-table/section-table.tsx(45,25)
      TS2339: Property 'spacing' does not exist on type 'DefaultTheme'.
 @ ./src/components/areas/public/features/task/task-list.tsx 97:0-87 318:36-48
 @ ./src/containers/task-list.js 3:0-74 46:60-68
 @ ./src/components/areas/public/features/task/task-explorer.js 20:0-68 240:39-56
 @ ./src/containers/task-explorer.js 3:0-82 25:60-72
 @ ./src/main/routes.js 11:0-55 21:42-54 25:42-54 102:46-58
 @ ./src/main/app.js 21:0-30 69:255-261
 @ ./src/index.js 3:0-29 4:49-52

ERROR in /Users/alexandremagno/projects/gitpay/frontend/src/components/design-library/molecules/tables/section-table/section-table.tsx
./src/components/design-library/molecules/tables/section-table/section-table.tsx 48:17-24
[tsl] ERROR in /Users/alexandremagno/projects/gitpay/frontend/src/components/design-library/molecules/tables/section-table/section-table.tsx(48,18)
      TS2339: Property 'palette' does not exist on type 'DefaultTheme'.
 @ ./src/components/areas/public/features/task/task-list.tsx 97:0-87 318:36-48
 @ ./src/containers/task-list.js 3:0-74 46:60-68
 @ ./src/components/areas/public/features/task/task-explorer.js 20:0-68 240:39-56
 @ ./src/containers/task-explorer.js 3:0-82 25:60-72
 @ ./src/main/routes.js 11:0-55 21:42-54 25:42-54 102:46-58
 @ ./src/main/app.js 21:0-30 69:255-261
 @ ./src/index.js 3:0-29 4:49-52

ERROR in /Users/alexandremagno/projects/gitpay/frontend/src/components/design-library/molecules/tables/section-table/section-table.tsx
./src/components/design-library/molecules/tables/section-table/section-table.tsx 51:17-24
[tsl] ERROR in /Users/alexandremagno/projects/gitpay/frontend/src/components/design-library/molecules/tables/section-table/section-table.tsx(51,18)
      TS2339: Property 'spacing' does not exist on type 'DefaultTheme'.
 @ ./src/components/areas/public/features/task/task-list.tsx 97:0-87 318:36-48
 @ ./src/containers/task-list.js 3:0-74 46:60-68
 @ ./src/components/areas/public/features/task/task-explorer.js 20:0-68 240:39-56
 @ ./src/containers/task-explorer.js 3:0-82 25:60-72
 @ ./src/main/routes.js 11:0-55 21:42-54 25:42-54 102:46-58
 @ ./src/main/app.js 21:0-30 69:255-261
 @ ./src/index.js 3:0-29 4:49-52

ERROR in /Users/alexandremagno/projects/gitpay/frontend/src/components/design-library/molecules/tables/section-table/section-table.tsx
./src/components/design-library/molecules/tables/section-table/section-table.tsx 52:18-25
[tsl] ERROR in /Users/alexandremagno/projects/gitpay/frontend/src/components/design-library/molecules/tables/section-table/section-table.tsx(52,19)
      TS2339: Property 'spacing' does not exist on type 'DefaultTheme'.
 @ ./src/components/areas/public/features/task/task-list.tsx 97:0-87 318:36-48
 @ ./src/containers/task-list.js 3:0-74 46:60-68
 @ ./src/components/areas/public/features/task/task-explorer.js 20:0-68 240:39-56
 @ ./src/containers/task-explorer.js 3:0-82 25:60-72
 @ ./src/main/routes.js 11:0-55 21:42-54 25:42-54 102:46-58
 @ ./src/main/app.js 21:0-30 69:255-261
 @ ./src/index.js 3:0-29 4:49-52

ERROR in /Users/alexandremagno/projects/gitpay/frontend/src/components/design-library/molecules/tables/section-table/section-table.tsx
./src/components/design-library/molecules/tables/section-table/section-table.tsx 53:27-34
[tsl] ERROR in /Users/alexandremagno/projects/gitpay/frontend/src/components/design-library/molecules/tables/section-table/section-table.tsx(53,28)
      TS2339: Property 'palette' does not exist on type 'DefaultTheme'.
 @ ./src/components/areas/public/features/task/task-list.tsx 97:0-87 318:36-48
 @ ./src/containers/task-list.js 3:0-74 46:60-68
 @ ./src/components/areas/public/features/task/task-explorer.js 20:0-68 240:39-56
 @ ./src/containers/task-explorer.js 3:0-82 25:60-72
 @ ./src/main/routes.js 11:0-55 21:42-54 25:42-54 102:46-58
 @ ./src/main/app.js 21:0-30 69:255-261
 @ ./src/index.js 3:0-29 4:49-52

ERROR in /Users/alexandremagno/projects/gitpay/frontend/src/components/design-library/molecules/tables/section-table/section-table.tsx
./src/components/design-library/molecules/tables/section-table/section-table.tsx 56:17-24
[tsl] ERROR in /Users/alexandremagno/projects/gitpay/frontend/src/components/design-library/molecules/tables/section-table/section-table.tsx(56,18)
      TS2339: Property 'spacing' does not exist on type 'DefaultTheme'.
 @ ./src/components/areas/public/features/task/task-list.tsx 97:0-87 318:36-48
 @ ./src/containers/task-list.js 3:0-74 46:60-68
 @ ./src/components/areas/public/features/task/task-explorer.js 20:0-68 240:39-56
 @ ./src/containers/task-explorer.js 3:0-82 25:60-72
 @ ./src/main/routes.js 11:0-55 21:42-54 25:42-54 102:46-58
 @ ./src/main/app.js 21:0-30 69:255-261
 @ ./src/index.js 3:0-29 4:49-52

ERROR in /Users/alexandremagno/projects/gitpay/frontend/src/components/design-library/molecules/tables/section-table/section-table.tsx
./src/components/design-library/molecules/tables/section-table/section-table.tsx 57:18-25
[tsl] ERROR in /Users/alexandremagno/projects/gitpay/frontend/src/components/design-library/molecules/tables/section-table/section-table.tsx(57,19)
      TS2339: Property 'spacing' does not exist on type 'DefaultTheme'.
 @ ./src/components/areas/public/features/task/task-list.tsx 97:0-87 318:36-48
 @ ./src/containers/task-list.js 3:0-74 46:60-68
 @ ./src/components/areas/public/features/task/task-explorer.js 20:0-68 240:39-56
 @ ./src/containers/task-explorer.js 3:0-82 25:60-72
 @ ./src/main/routes.js 11:0-55 21:42-54 25:42-54 102:46-58
 @ ./src/main/app.js 21:0-30 69:255-261
 @ ./src/index.js 3:0-29 4:49-52

ERROR in /Users/alexandremagno/projects/gitpay/frontend/src/components/design-library/molecules/tables/section-table/section-table.tsx
./src/components/design-library/molecules/tables/section-table/section-table.tsx 58:27-34
[tsl] ERROR in /Users/alexandremagno/projects/gitpay/frontend/src/components/design-library/molecules/tables/section-table/section-table.tsx(58,28)
      TS2339: Property 'palette' does not exist on type 'DefaultTheme'.
 @ ./src/components/areas/public/features/task/task-list.tsx 97:0-87 318:36-48
 @ ./src/containers/task-list.js 3:0-74 46:60-68
 @ ./src/components/areas/public/features/task/task-explorer.js 20:0-68 240:39-56
 @ ./src/containers/task-explorer.js 3:0-82 25:60-72
 @ ./src/main/routes.js 11:0-55 21:42-54 25:42-54 102:46-58
 @ ./src/main/app.js 21:0-30 69:255-261
 @ ./src/index.js 3:0-29 4:49-52

ERROR in /Users/alexandremagno/projects/gitpay/frontend/src/components/design-library/molecules/tables/section-table/section-table.tsx
./src/components/design-library/molecules/tables/section-table/section-table.tsx 232:17-36
[tsl] ERROR in /Users/alexandremagno/projects/gitpay/frontend/src/components/design-library/molecules/tables/section-table/section-table.tsx(232,18)
      TS2604: JSX element type 'TableRowPlaceholder' does not have any construct or call signatures.
 @ ./src/components/areas/public/features/task/task-list.tsx 97:0-87 318:36-48
 @ ./src/containers/task-list.js 3:0-74 46:60-68
 @ ./src/components/areas/public/features/task/task-explorer.js 20:0-68 240:39-56
 @ ./src/containers/task-explorer.js 3:0-82 25:60-72
 @ ./src/main/routes.js 11:0-55 21:42-54 25:42-54 102:46-58
 @ ./src/main/app.js 21:0-30 69:255-261
 @ ./src/index.js 3:0-29 4:49-52

ERROR in /Users/alexandremagno/projects/gitpay/frontend/src/components/design-library/molecules/tables/section-table/section-table.tsx
./src/components/design-library/molecules/tables/section-table/section-table.tsx 232:17-36
[tsl] ERROR in /Users/alexandremagno/projects/gitpay/frontend/src/components/design-library/molecules/tables/section-table/section-table.tsx(232,18)
      TS2786: 'TableRowPlaceholder' cannot be used as a JSX component.
  Its type 'Element' is not a valid JSX element type.
 @ ./src/components/areas/public/features/task/task-list.tsx 97:0-87 318:36-48
 @ ./src/containers/task-list.js 3:0-74 46:60-68
 @ ./src/components/areas/public/features/task/task-explorer.js 20:0-68 240:39-56
 @ ./src/containers/task-explorer.js 3:0-82 25:60-72
 @ ./src/main/routes.js 11:0-55 21:42-54 25:42-54 102:46-58
 @ ./src/main/app.js 21:0-30 69:255-261
 @ ./src/index.js 3:0-29 4:49-52

ERROR in /Users/alexandremagno/projects/gitpay/frontend/src/components/design-library/molecules/tables/section-table/section-table-custom-fields/base/status-field/status-field.tsx
./src/components/design-library/molecules/tables/section-table/section-table-custom-fields/base/status-field/status-field.tsx 14:98-105
[tsl] ERROR in /Users/alexandremagno/projects/gitpay/frontend/src/components/design-library/molecules/tables/section-table/section-table-custom-fields/base/status-field/status-field.tsx(14,99)
      TS2339: Property 'pending' does not exist on type 'StyledComponent<Theme & MUIStyledCommonProps<Theme>, {}, {}>'.
 @ ./src/components/areas/private/features/payouts/payouts-table.tsx 5:0-131 16:62-73
 @ ./src/components/areas/private/features/payouts/payouts.tsx 41:0-43 95:32-44
 @ ./src/containers/payouts.ts 4:0-75 22:60-67
 @ ./src/components/areas/private/pages/private-page.tsx 23:0-62 56:95-111
 @ ./src/containers/profile.js 2:0-73 82:60-71
 @ ./src/main/routes.js 7:0-53 46:15-31
 @ ./src/main/app.js 21:0-30 69:255-261
 @ ./src/index.js 3:0-29 4:49-52

ERROR in /Users/alexandremagno/projects/gitpay/frontend/src/components/design-library/molecules/tables/section-table/section-table-custom-fields/base/status-field/status-field.tsx
./src/components/design-library/molecules/tables/section-table/section-table-custom-fields/base/status-field/status-field.tsx 15:99-106
[tsl] ERROR in /Users/alexandremagno/projects/gitpay/frontend/src/components/design-library/molecules/tables/section-table/section-table-custom-fields/base/status-field/status-field.tsx(15,100)
      TS2339: Property 'created' does not exist on type 'StyledComponent<Theme & MUIStyledCommonProps<Theme>, {}, {}>'.
 @ ./src/components/areas/private/features/payouts/payouts-table.tsx 5:0-131 16:62-73
 @ ./src/components/areas/private/features/payouts/payouts.tsx 41:0-43 95:32-44
 @ ./src/containers/payouts.ts 4:0-75 22:60-67
 @ ./src/components/areas/private/pages/private-page.tsx 23:0-62 56:95-111
 @ ./src/containers/profile.js 2:0-73 82:60-71
 @ ./src/main/routes.js 7:0-53 46:15-31
 @ ./src/main/app.js 21:0-30 69:255-261
 @ ./src/index.js 3:0-29 4:49-52

ERROR in /Users/alexandremagno/projects/gitpay/frontend/src/components/design-library/molecules/tables/section-table/section-table-custom-fields/base/status-field/status-field.tsx
./src/components/design-library/molecules/tables/section-table/section-table-custom-fields/base/status-field/status-field.tsx 16:107-117
[tsl] ERROR in /Users/alexandremagno/projects/gitpay/frontend/src/components/design-library/molecules/tables/section-table/section-table-custom-fields/base/status-field/status-field.tsx(16,108)
      TS2339: Property 'in_transit' does not exist on type 'StyledComponent<Theme & MUIStyledCommonProps<Theme>, {}, {}>'.
 @ ./src/components/areas/private/features/payouts/payouts-table.tsx 5:0-131 16:62-73
 @ ./src/components/areas/private/features/payouts/payouts.tsx 41:0-43 95:32-44
 @ ./src/containers/payouts.ts 4:0-75 22:60-67
 @ ./src/components/areas/private/pages/private-page.tsx 23:0-62 56:95-111
 @ ./src/containers/profile.js 2:0-73 82:60-71
 @ ./src/main/routes.js 7:0-53 46:15-31
 @ ./src/main/app.js 21:0-30 69:255-261
 @ ./src/index.js 3:0-29 4:49-52

ERROR in /Users/alexandremagno/projects/gitpay/frontend/src/components/design-library/molecules/tables/section-table/section-table-custom-fields/base/status-field/status-field.tsx
./src/components/design-library/molecules/tables/section-table/section-table-custom-fields/base/status-field/status-field.tsx 17:91-95
[tsl] ERROR in /Users/alexandremagno/projects/gitpay/frontend/src/components/design-library/molecules/tables/section-table/section-table-custom-fields/base/status-field/status-field.tsx(17,92)
      TS2339: Property 'paid' does not exist on type 'StyledComponent<Theme & MUIStyledCommonProps<Theme>, {}, {}>'.
 @ ./src/components/areas/private/features/payouts/payouts-table.tsx 5:0-131 16:62-73
 @ ./src/components/areas/private/features/payouts/payouts.tsx 41:0-43 95:32-44
 @ ./src/containers/payouts.ts 4:0-75 22:60-67
 @ ./src/components/areas/private/pages/private-page.tsx 23:0-62 56:95-111
 @ ./src/containers/profile.js 2:0-73 82:60-71
 @ ./src/main/routes.js 7:0-53 46:15-31
 @ ./src/main/app.js 21:0-30 69:255-261
 @ ./src/index.js 3:0-29 4:49-52

ERROR in /Users/alexandremagno/projects/gitpay/frontend/src/components/design-library/molecules/tables/section-table/section-table-custom-fields/base/status-field/status-field.tsx
./src/components/design-library/molecules/tables/section-table/section-table-custom-fields/base/status-field/status-field.tsx 18:106-113
[tsl] ERROR in /Users/alexandremagno/projects/gitpay/frontend/src/components/design-library/molecules/tables/section-table/section-table-custom-fields/base/status-field/status-field.tsx(18,107)
      TS2339: Property 'unknown' does not exist on type 'StyledComponent<Theme & MUIStyledCommonProps<Theme>, {}, {}>'.
 @ ./src/components/areas/private/features/payouts/payouts-table.tsx 5:0-131 16:62-73
 @ ./src/components/areas/private/features/payouts/payouts.tsx 41:0-43 95:32-44
 @ ./src/containers/payouts.ts 4:0-75 22:60-67
 @ ./src/components/areas/private/pages/private-page.tsx 23:0-62 56:95-111
 @ ./src/containers/profile.js 2:0-73 82:60-71
 @ ./src/main/routes.js 7:0-53 46:15-31
 @ ./src/main/app.js 21:0-30 69:255-261
 @ ./src/index.js 3:0-29 4:49-52

ERROR in /Users/alexandremagno/projects/gitpay/frontend/src/components/design-library/molecules/tables/section-table/section-table-custom-fields/issue/issue-status-field/issue-status-field.tsx
./src/components/design-library/molecules/tables/section-table/section-table-custom-fields/issue/issue-status-field/issue-status-field.tsx 6:18-28
[tsl] ERROR in /Users/alexandremagno/projects/gitpay/frontend/src/components/design-library/molecules/tables/section-table/section-table-custom-fields/issue/issue-status-field/issue-status-field.tsx(6,19)
      TS2304: Cannot find name 'makeStyles'.
 @ ./src/components/areas/public/features/task/task-list.tsx 104:0-149 107:58-74
 @ ./src/containers/task-list.js 3:0-74 46:60-68
 @ ./src/components/areas/public/features/task/task-explorer.js 20:0-68 240:39-56
 @ ./src/containers/task-explorer.js 3:0-82 25:60-72
 @ ./src/main/routes.js 11:0-55 21:42-54 25:42-54 102:46-58
 @ ./src/main/app.js 21:0-30 69:255-261
 @ ./src/index.js 3:0-29 4:49-52

ERROR in /Users/alexandremagno/projects/gitpay/frontend/src/components/design-library/molecules/tables/section-table/section-table-pagination-actions/section-table-pagination-actions.tsx
./src/components/design-library/molecules/tables/section-table/section-table-pagination-actions/section-table-pagination-actions.tsx 16:18-28
[tsl] ERROR in /Users/alexandremagno/projects/gitpay/frontend/src/components/design-library/molecules/tables/section-table/section-table-pagination-actions/section-table-pagination-actions.tsx(16,19)
      TS2304: Cannot find name 'makeStyles'.
 @ ./src/components/design-library/molecules/tables/section-table/section-table.tsx 15:0-105 169:275-297
 @ ./src/components/areas/public/features/task/task-list.tsx 97:0-87 318:36-48
 @ ./src/containers/task-list.js 3:0-74 46:60-68
 @ ./src/components/areas/public/features/task/task-explorer.js 20:0-68 240:39-56
 @ ./src/containers/task-explorer.js 3:0-82 25:60-72
 @ ./src/main/routes.js 11:0-55 21:42-54 25:42-54 102:46-58
 @ ./src/main/app.js 21:0-30 69:255-261
 @ ./src/index.js 3:0-29 4:49-52

ERROR in /Users/alexandremagno/projects/gitpay/frontend/src/components/design-library/molecules/tabs/base-tabs/base-tabs.tsx
./src/components/design-library/molecules/tabs/base-tabs/base-tabs.tsx 12:25-43:2
[tsl] ERROR in /Users/alexandremagno/projects/gitpay/frontend/src/components/design-library/molecules/tabs/base-tabs/base-tabs.tsx(12,26)
      TS2769: No overload matches this call.
  Overload 1 of 6, '(component: ComponentClass<{}, any>, options?: StyledOptions<MUIStyledCommonProps<Theme>> & MuiStyledOptions): CreateStyledComponent<...>', gave the following error.
    Argument of type '(theme: Theme) => { root: { flexGrow: number; backgroundColor: string; display: string; }; card: { width: string; marginBottom: number; padding: number; }; tabsVertical: { borderRight: string; width: number; alignItems: string; }; tabs: { ...; }; tab: { ...; }; tabPanel: { ...; }; tabPanelVertical: { ...; }; }' is not assignable to parameter of type 'ComponentClass<{}, any>'.
      Type '(theme: Theme) => { root: { flexGrow: number; backgroundColor: string; display: string; }; card: { width: string; marginBottom: number; padding: number; }; tabsVertical: { borderRight: string; width: number; alignItems: string; }; tabs: { ...; }; tab: { ...; }; tabPanel: { ...; }; tabPanelVertical: { ...; }; }' provides no match for the signature 'new (props: {}, deprecatedLegacyContext?: any): Component<{}, any, any>'.
  Overload 2 of 6, '(component: JSXElementConstructor<{}>, options?: StyledOptions<MUIStyledCommonProps<Theme>> & MuiStyledOptions): CreateStyledComponent<...>', gave the following error.
    Argument of type '(theme: Theme) => { root: { flexGrow: number; backgroundColor: string; display: string; }; card: { width: string; marginBottom: number; padding: number; }; tabsVertical: { borderRight: string; width: number; alignItems: string; }; tabs: { ...; }; tab: { ...; }; tabPanel: { ...; }; tabPanelVertical: { ...; }; }' is not assignable to parameter of type 'JSXElementConstructor<{}>'.
      Type '(theme: Theme) => { root: { flexGrow: number; backgroundColor: string; display: string; }; card: { width: string; marginBottom: number; padding: number; }; tabsVertical: { borderRight: string; width: number; alignItems: string; }; tabs: { ...; }; tab: { ...; }; tabPanel: { ...; }; tabPanelVertical: { ...; }; }' is not assignable to type '(props: {}, deprecatedLegacyContext?: any) => ReactNode'.
        Type '{ root: { flexGrow: number; backgroundColor: string; display: string; }; card: { width: string; marginBottom: number; padding: number; }; tabsVertical: { borderRight: string; width: number; alignItems: string; }; tabs: { ...; }; tab: { ...; }; tabPanel: { ...; }; tabPanelVertical: { ...; }; }' is not assignable to type 'ReactNode'.
  Overload 3 of 6, '(tag: keyof IntrinsicElements, options?: StyledOptions<MUIStyledCommonProps<Theme>> & MuiStyledOptions): CreateStyledComponent<...>', gave the following error.
    Argument of type '(theme: Theme) => { root: { flexGrow: number; backgroundColor: string; display: string; }; card: { width: string; marginBottom: number; padding: number; }; tabsVertical: { borderRight: string; width: number; alignItems: string; }; tabs: { ...; }; tab: { ...; }; tabPanel: { ...; }; tabPanelVertical: { ...; }; }' is not assignable to parameter of type 'keyof IntrinsicElements'.
 @ ./src/components/design-library/molecules/tabs/payout-settings-tabs/payout-settings-tabs.tsx 3:0-42 18:32-36
 @ ./src/components/design-library/pages/private/settings-pages/payout-settings/payout-settings.tsx 2:0-101 5:32-49
 @ ./src/components/areas/private/features/payout-settings/pages/payout-settings-page.tsx 4:0-105 11:28-42
 @ ./src/components/areas/private/pages/private-page.tsx 26:0-84 83:90-104
 @ ./src/containers/profile.js 2:0-73 82:60-71
 @ ./src/main/routes.js 7:0-53 46:15-31
 @ ./src/main/app.js 21:0-30 69:255-261
 @ ./src/index.js 3:0-29 4:49-52

ERROR in /Users/alexandremagno/projects/gitpay/frontend/src/components/design-library/molecules/tabs/base-tabs/base-tabs.tsx
./src/components/design-library/molecules/tabs/base-tabs/base-tabs.tsx 58:38-54
[tsl] ERROR in /Users/alexandremagno/projects/gitpay/frontend/src/components/design-library/molecules/tabs/base-tabs/base-tabs.tsx(58,39)
      TS2339: Property 'tabPanelVertical' does not exist on type 'StyledComponent<Pick<{}, never> & MUIStyledCommonProps<Theme>, {}, { ref?: Ref<Component<{}, any, any>>; }>'.
 @ ./src/components/design-library/molecules/tabs/payout-settings-tabs/payout-settings-tabs.tsx 3:0-42 18:32-36
 @ ./src/components/design-library/pages/private/settings-pages/payout-settings/payout-settings.tsx 2:0-101 5:32-49
 @ ./src/components/areas/private/features/payout-settings/pages/payout-settings-page.tsx 4:0-105 11:28-42
 @ ./src/components/areas/private/pages/private-page.tsx 26:0-84 83:90-104
 @ ./src/containers/profile.js 2:0-73 82:60-71
 @ ./src/main/routes.js 7:0-53 46:15-31
 @ ./src/main/app.js 21:0-30 69:255-261
 @ ./src/index.js 3:0-29 4:49-52

ERROR in /Users/alexandremagno/projects/gitpay/frontend/src/components/design-library/molecules/tabs/base-tabs/base-tabs.tsx
./src/components/design-library/molecules/tabs/base-tabs/base-tabs.tsx 58:65-73
[tsl] ERROR in /Users/alexandremagno/projects/gitpay/frontend/src/components/design-library/molecules/tabs/base-tabs/base-tabs.tsx(58,66)
      TS2339: Property 'tabPanel' does not exist on type 'StyledComponent<Pick<{}, never> & MUIStyledCommonProps<Theme>, {}, { ref?: Ref<Component<{}, any, any>>; }>'.
 @ ./src/components/design-library/molecules/tabs/payout-settings-tabs/payout-settings-tabs.tsx 3:0-42 18:32-36
 @ ./src/components/design-library/pages/private/settings-pages/payout-settings/payout-settings.tsx 2:0-101 5:32-49
 @ ./src/components/areas/private/features/payout-settings/pages/payout-settings-page.tsx 4:0-105 11:28-42
 @ ./src/components/areas/private/pages/private-page.tsx 26:0-84 83:90-104
 @ ./src/containers/profile.js 2:0-73 82:60-71
 @ ./src/main/routes.js 7:0-53 46:15-31
 @ ./src/main/app.js 21:0-30 69:255-261
 @ ./src/index.js 3:0-29 4:49-52

ERROR in /Users/alexandremagno/projects/gitpay/frontend/src/components/design-library/molecules/tabs/base-tabs/base-tabs.tsx
./src/components/design-library/molecules/tabs/base-tabs/base-tabs.tsx 61:45-49
[tsl] ERROR in /Users/alexandremagno/projects/gitpay/frontend/src/components/design-library/molecules/tabs/base-tabs/base-tabs.tsx(61,46)
      TS2339: Property 'card' does not exist on type 'StyledComponent<Pick<{}, never> & MUIStyledCommonProps<Theme>, {}, { ref?: Ref<Component<{}, any, any>>; }>'.
 @ ./src/components/design-library/molecules/tabs/payout-settings-tabs/payout-settings-tabs.tsx 3:0-42 18:32-36
 @ ./src/components/design-library/pages/private/settings-pages/payout-settings/payout-settings.tsx 2:0-101 5:32-49
 @ ./src/components/areas/private/features/payout-settings/pages/payout-settings-page.tsx 4:0-105 11:28-42
 @ ./src/components/areas/private/pages/private-page.tsx 26:0-84 83:90-104
 @ ./src/containers/profile.js 2:0-73 82:60-71
 @ ./src/main/routes.js 7:0-53 46:15-31
 @ ./src/main/app.js 21:0-30 69:255-261
 @ ./src/index.js 3:0-29 4:49-52

ERROR in /Users/alexandremagno/projects/gitpay/frontend/src/components/design-library/molecules/tabs/base-tabs/base-tabs.tsx
./src/components/design-library/molecules/tabs/base-tabs/base-tabs.tsx 120:41-45
[tsl] ERROR in /Users/alexandremagno/projects/gitpay/frontend/src/components/design-library/molecules/tabs/base-tabs/base-tabs.tsx(120,42)
      TS2339: Property 'root' does not exist on type 'StyledComponent<Pick<{}, never> & MUIStyledCommonProps<Theme>, {}, { ref?: Ref<Component<{}, any, any>>; }>'.
 @ ./src/components/design-library/molecules/tabs/payout-settings-tabs/payout-settings-tabs.tsx 3:0-42 18:32-36
 @ ./src/components/design-library/pages/private/settings-pages/payout-settings/payout-settings.tsx 2:0-101 5:32-49
 @ ./src/components/areas/private/features/payout-settings/pages/payout-settings-page.tsx 4:0-105 11:28-42
 @ ./src/components/areas/private/pages/private-page.tsx 26:0-84 83:90-104
 @ ./src/containers/profile.js 2:0-73 82:60-71
 @ ./src/main/routes.js 7:0-53 46:15-31
 @ ./src/main/app.js 21:0-30 69:255-261
 @ ./src/index.js 3:0-29 4:49-52

ERROR in /Users/alexandremagno/projects/gitpay/frontend/src/components/design-library/molecules/tabs/base-tabs/base-tabs.tsx
./src/components/design-library/molecules/tabs/base-tabs/base-tabs.tsx 127:40-52
[tsl] ERROR in /Users/alexandremagno/projects/gitpay/frontend/src/components/design-library/molecules/tabs/base-tabs/base-tabs.tsx(127,41)
      TS2339: Property 'tabsVertical' does not exist on type 'StyledComponent<Pick<{}, never> & MUIStyledCommonProps<Theme>, {}, { ref?: Ref<Component<{}, any, any>>; }>'.
 @ ./src/components/design-library/molecules/tabs/payout-settings-tabs/payout-settings-tabs.tsx 3:0-42 18:32-36
 @ ./src/components/design-library/pages/private/settings-pages/payout-settings/payout-settings.tsx 2:0-101 5:32-49
 @ ./src/components/areas/private/features/payout-settings/pages/payout-settings-page.tsx 4:0-105 11:28-42
 @ ./src/components/areas/private/pages/private-page.tsx 26:0-84 83:90-104
 @ ./src/containers/profile.js 2:0-73 82:60-71
 @ ./src/main/routes.js 7:0-53 46:15-31
 @ ./src/main/app.js 21:0-30 69:255-261
 @ ./src/index.js 3:0-29 4:49-52

ERROR in /Users/alexandremagno/projects/gitpay/frontend/src/components/design-library/molecules/tabs/base-tabs/base-tabs.tsx
./src/components/design-library/molecules/tabs/base-tabs/base-tabs.tsx 127:63-67
[tsl] ERROR in /Users/alexandremagno/projects/gitpay/frontend/src/components/design-library/molecules/tabs/base-tabs/base-tabs.tsx(127,64)
      TS2339: Property 'tabs' does not exist on type 'StyledComponent<Pick<{}, never> & MUIStyledCommonProps<Theme>, {}, { ref?: Ref<Component<{}, any, any>>; }>'.
 @ ./src/components/design-library/molecules/tabs/payout-settings-tabs/payout-settings-tabs.tsx 3:0-42 18:32-36
 @ ./src/components/design-library/pages/private/settings-pages/payout-settings/payout-settings.tsx 2:0-101 5:32-49
 @ ./src/components/areas/private/features/payout-settings/pages/payout-settings-page.tsx 4:0-105 11:28-42
 @ ./src/components/areas/private/pages/private-page.tsx 26:0-84 83:90-104
 @ ./src/containers/profile.js 2:0-73 82:60-71
 @ ./src/main/routes.js 7:0-53 46:15-31
 @ ./src/main/app.js 21:0-30 69:255-261
 @ ./src/index.js 3:0-29 4:49-52

ERROR in /Users/alexandremagno/projects/gitpay/frontend/src/components/design-library/organisms/forms/bank-account-forms/bank-account-form/bank-account-form.tsx
./src/components/design-library/organisms/forms/bank-account-forms/bank-account-form/bank-account-form.tsx 27:18-28
[tsl] ERROR in /Users/alexandremagno/projects/gitpay/frontend/src/components/design-library/organisms/forms/bank-account-forms/bank-account-form/bank-account-form.tsx(27,19)
      TS2304: Cannot find name 'makeStyles'.
 @ ./src/components/design-library/pages/private/settings-pages/payout-settings-bank-account-info/payout-settings-bank-account-info.tsx 2:0-113 5:32-47
 @ ./src/components/areas/private/features/payout-settings/pages/payout-settings-bank-account-info-page.tsx 49:0-156 80:28-57
 @ ./src/components/areas/private/features/payout-settings/pages/payout-settings-bank-account-page.tsx 16:0-89 33:55-88
 @ ./src/containers/account/payout-settings/payouts-settings-bank-account.ts 5:0-132 30:60-78
 @ ./src/components/areas/private/features/payout-settings/pages/payout-settings-page.tsx 5:0-132 15:107-141
 @ ./src/components/areas/private/pages/private-page.tsx 26:0-84 83:90-104
 @ ./src/containers/profile.js 2:0-73 82:60-71
 @ ./src/main/routes.js 7:0-53 46:15-31
 @ ./src/main/app.js 21:0-30 69:255-261
 @ ./src/index.js 3:0-29 4:49-52

ERROR in /Users/alexandremagno/projects/gitpay/frontend/src/components/design-library/organisms/forms/date-forms/delivery-date/delivery-date.tsx
./src/components/design-library/organisms/forms/date-forms/delivery-date/delivery-date.tsx 17:18-28
[tsl] ERROR in /Users/alexandremagno/projects/gitpay/frontend/src/components/design-library/organisms/forms/date-forms/delivery-date/delivery-date.tsx(17,19)
      TS2304: Cannot find name 'makeStyles'.
 @ ./src/components/design-library/molecules/drawers/offer-drawer/components/offer-drawer-create.tsx 6:0-94 32:28-40
 @ ./src/components/design-library/molecules/drawers/offer-drawer/offer-drawer.tsx 14:0-65 33:44-61
 @ ./src/components/areas/public/features/task/task.js 36:0-85 1294:43-54
 @ ./src/containers/task.js 2:0-65 137:60-64
 @ ./src/main/routes.js 9:0-47 139:15-28 143:15-28 147:15-28 151:15-28 155:15-28 159:15-28 163:15-28 167:15-28 171:15-28 175:15-28 179:15-28
 @ ./src/main/app.js 21:0-30 69:255-261
 @ ./src/index.js 3:0-29 4:49-52

ERROR in /Users/alexandremagno/projects/gitpay/frontend/src/components/design-library/organisms/forms/invoice-forms/invoice-payment/invoice-payment.tsx
./src/components/design-library/organisms/forms/invoice-forms/invoice-payment/invoice-payment.tsx 70:27-37
[tsl] ERROR in /Users/alexandremagno/projects/gitpay/frontend/src/components/design-library/organisms/forms/invoice-forms/invoice-payment/invoice-payment.tsx(70,28)
      TS2339: Property 'btnPayment' does not exist on type 'StyledComponent<Theme & MUIStyledCommonProps<Theme>, {}, {}>'.
 @ ./src/components/areas/public/features/task/payment/methods/invoice/payment-method-invoice-tab.tsx 41:0-106 77:32-46
 @ ./src/components/areas/public/features/task/task-payment-form.js 22:0-91 179:54-77
 @ ./src/components/areas/public/features/task/task.js 41:0-50 1057:80-95
 @ ./src/containers/task.js 2:0-65 137:60-64
 @ ./src/main/routes.js 9:0-47 139:15-28 143:15-28 147:15-28 151:15-28 155:15-28 159:15-28 163:15-28 167:15-28 171:15-28 175:15-28 179:15-28
 @ ./src/main/app.js 21:0-30 69:255-261
 @ ./src/index.js 3:0-29 4:49-52

ERROR in /Users/alexandremagno/projects/gitpay/frontend/src/components/design-library/organisms/forms/payment-request-forms/payment-request-form/payment-request-form.tsx
./src/components/design-library/organisms/forms/payment-request-forms/payment-request-form/payment-request-form.tsx 8:18-28
[tsl] ERROR in /Users/alexandremagno/projects/gitpay/frontend/src/components/design-library/organisms/forms/payment-request-forms/payment-request-form/payment-request-form.tsx(8,19)
      TS2304: Cannot find name 'makeStyles'.
 @ ./src/components/design-library/molecules/drawers/payment-request-drawer/payment-request-drawer.tsx 3:0-122 23:28-46
 @ ./src/components/areas/private/features/payment-requests/payment-requests.tsx 42:0-114 100:28-48
 @ ./src/containers/payment-requests.js 2:0-100 22:60-74
 @ ./src/components/areas/private/pages/private-page.tsx 21:0-78 53:104-127
 @ ./src/containers/profile.js 2:0-73 82:60-71
 @ ./src/main/routes.js 7:0-53 46:15-31
 @ ./src/main/app.js 21:0-30 69:255-261
 @ ./src/index.js 3:0-29 4:49-52

ERROR in /Users/alexandremagno/projects/gitpay/frontend/src/components/design-library/organisms/forms/payout-forms/payout-request-form/payout-request-form.tsx
./src/components/design-library/organisms/forms/payout-forms/payout-request-form/payout-request-form.tsx 9:18-28
[tsl] ERROR in /Users/alexandremagno/projects/gitpay/frontend/src/components/design-library/organisms/forms/payout-forms/payout-request-form/payout-request-form.tsx(9,19)
      TS2304: Cannot find name 'makeStyles'.
 @ ./src/components/design-library/molecules/drawers/payout-request-drawer/payout-request-drawer.tsx 3:0-110 35:28-45
 @ ./src/components/areas/private/features/payouts/payouts.tsx 46:0-111 94:40-59
 @ ./src/containers/payouts.ts 4:0-75 22:60-67
 @ ./src/components/areas/private/pages/private-page.tsx 23:0-62 56:95-111
 @ ./src/containers/profile.js 2:0-73 82:60-71
 @ ./src/main/routes.js 7:0-53 46:15-31
 @ ./src/main/app.js 21:0-30 69:255-261
 @ ./src/index.js 3:0-29 4:49-52

ERROR in /Users/alexandremagno/projects/gitpay/frontend/src/components/design-library/organisms/forms/price-forms/price-plan-form/price-plan.tsx
./src/components/design-library/organisms/forms/price-forms/price-plan-form/price-plan.tsx 12:18-28
[tsl] ERROR in /Users/alexandremagno/projects/gitpay/frontend/src/components/design-library/organisms/forms/price-forms/price-plan-form/price-plan.tsx(12,19)
      TS2304: Cannot find name 'makeStyles'.
 @ ./src/components/design-library/molecules/drawers/payment-drawer/payment-drawer.tsx 6:0-88 31:28-37
 @ ./src/components/areas/public/features/task/task-payment-form.js 19:0-91 123:46-59
 @ ./src/components/areas/public/features/task/task.js 41:0-50 1057:80-95
 @ ./src/containers/task.js 2:0-65 137:60-64
 @ ./src/main/routes.js 9:0-47 139:15-28 143:15-28 147:15-28 151:15-28 155:15-28 159:15-28 163:15-28 167:15-28 171:15-28 175:15-28 179:15-28
 @ ./src/main/app.js 21:0-30 69:255-261
 @ ./src/index.js 3:0-29 4:49-52

ERROR in /Users/alexandremagno/projects/gitpay/frontend/src/components/design-library/organisms/forms/price-forms/price-plan-form/price-plan.tsx
./src/components/design-library/organisms/forms/price-forms/price-plan-form/price-plan.tsx 46:11-19
[tsl] ERROR in /Users/alexandremagno/projects/gitpay/frontend/src/components/design-library/organisms/forms/price-forms/price-plan-form/price-plan.tsx(46,12)
      TS2741: Property 'classes' is missing in type '{ plan: any; }' but required in type 'PlanProps'.
 @ ./src/components/design-library/molecules/drawers/payment-drawer/payment-drawer.tsx 6:0-88 31:28-37
 @ ./src/components/areas/public/features/task/task-payment-form.js 19:0-91 123:46-59
 @ ./src/components/areas/public/features/task/task.js 41:0-50 1057:80-95
 @ ./src/containers/task.js 2:0-65 137:60-64
 @ ./src/main/routes.js 9:0-47 139:15-28 143:15-28 147:15-28 151:15-28 155:15-28 159:15-28 163:15-28 167:15-28 171:15-28 175:15-28 179:15-28
 @ ./src/main/app.js 21:0-30 69:255-261
 @ ./src/index.js 3:0-29 4:49-52

ERROR in /Users/alexandremagno/projects/gitpay/frontend/src/components/design-library/organisms/layouts/account-header/account-header.tsx
./src/components/design-library/organisms/layouts/account-header/account-header.tsx 8:17-22
[tsl] ERROR in /Users/alexandremagno/projects/gitpay/frontend/src/components/design-library/organisms/layouts/account-header/account-header.tsx(8,18)
      TS2305: Module '"@mui/styles"' has no exported member 'Theme'.
 @ ./src/components/design-library/templates/base/private-base/private-base.tsx 16:0-85 63:40-53
 @ ./src/components/areas/private/pages/private-page.tsx 14:0-82 36:32-43
 @ ./src/containers/profile.js 2:0-73 82:60-71
 @ ./src/main/routes.js 7:0-53 46:15-31
 @ ./src/main/app.js 21:0-30 69:255-261
 @ ./src/index.js 3:0-29 4:49-52

ERROR in /Users/alexandremagno/projects/gitpay/frontend/src/components/design-library/organisms/layouts/account-header/account-header.tsx
./src/components/design-library/organisms/layouts/account-header/account-header.tsx 78:18-27
[tsl] ERROR in /Users/alexandremagno/projects/gitpay/frontend/src/components/design-library/organisms/layouts/account-header/account-header.tsx(78,19)
      TS2554: Expected 1-2 arguments, but got 0.
 @ ./src/components/design-library/templates/base/private-base/private-base.tsx 16:0-85 63:40-53
 @ ./src/components/areas/private/pages/private-page.tsx 14:0-82 36:32-43
 @ ./src/containers/profile.js 2:0-73 82:60-71
 @ ./src/main/routes.js 7:0-53 46:15-31
 @ ./src/main/app.js 21:0-30 69:255-261
 @ ./src/index.js 3:0-29 4:49-52

ERROR in /Users/alexandremagno/projects/gitpay/frontend/src/components/design-library/organisms/layouts/account-header/account-header.tsx
./src/components/design-library/organisms/layouts/account-header/account-header.tsx 93:28-37
[tsl] ERROR in /Users/alexandremagno/projects/gitpay/frontend/src/components/design-library/organisms/layouts/account-header/account-header.tsx(93,29)
      TS2339: Property 'container' does not exist on type 'StyledComponent<any>'.
 @ ./src/components/design-library/templates/base/private-base/private-base.tsx 16:0-85 63:40-53
 @ ./src/components/areas/private/pages/private-page.tsx 14:0-82 36:32-43
 @ ./src/containers/profile.js 2:0-73 82:60-71
 @ ./src/main/routes.js 7:0-53 46:15-31
 @ ./src/main/app.js 21:0-30 69:255-261
 @ ./src/index.js 3:0-29 4:49-52

ERROR in /Users/alexandremagno/projects/gitpay/frontend/src/components/design-library/organisms/layouts/account-header/account-header.tsx
./src/components/design-library/organisms/layouts/account-header/account-header.tsx 95:57-64
[tsl] ERROR in /Users/alexandremagno/projects/gitpay/frontend/src/components/design-library/organisms/layouts/account-header/account-header.tsx(95,58)
      TS2339: Property 'wrapper' does not exist on type 'StyledComponent<any>'.
 @ ./src/components/design-library/templates/base/private-base/private-base.tsx 16:0-85 63:40-53
 @ ./src/components/areas/private/pages/private-page.tsx 14:0-82 36:32-43
 @ ./src/containers/profile.js 2:0-73 82:60-71
 @ ./src/main/routes.js 7:0-53 46:15-31
 @ ./src/main/app.js 21:0-30 69:255-261
 @ ./src/index.js 3:0-29 4:49-52

ERROR in /Users/alexandremagno/projects/gitpay/frontend/src/components/design-library/organisms/layouts/account-header/account-header.tsx
./src/components/design-library/organisms/layouts/account-header/account-header.tsx 96:34-39
[tsl] ERROR in /Users/alexandremagno/projects/gitpay/frontend/src/components/design-library/organisms/layouts/account-header/account-header.tsx(96,35)
      TS2339: Property 'inner' does not exist on type 'StyledComponent<any>'.
 @ ./src/components/design-library/templates/base/private-base/private-base.tsx 16:0-85 63:40-53
 @ ./src/components/areas/private/pages/private-page.tsx 14:0-82 36:32-43
 @ ./src/containers/profile.js 2:0-73 82:60-71
 @ ./src/main/routes.js 7:0-53 46:15-31
 @ ./src/main/app.js 21:0-30 69:255-261
 @ ./src/index.js 3:0-29 4:49-52

ERROR in /Users/alexandremagno/projects/gitpay/frontend/src/components/design-library/organisms/layouts/account-header/account-header.tsx
./src/components/design-library/organisms/layouts/account-header/account-header.tsx 104:38-51
[tsl] ERROR in /Users/alexandremagno/projects/gitpay/frontend/src/components/design-library/organisms/layouts/account-header/account-header.tsx(104,39)
      TS2339: Property 'actionButtons' does not exist on type 'StyledComponent<any>'.
 @ ./src/components/design-library/templates/base/private-base/private-base.tsx 16:0-85 63:40-53
 @ ./src/components/areas/private/pages/private-page.tsx 14:0-82 36:32-43
 @ ./src/containers/profile.js 2:0-73 82:60-71
 @ ./src/main/routes.js 7:0-53 46:15-31
 @ ./src/main/app.js 21:0-30 69:255-261
 @ ./src/index.js 3:0-29 4:49-52

ERROR in /Users/alexandremagno/projects/gitpay/frontend/src/components/design-library/organisms/layouts/account-header/account-header.tsx
./src/components/design-library/organisms/layouts/account-header/account-header.tsx 126:34-41
[tsl] ERROR in /Users/alexandremagno/projects/gitpay/frontend/src/components/design-library/organisms/layouts/account-header/account-header.tsx(126,35)
      TS2339: Property 'account' does not exist on type 'StyledComponent<any>'.
 @ ./src/components/design-library/templates/base/private-base/private-base.tsx 16:0-85 63:40-53
 @ ./src/components/areas/private/pages/private-page.tsx 14:0-82 36:32-43
 @ ./src/containers/profile.js 2:0-73 82:60-71
 @ ./src/main/routes.js 7:0-53 46:15-31
 @ ./src/main/app.js 21:0-30 69:255-261
 @ ./src/index.js 3:0-29 4:49-52

ERROR in /Users/alexandremagno/projects/gitpay/frontend/src/components/design-library/organisms/layouts/bottom-bar/bottom.tsx
./src/components/design-library/organisms/layouts/bottom-bar/bottom.tsx 60:24-30
[tsl] ERROR in /Users/alexandremagno/projects/gitpay/frontend/src/components/design-library/organisms/layouts/bottom-bar/bottom.tsx(60,25)
      TS2769: No overload matches this call.
  Overload 1 of 2, '(props: { component: "a"; } & ListItemOwnProps & CommonProps & Omit<Omit<DetailedHTMLProps<AnchorHTMLAttributes<HTMLAnchorElement>, HTMLAnchorElement>, "ref"> & { ...; }, "children" | ... 15 more ... | "secondaryAction">): Element', gave the following error.
    Type '{ children: Element; button: true; component: "a"; }' is not assignable to type 'IntrinsicAttributes & { component: "a"; } & ListItemOwnProps & CommonProps & Omit<Omit<DetailedHTMLProps<AnchorHTMLAttributes<HTMLAnchorElement>, HTMLAnchorElement>, "ref"> & { ...; }, "children" | ... 15 more ... | "secondaryAction">'.
      Property 'button' does not exist on type 'IntrinsicAttributes & { component: "a"; } & ListItemOwnProps & CommonProps & Omit<Omit<DetailedHTMLProps<AnchorHTMLAttributes<HTMLAnchorElement>, HTMLAnchorElement>, "ref"> & { ...; }, "children" | ... 15 more ... | "secondaryAction">'.
  Overload 2 of 2, '(props: DefaultComponentProps<ListItemTypeMap<{}, "li">>): Element', gave the following error.
    Type '{ children: Element; button: true; component: string; }' is not assignable to type 'IntrinsicAttributes & ListItemOwnProps & CommonProps & Omit<Omit<DetailedHTMLProps<LiHTMLAttributes<HTMLLIElement>, HTMLLIElement>, "ref"> & { ...; }, "children" | ... 15 more ... | "secondaryAction">'.
      Property 'button' does not exist on type 'IntrinsicAttributes & ListItemOwnProps & CommonProps & Omit<Omit<DetailedHTMLProps<LiHTMLAttributes<HTMLLIElement>, HTMLLIElement>, "ref"> & { ...; }, "children" | ... 15 more ... | "secondaryAction">'.
 @ ./src/components/areas/public/features/stats/Stats-main-page.js 26:0-72 56:45-51
 @ ./src/main/routes.js 16:0-78 183:15-20
 @ ./src/main/app.js 21:0-30 69:255-261
 @ ./src/index.js 3:0-29 4:49-52

ERROR in /Users/alexandremagno/projects/gitpay/frontend/src/components/design-library/organisms/layouts/bottom-bar/bottom.tsx
./src/components/design-library/organisms/layouts/bottom-bar/bottom.tsx 73:24-30
[tsl] ERROR in /Users/alexandremagno/projects/gitpay/frontend/src/components/design-library/organisms/layouts/bottom-bar/bottom.tsx(73,25)
      TS2769: No overload matches this call.
  Overload 1 of 2, '(props: { component: "a"; } & ListItemOwnProps & CommonProps & Omit<Omit<DetailedHTMLProps<AnchorHTMLAttributes<HTMLAnchorElement>, HTMLAnchorElement>, "ref"> & { ...; }, "children" | ... 15 more ... | "secondaryAction">): Element', gave the following error.
    Type '{ children: Element; button: true; component: "a"; }' is not assignable to type 'IntrinsicAttributes & { component: "a"; } & ListItemOwnProps & CommonProps & Omit<Omit<DetailedHTMLProps<AnchorHTMLAttributes<HTMLAnchorElement>, HTMLAnchorElement>, "ref"> & { ...; }, "children" | ... 15 more ... | "secondaryAction">'.
      Property 'button' does not exist on type 'IntrinsicAttributes & { component: "a"; } & ListItemOwnProps & CommonProps & Omit<Omit<DetailedHTMLProps<AnchorHTMLAttributes<HTMLAnchorElement>, HTMLAnchorElement>, "ref"> & { ...; }, "children" | ... 15 more ... | "secondaryAction">'.
  Overload 2 of 2, '(props: DefaultComponentProps<ListItemTypeMap<{}, "li">>): Element', gave the following error.
    Type '{ children: Element; button: true; component: string; }' is not assignable to type 'IntrinsicAttributes & ListItemOwnProps & CommonProps & Omit<Omit<DetailedHTMLProps<LiHTMLAttributes<HTMLLIElement>, HTMLLIElement>, "ref"> & { ...; }, "children" | ... 15 more ... | "secondaryAction">'.
      Property 'button' does not exist on type 'IntrinsicAttributes & ListItemOwnProps & CommonProps & Omit<Omit<DetailedHTMLProps<LiHTMLAttributes<HTMLLIElement>, HTMLLIElement>, "ref"> & { ...; }, "children" | ... 15 more ... | "secondaryAction">'.
 @ ./src/components/areas/public/features/stats/Stats-main-page.js 26:0-72 56:45-51
 @ ./src/main/routes.js 16:0-78 183:15-20
 @ ./src/main/app.js 21:0-30 69:255-261
 @ ./src/index.js 3:0-29 4:49-52

ERROR in /Users/alexandremagno/projects/gitpay/frontend/src/components/design-library/organisms/layouts/bottom-bar/bottom.tsx
./src/components/design-library/organisms/layouts/bottom-bar/bottom.tsx 86:24-30
[tsl] ERROR in /Users/alexandremagno/projects/gitpay/frontend/src/components/design-library/organisms/layouts/bottom-bar/bottom.tsx(86,25)
      TS2769: No overload matches this call.
  Overload 1 of 2, '(props: { component: "a"; } & ListItemOwnProps & CommonProps & Omit<Omit<DetailedHTMLProps<AnchorHTMLAttributes<HTMLAnchorElement>, HTMLAnchorElement>, "ref"> & { ...; }, "children" | ... 15 more ... | "secondaryAction">): Element', gave the following error.
    Type '{ children: Element; button: true; component: "a"; }' is not assignable to type 'IntrinsicAttributes & { component: "a"; } & ListItemOwnProps & CommonProps & Omit<Omit<DetailedHTMLProps<AnchorHTMLAttributes<HTMLAnchorElement>, HTMLAnchorElement>, "ref"> & { ...; }, "children" | ... 15 more ... | "secondaryAction">'.
      Property 'button' does not exist on type 'IntrinsicAttributes & { component: "a"; } & ListItemOwnProps & CommonProps & Omit<Omit<DetailedHTMLProps<AnchorHTMLAttributes<HTMLAnchorElement>, HTMLAnchorElement>, "ref"> & { ...; }, "children" | ... 15 more ... | "secondaryAction">'.
  Overload 2 of 2, '(props: DefaultComponentProps<ListItemTypeMap<{}, "li">>): Element', gave the following error.
    Type '{ children: Element; button: true; component: string; }' is not assignable to type 'IntrinsicAttributes & ListItemOwnProps & CommonProps & Omit<Omit<DetailedHTMLProps<LiHTMLAttributes<HTMLLIElement>, HTMLLIElement>, "ref"> & { ...; }, "children" | ... 15 more ... | "secondaryAction">'.
      Property 'button' does not exist on type 'IntrinsicAttributes & ListItemOwnProps & CommonProps & Omit<Omit<DetailedHTMLProps<LiHTMLAttributes<HTMLLIElement>, HTMLLIElement>, "ref"> & { ...; }, "children" | ... 15 more ... | "secondaryAction">'.
 @ ./src/components/areas/public/features/stats/Stats-main-page.js 26:0-72 56:45-51
 @ ./src/main/routes.js 16:0-78 183:15-20
 @ ./src/main/app.js 21:0-30 69:255-261
 @ ./src/index.js 3:0-29 4:49-52

ERROR in /Users/alexandremagno/projects/gitpay/frontend/src/components/design-library/organisms/layouts/bottom-bar/bottom.tsx
./src/components/design-library/organisms/layouts/bottom-bar/bottom.tsx 99:24-30
[tsl] ERROR in /Users/alexandremagno/projects/gitpay/frontend/src/components/design-library/organisms/layouts/bottom-bar/bottom.tsx(99,25)
      TS2769: No overload matches this call.
  Overload 1 of 2, '(props: { component: "a"; } & ListItemOwnProps & CommonProps & Omit<Omit<DetailedHTMLProps<AnchorHTMLAttributes<HTMLAnchorElement>, HTMLAnchorElement>, "ref"> & { ...; }, "children" | ... 15 more ... | "secondaryAction">): Element', gave the following error.
    Type '{ children: Element; button: true; component: "a"; }' is not assignable to type 'IntrinsicAttributes & { component: "a"; } & ListItemOwnProps & CommonProps & Omit<Omit<DetailedHTMLProps<AnchorHTMLAttributes<HTMLAnchorElement>, HTMLAnchorElement>, "ref"> & { ...; }, "children" | ... 15 more ... | "secondaryAction">'.
      Property 'button' does not exist on type 'IntrinsicAttributes & { component: "a"; } & ListItemOwnProps & CommonProps & Omit<Omit<DetailedHTMLProps<AnchorHTMLAttributes<HTMLAnchorElement>, HTMLAnchorElement>, "ref"> & { ...; }, "children" | ... 15 more ... | "secondaryAction">'.
  Overload 2 of 2, '(props: DefaultComponentProps<ListItemTypeMap<{}, "li">>): Element', gave the following error.
    Type '{ children: Element; button: true; component: string; }' is not assignable to type 'IntrinsicAttributes & ListItemOwnProps & CommonProps & Omit<Omit<DetailedHTMLProps<LiHTMLAttributes<HTMLLIElement>, HTMLLIElement>, "ref"> & { ...; }, "children" | ... 15 more ... | "secondaryAction">'.
      Property 'button' does not exist on type 'IntrinsicAttributes & ListItemOwnProps & CommonProps & Omit<Omit<DetailedHTMLProps<LiHTMLAttributes<HTMLLIElement>, HTMLLIElement>, "ref"> & { ...; }, "children" | ... 15 more ... | "secondaryAction">'.
 @ ./src/components/areas/public/features/stats/Stats-main-page.js 26:0-72 56:45-51
 @ ./src/main/routes.js 16:0-78 183:15-20
 @ ./src/main/app.js 21:0-30 69:255-261
 @ ./src/index.js 3:0-29 4:49-52

ERROR in /Users/alexandremagno/projects/gitpay/frontend/src/components/design-library/organisms/layouts/bottom-bar/bottom.tsx
./src/components/design-library/organisms/layouts/bottom-bar/bottom.tsx 112:24-30
[tsl] ERROR in /Users/alexandremagno/projects/gitpay/frontend/src/components/design-library/organisms/layouts/bottom-bar/bottom.tsx(112,25)
      TS2769: No overload matches this call.
  Overload 1 of 2, '(props: { component: "a"; } & ListItemOwnProps & CommonProps & Omit<Omit<DetailedHTMLProps<AnchorHTMLAttributes<HTMLAnchorElement>, HTMLAnchorElement>, "ref"> & { ...; }, "children" | ... 15 more ... | "secondaryAction">): Element', gave the following error.
    Type '{ children: Element; button: true; component: "a"; }' is not assignable to type 'IntrinsicAttributes & { component: "a"; } & ListItemOwnProps & CommonProps & Omit<Omit<DetailedHTMLProps<AnchorHTMLAttributes<HTMLAnchorElement>, HTMLAnchorElement>, "ref"> & { ...; }, "children" | ... 15 more ... | "secondaryAction">'.
      Property 'button' does not exist on type 'IntrinsicAttributes & { component: "a"; } & ListItemOwnProps & CommonProps & Omit<Omit<DetailedHTMLProps<AnchorHTMLAttributes<HTMLAnchorElement>, HTMLAnchorElement>, "ref"> & { ...; }, "children" | ... 15 more ... | "secondaryAction">'.
  Overload 2 of 2, '(props: DefaultComponentProps<ListItemTypeMap<{}, "li">>): Element', gave the following error.
    Type '{ children: Element; button: true; component: string; }' is not assignable to type 'IntrinsicAttributes & ListItemOwnProps & CommonProps & Omit<Omit<DetailedHTMLProps<LiHTMLAttributes<HTMLLIElement>, HTMLLIElement>, "ref"> & { ...; }, "children" | ... 15 more ... | "secondaryAction">'.
      Property 'button' does not exist on type 'IntrinsicAttributes & ListItemOwnProps & CommonProps & Omit<Omit<DetailedHTMLProps<LiHTMLAttributes<HTMLLIElement>, HTMLLIElement>, "ref"> & { ...; }, "children" | ... 15 more ... | "secondaryAction">'.
 @ ./src/components/areas/public/features/stats/Stats-main-page.js 26:0-72 56:45-51
 @ ./src/main/routes.js 16:0-78 183:15-20
 @ ./src/main/app.js 21:0-30 69:255-261
 @ ./src/index.js 3:0-29 4:49-52

ERROR in /Users/alexandremagno/projects/gitpay/frontend/src/components/design-library/organisms/layouts/issue-content/issue-content.tsx
./src/components/design-library/organisms/layouts/issue-content/issue-content.tsx 11:18-28
[tsl] ERROR in /Users/alexandremagno/projects/gitpay/frontend/src/components/design-library/organisms/layouts/issue-content/issue-content.tsx(11,19)
      TS2304: Cannot find name 'makeStyles'.
 @ ./src/components/areas/public/features/task/task.js 48:0-88 1047:42-54
 @ ./src/containers/task.js 2:0-65 137:60-64
 @ ./src/main/routes.js 9:0-47 139:15-28 143:15-28 147:15-28 151:15-28 155:15-28 159:15-28 163:15-28 167:15-28 171:15-28 175:15-28 179:15-28
 @ ./src/main/app.js 21:0-30 69:255-261
 @ ./src/index.js 3:0-29 4:49-52

ERROR in /Users/alexandremagno/projects/gitpay/frontend/src/components/design-library/pages/public/home/home.tsx
./src/components/design-library/pages/public/home/home.tsx 42:27-34
[tsl] ERROR in /Users/alexandremagno/projects/gitpay/frontend/src/components/design-library/pages/public/home/home.tsx(42,28)
      TS2339: Property 'palette' does not exist on type 'DefaultTheme'.
 @ ./src/components/areas/public/features/welcome/pages/home-page.tsx 13:0-57 17:32-36
 @ ./src/containers/home.js 1:0-79 3:36-40
 @ ./src/main/routes.js 5:0-47 39:8-21
 @ ./src/main/app.js 21:0-30 69:255-261
 @ ./src/index.js 3:0-29 4:49-52

242 errors have detailed information that is not shown.
Use 'stats.errorDetails: true' resp. '--stats-error-details' to show it.

webpack 5.99.9 compiled with 249 errors in 62910 ms